Archive member included to satisfy reference by file (symbol)

C:\Users\hp\AppData\Local\Temp\VMBuilds\FTU_SY~1\mkr1000\Debug/core.a(cortex_handlers.c.o)
                              (Reset_Handler)
C:\Users\hp\AppData\Local\Temp\VMBuilds\FTU_SY~1\mkr1000\Debug/core.a(delay.c.o)
                              C:\Users\hp\AppData\Local\Temp\VMBuilds\FTU_system_code\mkr1000\Debug\FTU_system_code.cpp.o (delay)
C:\Users\hp\AppData\Local\Temp\VMBuilds\FTU_SY~1\mkr1000\Debug/core.a(hooks.c.o)
                              C:\Users\hp\AppData\Local\Temp\VMBuilds\FTU_SY~1\mkr1000\Debug/core.a(delay.c.o) (yield)
C:\Users\hp\AppData\Local\Temp\VMBuilds\FTU_SY~1\mkr1000\Debug/core.a(startup.c.o)
                              C:\Users\hp\AppData\Local\Temp\VMBuilds\FTU_SY~1\mkr1000\Debug/core.a(cortex_handlers.c.o) (SystemInit)
C:\Users\hp\AppData\Local\Temp\VMBuilds\FTU_SY~1\mkr1000\Debug/core.a(wiring.c.o)
                              C:\Users\hp\AppData\Local\Temp\VMBuilds\FTU_SY~1\mkr1000\Debug/core.a(startup.c.o) (SystemCoreClock)
C:\Users\hp\AppData\Local\Temp\VMBuilds\FTU_SY~1\mkr1000\Debug/core.a(wiring_analog.c.o)
                              C:\Users\hp\AppData\Local\Temp\VMBuilds\FTU_system_code\mkr1000\Debug\FTU_system_code.cpp.o (analogReadResolution)
C:\Users\hp\AppData\Local\Temp\VMBuilds\FTU_SY~1\mkr1000\Debug/core.a(wiring_digital.c.o)
                              C:\Users\hp\AppData\Local\Temp\VMBuilds\FTU_system_code\mkr1000\Debug\FTU_system_code.cpp.o (pinMode)
C:\Users\hp\AppData\Local\Temp\VMBuilds\FTU_SY~1\mkr1000\Debug/core.a(wiring_private.c.o)
                              C:\Users\hp\AppData\Local\Temp\VMBuilds\FTU_system_code\mkr1000\Debug\SPI\SPI.cpp.o (pinPeripheral)
C:\Users\hp\AppData\Local\Temp\VMBuilds\FTU_SY~1\mkr1000\Debug/core.a(main.cpp.o)
                              c:/users/hp/appdata/local/arduin~1/packages/arduino/tools/arm-no~1/7-2017q4/bin/../lib/gcc/arm-none-eabi/7.2.1/../../../../arm-none-eabi/lib/thumb/v6-m/crt0.o (main)
C:\Users\hp\AppData\Local\Temp\VMBuilds\FTU_SY~1\mkr1000\Debug/core.a(Print.cpp.o)
                              C:\Users\hp\AppData\Local\Temp\VMBuilds\FTU_system_code\mkr1000\Debug\FTU_system_code.cpp.o (Print::println(String const&))
C:\Users\hp\AppData\Local\Temp\VMBuilds\FTU_SY~1\mkr1000\Debug/core.a(Reset.cpp.o)
                              C:\Users\hp\AppData\Local\Temp\VMBuilds\FTU_SY~1\mkr1000\Debug/core.a(delay.c.o) (tickReset)
C:\Users\hp\AppData\Local\Temp\VMBuilds\FTU_SY~1\mkr1000\Debug/core.a(SERCOM.cpp.o)
                              C:\Users\hp\AppData\Local\Temp\VMBCore\arduino16x\b134bebc6982d6b2989adcccb7b06d2f\variant\variant.cpp.o (SERCOM::SERCOM(Sercom*))
C:\Users\hp\AppData\Local\Temp\VMBuilds\FTU_SY~1\mkr1000\Debug/core.a(Stream.cpp.o)
                              C:\Users\hp\AppData\Local\Temp\VMBuilds\FTU_system_code\mkr1000\Debug\FTU_system_code.cpp.o (Stream::readStringUntil(char))
C:\Users\hp\AppData\Local\Temp\VMBuilds\FTU_SY~1\mkr1000\Debug/core.a(Uart.cpp.o)
                              C:\Users\hp\AppData\Local\Temp\VMBCore\arduino16x\b134bebc6982d6b2989adcccb7b06d2f\variant\variant.cpp.o (Uart::Uart(SERCOM*, unsigned char, unsigned char, SercomRXPad, SercomUartTXPad))
C:\Users\hp\AppData\Local\Temp\VMBuilds\FTU_SY~1\mkr1000\Debug/core.a(WString.cpp.o)
                              C:\Users\hp\AppData\Local\Temp\VMBuilds\FTU_system_code\mkr1000\Debug\FTU_system_code.cpp.o (String::~String())
C:\Users\hp\AppData\Local\Temp\VMBuilds\FTU_SY~1\mkr1000\Debug/core.a(CDC.cpp.o)
                              C:\Users\hp\AppData\Local\Temp\VMBuilds\FTU_system_code\mkr1000\Debug\FTU_system_code.cpp.o (Serial_::available())
C:\Users\hp\AppData\Local\Temp\VMBuilds\FTU_SY~1\mkr1000\Debug/core.a(PluggableUSB.cpp.o)
                              C:\Users\hp\AppData\Local\Temp\VMBuilds\FTU_SY~1\mkr1000\Debug/core.a(CDC.cpp.o) (PluggableUSB_::plug(PluggableUSBModule*))
C:\Users\hp\AppData\Local\Temp\VMBuilds\FTU_SY~1\mkr1000\Debug/core.a(USBCore.cpp.o)
                              C:\Users\hp\AppData\Local\Temp\VMBuilds\FTU_SY~1\mkr1000\Debug/core.a(CDC.cpp.o) (usbd)
C:\Users\hp\AppData\Local\Temp\VMBuilds\FTU_SY~1\mkr1000\Debug/core.a(itoa.c.o)
                              C:\Users\hp\AppData\Local\Temp\VMBuilds\FTU_SY~1\mkr1000\Debug/core.a(WString.cpp.o) (ltoa)
C:\Users\hp\AppData\Local\Temp\VMBuilds\FTU_SY~1\mkr1000\Debug/core.a(dtostrf.c.o)
                              C:\Users\hp\AppData\Local\Temp\VMBuilds\FTU_SY~1\mkr1000\Debug/core.a(WString.cpp.o) (dtostrf)
C:\Users\hp\AppData\Local\Temp\VMBuilds\FTU_SY~1\mkr1000\Debug/core.a(abi.cpp.o)
                              C:\Users\hp\AppData\Local\Temp\VMBuilds\FTU_SY~1\mkr1000\Debug/core.a(Print.cpp.o) (__cxa_pure_virtual)
C:\Users\hp\AppData\Local\Temp\VMBuilds\FTU_SY~1\mkr1000\Debug/core.a(new.cpp.o)
                              C:\Users\hp\AppData\Local\Temp\VMBuilds\FTU_SY~1\mkr1000\Debug/core.a(USBCore.cpp.o) (operator new(unsigned int))
[...]
Memory Configuration

Name             Origin             Length             Attributes
FLASH            0x00002000         0x0003e000         xr
RAM              0x20000000         0x00008000         xrw
*default*        0x00000000         0xffffffff

Linker script and memory map

LOAD c:/users/hp/appdata/local/arduin~1/packages/arduino/tools/arm-no~1/7-2017q4/bin/../lib/gcc/arm-none-eabi/7.2.1/thumb/v6-m/crti.o
LOAD c:/users/hp/appdata/local/arduin~1/packages/arduino/tools/arm-no~1/7-2017q4/bin/../lib/gcc/arm-none-eabi/7.2.1/thumb/v6-m/crtbegin.o
LOAD c:/users/hp/appdata/local/arduin~1/packages/arduino/tools/arm-no~1/7-2017q4/bin/../lib/gcc/arm-none-eabi/7.2.1/../../../../arm-none-eabi/lib/thumb/v6-m/crt0.o
LOAD C:\Users\hp\AppData\Local\Temp\VMBuilds\FTU_system_code\mkr1000\Debug\FTU_system_code.cpp.o
LOAD C:\Users\hp\AppData\Local\Temp\VMBuilds\FTU_system_code\mkr1000\Debug\SPI\SPI.cpp.o
LOAD C:\Users\hp\AppData\Local\Temp\VMBCore\arduino16x\b134bebc6982d6b2989adcccb7b06d2f\variant\variant.cpp.o
START GROUP
LOAD C:\Users\hp\AppData\Local\ARDUIN~1\packages\arduino\tools\CMSIS\4583DE~1.0/CMSIS/Lib/GCC/\libarm_cortexM0l_math.a
LOAD C:\Users\hp\AppData\Local\Temp\VMBuilds\FTU_SY~1\mkr1000\Debug/core.a
END GROUP
LOAD c:/users/hp/appdata/local/arduin~1/packages/arduino/tools/arm-no~1/7-2017q4/bin/../lib/gcc/arm-none-eabi/7.2.1/../../../../arm-none-eabi/lib/thumb/v6-m\libstdc++_nano.a
LOAD c:/users/hp/appdata/local/arduin~1/packages/arduino/tools/arm-no~1/7-2017q4/bin/../lib/gcc/arm-none-eabi/7.2.1/../../../../arm-none-eabi/lib/thumb/v6-m\libm.a
START GROUP
LOAD c:/users/hp/appdata/local/arduin~1/packages/arduino/tools/arm-no~1/7-2017q4/bin/../lib/gcc/arm-none-eabi/7.2.1/thumb/v6-m\libgcc.a
LOAD c:/users/hp/appdata/local/arduin~1/packages/arduino/tools/arm-no~1/7-2017q4/bin/../lib/gcc/arm-none-eabi/7.2.1/../../../../arm-none-eabi/lib/thumb/v6-m\libc_nano.a
END GROUP
START GROUP
LOAD c:/users/hp/appdata/local/arduin~1/packages/arduino/tools/arm-no~1/7-2017q4/bin/../lib/gcc/arm-none-eabi/7.2.1/thumb/v6-m\libgcc.a
LOAD c:/users/hp/appdata/local/arduin~1/packages/arduino/tools/arm-no~1/7-2017q4/bin/../lib/gcc/arm-none-eabi/7.2.1/../../../../arm-none-eabi/lib/thumb/v6-m\libc_nano.a
LOAD c:/users/hp/appdata/local/arduin~1/packages/arduino/tools/arm-no~1/7-2017q4/bin/../lib/gcc/arm-none-eabi/7.2.1/../../../../arm-none-eabi/lib/thumb/v6-m\libnosys.a
END GROUP
START GROUP
LOAD c:/users/hp/appdata/local/arduin~1/packages/arduino/tools/arm-no~1/7-2017q4/bin/../lib/gcc/arm-none-eabi/7.2.1/thumb/v6-m\libgcc.a
LOAD c:/users/hp/appdata/local/arduin~1/packages/arduino/tools/arm-no~1/7-2017q4/bin/../lib/gcc/arm-none-eabi/7.2.1/../../../../arm-none-eabi/lib/thumb/v6-m\libc_nano.a
LOAD c:/users/hp/appdata/local/arduin~1/packages/arduino/tools/arm-no~1/7-2017q4/bin/../lib/gcc/arm-none-eabi/7.2.1/../../../../arm-none-eabi/lib/thumb/v6-m\libnosys.a
END GROUP
LOAD c:/users/hp/appdata/local/arduin~1/packages/arduino/tools/arm-no~1/7-2017q4/bin/../lib/gcc/arm-none-eabi/7.2.1/thumb/v6-m/crtend.o
LOAD c:/users/hp/appdata/local/arduin~1/packages/arduino/tools/arm-no~1/7-2017q4/bin/../lib/gcc/arm-none-eabi/7.2.1/thumb/v6-m/crtn.o

.text           0x00002000     0xa034
                0x00002000                __text_start__ = .
 *(.sketch_boot)
                0x00002000                . = ALIGN (0x2000)
 *(.isr_vector)
 .isr_vector    0x00002000       0xb4 C:\Users\hp\AppData\Local\Temp\VMBuilds\FTU_SY~1\mkr1000\Debug/core.a(cortex_handlers.c.o)
                0x00002000                exception_table
 *(.text*)
 .text          0x000020b4       0x48 c:/users/hp/appdata/local/arduin~1/packages/arduino/tools/arm-no~1/7-2017q4/bin/../lib/gcc/arm-none-eabi/7.2.1/thumb/v6-m/crtbegin.o
 .text._ZN18ArduinoJson6161_1117BasicJsonDocumentINS_16DefaultAllocatorEED2Ev
                0x000020fc       0x12 C:\Users\hp\AppData\Local\Temp\VMBuilds\FTU_system_code\mkr1000\Debug\FTU_system_code.cpp.o
                0x000020fc                ArduinoJson6161_11::BasicJsonDocument<ArduinoJson6161_11::DefaultAllocator>::~BasicJsonDocument()
                0x000020fc                ArduinoJson6161_11::BasicJsonDocument<ArduinoJson6161_11::DefaultAllocator>::~BasicJsonDocument()
 .text._ZN18ArduinoJson6161_1111VariantSlot4nextEv
                0x0000210e       0x10 C:\Users\hp\AppData\Local\Temp\VMBuilds\FTU_system_code\mkr1000\Debug\FTU_system_code.cpp.o
                0x0000210e                ArduinoJson6161_11::VariantSlot::next()
 .text._ZN18ArduinoJson6161_1111safe_strcmpEPKcS1_
                0x0000211e       0x22 C:\Users\hp\AppData\Local\Temp\VMBuilds\FTU_system_code\mkr1000\Debug\FTU_system_code.cpp.o
                0x0000211e                ArduinoJson6161_11::safe_strcmp(char const*, char const*)
 .text._ZNK18ArduinoJson6161_1114CollectionData7getSlotINS_21ConstRamStringAdapterEEEPNS_11VariantSlotET_.isra.38
                0x00002140       0x20 C:\Users\hp\AppData\Local\Temp\VMBuilds\FTU_system_code\mkr1000\Debug\FTU_system_code.cpp.o
 .text._ZN18ArduinoJson6161_1115variantSetFloatEPNS_11VariantDataEf
                0x00002160       0x1c C:\Users\hp\AppData\Local\Temp\VMBuilds\FTU_system_code\mkr1000\Debug\FTU_system_code.cpp.o
                0x00002160                ArduinoJson6161_11::variantSetFloat(ArduinoJson6161_11::VariantData*, float)
 .text._ZN18ArduinoJson6161_1114CollectionData7addSlotEPNS_10MemoryPoolE
                0x0000217c       0x34 C:\Users\hp\AppData\Local\Temp\VMBuilds\FTU_system_code\mkr1000\Debug\FTU_system_code.cpp.o
                0x0000217c                ArduinoJson6161_11::CollectionData::addSlot(ArduinoJson6161_11::MemoryPool*)
 .text._ZNK18ArduinoJson6161_118ArrayRef10addElementEv
                0x000021b0       0x18 C:\Users\hp\AppData\Local\Temp\VMBuilds\FTU_system_code\mkr1000\Debug\FTU_system_code.cpp.o
                0x000021b0                ArduinoJson6161_11::ArrayRef::addElement() const
 .text._ZN18ArduinoJson6161_1114CollectionData10removeSlotEPNS_11VariantSlotE
                0x000021c8       0x3e C:\Users\hp\AppData\Local\Temp\VMBuilds\FTU_system_code\mkr1000\Debug\FTU_system_code.cpp.o
                0x000021c8                ArduinoJson6161_11::CollectionData::removeSlot(ArduinoJson6161_11::VariantSlot*)
 *fill*         0x00002206        0x2 
 .text._Z15raise_mcu_error6String
                0x00002208       0x38 C:\Users\hp\AppData\Local\Temp\VMBuilds\FTU_system_code\mkr1000\Debug\FTU_system_code.cpp.o
                0x00002208                raise_mcu_error(String)
 .text._Z9pin_setupv
                0x00002240       0xc8 C:\Users\hp\AppData\Local\Temp\VMBuilds\FTU_system_code\mkr1000\Debug\FTU_system_code.cpp.o
                0x00002240                pin_setup()
 .text._Z17adc_register_readh
                0x00002308       0x60 C:\Users\hp\AppData\Local\Temp\VMBuilds\FTU_system_code\mkr1000\Debug\FTU_system_code.cpp.o
                0x00002308                adc_register_read(unsigned char)
 .text._Z9adc_dratev
                0x00002368        0xe C:\Users\hp\AppData\Local\Temp\VMBuilds\FTU_system_code\mkr1000\Debug\FTU_system_code.cpp.o
                0x00002368                adc_drate()
 *fill*         0x00002376        0x2 
 .text._Z22adc_initial_delay_timev
                0x00002378       0x24 C:\Users\hp\AppData\Local\Temp\VMBuilds\FTU_system_code\mkr1000\Debug\FTU_system_code.cpp.o
                0x00002378                adc_initial_delay_time()
 .text._Z18adc_ovf_status_bith
                0x0000239c        0x6 C:\Users\hp\AppData\Local\Temp\VMBuilds\FTU_system_code\mkr1000\Debug\FTU_system_code.cpp.o
                0x0000239c                adc_ovf_status_bit(unsigned char)
 .text._Z21adc_supply_status_bith
                0x000023a2        0x6 C:\Users\hp\AppData\Local\Temp\VMBuilds\FTU_system_code\mkr1000\Debug\FTU_system_code.cpp.o
                0x000023a2                adc_supply_status_bit(unsigned char)
 .text._Z18adc_register_writehh
                0x000023a8       0x60 C:\Users\hp\AppData\Local\Temp\VMBuilds\FTU_system_code\mkr1000\Debug\FTU_system_code.cpp.o
                0x000023a8                adc_register_write(unsigned char, unsigned char)
 .text._Z16adc_send_commandh
                0x00002408       0x54 C:\Users\hp\AppData\Local\Temp\VMBuilds\FTU_system_code\mkr1000\Debug\FTU_system_code.cpp.o
                0x00002408                adc_send_command(unsigned char)
 .text._Z32adc_channel_read_register_formatv
                0x0000245c       0x84 C:\Users\hp\AppData\Local\Temp\VMBuilds\FTU_system_code\mkr1000\Debug\FTU_system_code.cpp.o
                0x0000245c                adc_channel_read_register_format()
 .text._Z14count_set_bitsi
                0x000024e0       0x12 C:\Users\hp\AppData\Local\Temp\VMBuilds\FTU_system_code\mkr1000\Debug\FTU_system_code.cpp.o
                0x000024e0                count_set_bits(int)
 *fill*         0x000024f2        0x2 
 .text._Z13adc_auto_scanPt
                0x000024f4       0xd0 C:\Users\hp\AppData\Local\Temp\VMBuilds\FTU_system_code\mkr1000\Debug\FTU_system_code.cpp.o
                0x000024f4                adc_auto_scan(unsigned short*)
 .text._Z22twos_complement_to_intii
                0x000025c4       0xac C:\Users\hp\AppData\Local\Temp\VMBuilds\FTU_system_code\mkr1000\Debug\FTU_system_code.cpp.o
                0x000025c4                twos_complement_to_int(int, int)
 .text._Z6adc_mvidd
                0x00002670       0x7c C:\Users\hp\AppData\Local\Temp\VMBuilds\FTU_system_code\mkr1000\Debug\FTU_system_code.cpp.o
                0x00002670                adc_mv(int, double, double)
 .text._Z17adc_array_convertPtPd
                0x000026ec      0x110 C:\Users\hp\AppData\Local\Temp\VMBuilds\FTU_system_code\mkr1000\Debug\FTU_system_code.cpp.o
                0x000026ec                adc_array_convert(unsigned short*, double*)
 .text._Z20millivolt_to_celciusf
                0x000027fc       0xa4 C:\Users\hp\AppData\Local\Temp\VMBuilds\FTU_system_code\mkr1000\Debug\FTU_system_code.cpp.o
                0x000027fc                millivolt_to_celcius(float)
 .text._Z24millivolts_to_milliTeslad
                0x000028a0       0x74 C:\Users\hp\AppData\Local\Temp\VMBuilds\FTU_system_code\mkr1000\Debug\FTU_system_code.cpp.o
                0x000028a0                millivolts_to_milliTesla(double)
 .text._Z9adc_setupv
                0x00002914      0x100 C:\Users\hp\AppData\Local\Temp\VMBuilds\FTU_system_code\mkr1000\Debug\FTU_system_code.cpp.o
                0x00002914                adc_setup()
 .text._Z11clock_setupv
                0x00002a14       0x54 C:\Users\hp\AppData\Local\Temp\VMBuilds\FTU_system_code\mkr1000\Debug\FTU_system_code.cpp.o
                0x00002a14                clock_setup()
 .text._Z8init_tc4v
                0x00002a68       0x54 C:\Users\hp\AppData\Local\Temp\VMBuilds\FTU_system_code\mkr1000\Debug\FTU_system_code.cpp.o
                0x00002a68                init_tc4()
 .text._Z8init_tc5v
                0x00002abc       0x60 C:\Users\hp\AppData\Local\Temp\VMBuilds\FTU_system_code\mkr1000\Debug\FTU_system_code.cpp.o
                0x00002abc                init_tc5()
 .text._Z8init_tc3v
                0x00002b1c       0x78 C:\Users\hp\AppData\Local\Temp\VMBuilds\FTU_system_code\mkr1000\Debug\FTU_system_code.cpp.o
                0x00002b1c                init_tc3()
 .text.TC4_Handler
                0x00002b94       0x20 C:\Users\hp\AppData\Local\Temp\VMBuilds\FTU_system_code\mkr1000\Debug\FTU_system_code.cpp.o
                0x00002b94                TC4_Handler
 .text.TC5_Handler
                0x00002bb4       0x2c C:\Users\hp\AppData\Local\Temp\VMBuilds\FTU_system_code\mkr1000\Debug\FTU_system_code.cpp.o
                0x00002bb4                TC5_Handler
 .text.TC3_Handler
                0x00002be0       0x28 C:\Users\hp\AppData\Local\Temp\VMBuilds\FTU_system_code\mkr1000\Debug\FTU_system_code.cpp.o
                0x00002be0                TC3_Handler
 .text._Z21heater_fsm_transitioniii
                0x00002c08       0x60 C:\Users\hp\AppData\Local\Temp\VMBuilds\FTU_system_code\mkr1000\Debug\FTU_system_code.cpp.o
                0x00002c08                heater_fsm_transition(int, int, int)
 .text._Z14heater_fsm_runiii
                0x00002c68       0x80 C:\Users\hp\AppData\Local\Temp\VMBuilds\FTU_system_code\mkr1000\Debug\FTU_system_code.cpp.o
                0x00002c68                heater_fsm_run(int, int, int)
 .text._Z16magnetic_fsm_runii
                0x00002ce8       0x3c C:\Users\hp\AppData\Local\Temp\VMBuilds\FTU_system_code\mkr1000\Debug\FTU_system_code.cpp.o
                0x00002ce8                magnetic_fsm_run(int, int)
 .text._Z21system_fsm_transitioniii
                0x00002d24       0x2e C:\Users\hp\AppData\Local\Temp\VMBuilds\FTU_system_code\mkr1000\Debug\FTU_system_code.cpp.o
                0x00002d24                system_fsm_transition(int, int, int)
 .text._ZNK18ArduinoJson6161_1114CollectionData9getMemberINS_21ConstRamStringAdapterEEEPNS_11VariantDataET_
                0x00002d52        0xa C:\Users\hp\AppData\Local\Temp\VMBuilds\FTU_system_code\mkr1000\Debug\FTU_system_code.cpp.o
                0x00002d52                ArduinoJson6161_11::VariantData* ArduinoJson6161_11::CollectionData::getMember<ArduinoJson6161_11::ConstRamStringAdapter>(ArduinoJson6161_11::ConstRamStringAdapter) const
 .text._ZN18ArduinoJson6161_1117variantSetIntegerIiEEbPNS_11VariantDataET_
                0x00002d5c       0x2c C:\Users\hp\AppData\Local\Temp\VMBuilds\FTU_system_code\mkr1000\Debug\FTU_system_code.cpp.o
                0x00002d5c                bool ArduinoJson6161_11::variantSetInteger<int>(ArduinoJson6161_11::VariantData*, int)
 .text._ZNK18ArduinoJson6161_1111VariantData9getMemberINS_21ConstRamStringAdapterEEEPS0_T_
                0x00002d88       0x16 C:\Users\hp\AppData\Local\Temp\VMBuilds\FTU_system_code\mkr1000\Debug\FTU_system_code.cpp.o
                0x00002d88                ArduinoJson6161_11::VariantData* ArduinoJson6161_11::VariantData::getMember<ArduinoJson6161_11::ConstRamStringAdapter>(ArduinoJson6161_11::ConstRamStringAdapter) const
 .text._ZN18ArduinoJson6161_1115objectGetMemberINS_21ConstRamStringAdapterEEEPNS_11VariantDataEPKNS_14CollectionDataET_
                0x00002d9e        0xc C:\Users\hp\AppData\Local\Temp\VMBuilds\FTU_system_code\mkr1000\Debug\FTU_system_code.cpp.o
                0x00002d9e                ArduinoJson6161_11::VariantData* ArduinoJson6161_11::objectGetMember<ArduinoJson6161_11::ConstRamStringAdapter>(ArduinoJson6161_11::CollectionData const*, ArduinoJson6161_11::ConstRamStringAdapter)
 .text._ZN18ArduinoJson6161_1116JsonDeserializerINS_6ReaderIPcvEENS_11StringMoverEE7currentEv
                0x00002daa       0x18 C:\Users\hp\AppData\Local\Temp\VMBuilds\FTU_system_code\mkr1000\Debug\FTU_system_code.cpp.o
                0x00002daa                ArduinoJson6161_11::JsonDeserializer<ArduinoJson6161_11::Reader<char*, void>, ArduinoJson6161_11::StringMover>::current()
 .text._ZN18ArduinoJson6161_1116JsonDeserializerINS_6ReaderIPcvEENS_11StringMoverEE21skipSpacesAndCommentsEv
                0x00002dc2       0x30 C:\Users\hp\AppData\Local\Temp\VMBuilds\FTU_system_code\mkr1000\Debug\FTU_system_code.cpp.o
                0x00002dc2                ArduinoJson6161_11::JsonDeserializer<ArduinoJson6161_11::Reader<char*, void>, ArduinoJson6161_11::StringMover>::skipSpacesAndComments()
 .text._ZN18ArduinoJson6161_1116JsonDeserializerINS_6ReaderIPcvEENS_11StringMoverEE3eatEc
                0x00002df2       0x18 C:\Users\hp\AppData\Local\Temp\VMBuilds\FTU_system_code\mkr1000\Debug\FTU_system_code.cpp.o
                0x00002df2                ArduinoJson6161_11::JsonDeserializer<ArduinoJson6161_11::Reader<char*, void>, ArduinoJson6161_11::StringMover>::eat(char)
 .text._ZN18ArduinoJson6161_1116JsonDeserializerINS_6ReaderIPcvEENS_11StringMoverEE22canBeInNonQuotedStringEc
                0x00002e0a       0x38 C:\Users\hp\AppData\Local\Temp\VMBuilds\FTU_system_code\mkr1000\Debug\FTU_system_code.cpp.o
                0x00002e0a                ArduinoJson6161_11::JsonDeserializer<ArduinoJson6161_11::Reader<char*, void>, ArduinoJson6161_11::StringMover>::canBeInNonQuotedString(char)
 .text._ZNK18ArduinoJson6161_1111VariantData6acceptINS_8ComparerIivEEEEvRT_
                0x00002e42       0x98 C:\Users\hp\AppData\Local\Temp\VMBuilds\FTU_system_code\mkr1000\Debug\FTU_system_code.cpp.o
                0x00002e42                void ArduinoJson6161_11::VariantData::accept<ArduinoJson6161_11::Comparer<int, void> >(ArduinoJson6161_11::Comparer<int, void>&) const
 .text._ZN18ArduinoJson6161_11eqIiEENS_9enable_ifIXntsrNS_11IsVisitableIT_EE5valueEbE4typeENS_11MemberProxyINS_9ObjectRefEPKcEERKS3_.isra.70.constprop.76
                0x00002eda       0x2e C:\Users\hp\AppData\Local\Temp\VMBuilds\FTU_system_code\mkr1000\Debug\FTU_system_code.cpp.o
 .text._ZN18ArduinoJson6161_1110MemoryPool10saveStringINS_20ArduinoStringAdapterEEEPKcRKT_
                0x00002f08       0x6a C:\Users\hp\AppData\Local\Temp\VMBuilds\FTU_system_code\mkr1000\Debug\FTU_system_code.cpp.o
                0x00002f08                char const* ArduinoJson6161_11::MemoryPool::saveString<ArduinoJson6161_11::ArduinoStringAdapter>(ArduinoJson6161_11::ArduinoStringAdapter const&)
 .text._ZN18ArduinoJson6161_1111VariantData14getOrAddMemberINS_20ArduinoStringAdapterEEEPS0_T_PNS_10MemoryPoolE
                0x00002f72       0x84 C:\Users\hp\AppData\Local\Temp\VMBuilds\FTU_system_code\mkr1000\Debug\FTU_system_code.cpp.o
                0x00002f72                ArduinoJson6161_11::VariantData* ArduinoJson6161_11::VariantData::getOrAddMember<ArduinoJson6161_11::ArduinoStringAdapter>(ArduinoJson6161_11::ArduinoStringAdapter, ArduinoJson6161_11::MemoryPool*)
 .text._ZN18ArduinoJson6161_1112JsonDocument17createNestedArrayI6StringEENS_8ArrayRefERKT_
                0x00002ff6       0x32 C:\Users\hp\AppData\Local\Temp\VMBuilds\FTU_system_code\mkr1000\Debug\FTU_system_code.cpp.o
                0x00002ff6                ArduinoJson6161_11::ArrayRef ArduinoJson6161_11::JsonDocument::createNestedArray<String>(String const&)
 .text._Z15update_json_docibbb6StringPdfffi
                0x00003028      0x398 C:\Users\hp\AppData\Local\Temp\VMBuilds\FTU_system_code\mkr1000\Debug\FTU_system_code.cpp.o
                0x00003028                update_json_doc(int, bool, bool, bool, String, double*, float, float, float, int)
 .text._ZN18ArduinoJson6161_114Utf815encodeCodepointINS_11StringMoverEEEvmRT_
                0x000033c0       0x82 C:\Users\hp\AppData\Local\Temp\VMBuilds\FTU_system_code\mkr1000\Debug\FTU_system_code.cpp.o
                0x000033c0                void ArduinoJson6161_11::Utf8::encodeCodepoint<ArduinoJson6161_11::StringMover>(unsigned long, ArduinoJson6161_11::StringMover&)
 *fill*         0x00003442        0x2 
 .text._ZN18ArduinoJson6161_1116JsonDeserializerINS_6ReaderIPcvEENS_11StringMoverEE17parseQuotedStringEv
                0x00003444       0xe8 C:\Users\hp\AppData\Local\Temp\VMBuilds\FTU_system_code\mkr1000\Debug\FTU_system_code.cpp.o
                0x00003444                ArduinoJson6161_11::JsonDeserializer<ArduinoJson6161_11::Reader<char*, void>, ArduinoJson6161_11::StringMover>::parseQuotedString()
 .text._ZN18ArduinoJson6161_1116JsonDeserializerINS_6ReaderIPcvEENS_11StringMoverEE8parseKeyEv
                0x0000352c       0x5e C:\Users\hp\AppData\Local\Temp\VMBuilds\FTU_system_code\mkr1000\Debug\FTU_system_code.cpp.o
                0x0000352c                ArduinoJson6161_11::JsonDeserializer<ArduinoJson6161_11::Reader<char*, void>, ArduinoJson6161_11::StringMover>::parseKey()
 *fill*         0x0000358a        0x2 
 .text._ZN18ArduinoJson6161_1111FloatTraitsIfLj4EE10make_floatIiEEffT_
                0x0000358c       0x4c C:\Users\hp\AppData\Local\Temp\VMBuilds\FTU_system_code\mkr1000\Debug\FTU_system_code.cpp.o
                0x0000358c                float ArduinoJson6161_11::FloatTraits<float, 4u>::make_float<int>(float, int)
 .text._ZN18ArduinoJson6161_1111parseNumberIfmEEvPKcRNS_12ParsedNumberIT_T0_EE
                0x000035d8      0x14c C:\Users\hp\AppData\Local\Temp\VMBuilds\FTU_system_code\mkr1000\Debug\FTU_system_code.cpp.o
                0x000035d8                void ArduinoJson6161_11::parseNumber<float, unsigned long>(char const*, ArduinoJson6161_11::ParsedNumber<float, unsigned long>&)
 .text._ZN18ArduinoJson6161_1116JsonDeserializerINS_6ReaderIPcvEENS_11StringMoverEE17parseNumericValueERNS_11VariantDataE
                0x00003724       0xd6 C:\Users\hp\AppData\Local\Temp\VMBuilds\FTU_system_code\mkr1000\Debug\FTU_system_code.cpp.o
                0x00003724                ArduinoJson6161_11::JsonDeserializer<ArduinoJson6161_11::Reader<char*, void>, ArduinoJson6161_11::StringMover>::parseNumericValue(ArduinoJson6161_11::VariantData&)
 .text._ZN18ArduinoJson6161_1116JsonDeserializerINS_6ReaderIPcvEENS_11StringMoverEE12parseVariantINS_14AllowAllFilterEEEbRNS_11VariantDataET_NS_12NestingLimitE
                0x000037fa      0x104 C:\Users\hp\AppData\Local\Temp\VMBuilds\FTU_system_code\mkr1000\Debug\FTU_system_code.cpp.o
                0x000037fa                bool ArduinoJson6161_11::JsonDeserializer<ArduinoJson6161_11::Reader<char*, void>, ArduinoJson6161_11::StringMover>::parseVariant<ArduinoJson6161_11::AllowAllFilter>(ArduinoJson6161_11::VariantData&, ArduinoJson6161_11::AllowAllFilter, ArduinoJson6161_11::NestingLimit)
 .text._ZN18ArduinoJson6161_1116JsonDeserializerINS_6ReaderIPcvEENS_11StringMoverEE11parseObjectINS_14AllowAllFilterEEEbRNS_14CollectionDataET_NS_12NestingLimitE
                0x000038fe       0xc4 C:\Users\hp\AppData\Local\Temp\VMBuilds\FTU_system_code\mkr1000\Debug\FTU_system_code.cpp.o
                0x000038fe                bool ArduinoJson6161_11::JsonDeserializer<ArduinoJson6161_11::Reader<char*, void>, ArduinoJson6161_11::StringMover>::parseObject<ArduinoJson6161_11::AllowAllFilter>(ArduinoJson6161_11::CollectionData&, ArduinoJson6161_11::AllowAllFilter, ArduinoJson6161_11::NestingLimit)
 .text._ZN18ArduinoJson6161_119variantAsIfEENS_9enable_ifIXsrNS_17is_floating_pointIT_EE5valueES3_E4typeEPKNS_11VariantDataE
                0x000039c2       0x68 C:\Users\hp\AppData\Local\Temp\VMBuilds\FTU_system_code\mkr1000\Debug\FTU_system_code.cpp.o
                0x000039c2                ArduinoJson6161_11::enable_if<ArduinoJson6161_11::is_floating_point<float>::value, float>::type ArduinoJson6161_11::variantAs<float>(ArduinoJson6161_11::VariantData const*)
 *fill*         0x00003a2a        0x2 
 .text._ZN18ArduinoJson6161_1111parseNumberIfjEEvPKcRNS_12ParsedNumberIT_T0_EE
                0x00003a2c      0x14c C:\Users\hp\AppData\Local\Temp\VMBuilds\FTU_system_code\mkr1000\Debug\FTU_system_code.cpp.o
                0x00003a2c                void ArduinoJson6161_11::parseNumber<float, unsigned int>(char const*, ArduinoJson6161_11::ParsedNumber<float, unsigned int>&)
 .text._ZN18ArduinoJson6161_119variantAsIiEENS_9enable_ifIXaasrNS_11is_integralIT_EE5valuentsrNS_7is_sameIbS3_EE5valueES3_E4typeEPKNS_11VariantDataE
                0x00003b78       0x98 C:\Users\hp\AppData\Local\Temp\VMBuilds\FTU_system_code\mkr1000\Debug\FTU_system_code.cpp.o
                0x00003b78                ArduinoJson6161_11::enable_if<ArduinoJson6161_11::is_integral<int>::value&&(!ArduinoJson6161_11::is_same<bool, int>::value), int>::type ArduinoJson6161_11::variantAs<int>(ArduinoJson6161_11::VariantData const*)
 .text._ZN18ArduinoJson6161_116WriterI7Serial_vE5writeEPKhj
                0x00003c10        0xc C:\Users\hp\AppData\Local\Temp\VMBuilds\FTU_system_code\mkr1000\Debug\FTU_system_code.cpp.o
                0x00003c10                ArduinoJson6161_11::Writer<Serial_, void>::write(unsigned char const*, unsigned int)
 .text._ZN18ArduinoJson6161_1113TextFormatterINS_6WriterI7Serial_vEEE8writeRawEPKc
                0x00003c1c       0x1e C:\Users\hp\AppData\Local\Temp\VMBuilds\FTU_system_code\mkr1000\Debug\FTU_system_code.cpp.o
                0x00003c1c                ArduinoJson6161_11::TextFormatter<ArduinoJson6161_11::Writer<Serial_, void> >::writeRaw(char const*)
 .text._ZN18ArduinoJson6161_1113TextFormatterINS_6WriterI7Serial_vEEE8writeRawEc
                0x00003c3a       0x14 C:\Users\hp\AppData\Local\Temp\VMBuilds\FTU_system_code\mkr1000\Debug\FTU_system_code.cpp.o
                0x00003c3a                ArduinoJson6161_11::TextFormatter<ArduinoJson6161_11::Writer<Serial_, void> >::writeRaw(char)
 *fill*         0x00003c4e        0x2 
 .text._ZN18ArduinoJson6161_1113TextFormatterINS_6WriterI7Serial_vEEE11writeStringEPKc
                0x00003c50       0x44 C:\Users\hp\AppData\Local\Temp\VMBuilds\FTU_system_code\mkr1000\Debug\FTU_system_code.cpp.o
                0x00003c50                ArduinoJson6161_11::TextFormatter<ArduinoJson6161_11::Writer<Serial_, void> >::writeString(char const*)
 .text._ZN18ArduinoJson6161_1110FloatPartsIfEC2Ef
                0x00003c94      0x188 C:\Users\hp\AppData\Local\Temp\VMBuilds\FTU_system_code\mkr1000\Debug\FTU_system_code.cpp.o
                0x00003c94                ArduinoJson6161_11::FloatParts<float>::FloatParts(float)
                0x00003c94                ArduinoJson6161_11::FloatParts<float>::FloatParts(float)
 .text._ZN18ArduinoJson6161_1113TextFormatterINS_6WriterI7Serial_vEEE8writeRawEPKcS6_
                0x00003e1c       0x12 C:\Users\hp\AppData\Local\Temp\VMBuilds\FTU_system_code\mkr1000\Debug\FTU_system_code.cpp.o
                0x00003e1c                ArduinoJson6161_11::TextFormatter<ArduinoJson6161_11::Writer<Serial_, void> >::writeRaw(char const*, char const*)
 .text._ZN18ArduinoJson6161_1113TextFormatterINS_6WriterI7Serial_vEEE20writePositiveIntegerImEEvT_
                0x00003e2e       0x3a C:\Users\hp\AppData\Local\Temp\VMBuilds\FTU_system_code\mkr1000\Debug\FTU_system_code.cpp.o
                0x00003e2e                void ArduinoJson6161_11::TextFormatter<ArduinoJson6161_11::Writer<Serial_, void> >::writePositiveInteger<unsigned long>(unsigned long)
 .text._ZN18ArduinoJson6161_1113TextFormatterINS_6WriterI7Serial_vEEE10writeFloatIfEEvT_
                0x00003e68      0x158 C:\Users\hp\AppData\Local\Temp\VMBuilds\FTU_system_code\mkr1000\Debug\FTU_system_code.cpp.o
                0x00003e68                void ArduinoJson6161_11::TextFormatter<ArduinoJson6161_11::Writer<Serial_, void> >::writeFloat<float>(float)
 .text._ZNK18ArduinoJson6161_1111VariantData6acceptINS_14JsonSerializerINS_6WriterI7Serial_vEEEEEEvRT_
                0x00003fc0      0x104 C:\Users\hp\AppData\Local\Temp\VMBuilds\FTU_system_code\mkr1000\Debug\FTU_system_code.cpp.o
                0x00003fc0                void ArduinoJson6161_11::VariantData::accept<ArduinoJson6161_11::JsonSerializer<ArduinoJson6161_11::Writer<Serial_, void> > >(ArduinoJson6161_11::JsonSerializer<ArduinoJson6161_11::Writer<Serial_, void> >&) const
 .text.startup._GLOBAL__sub_I_test_time_count
                0x000040c4       0x60 C:\Users\hp\AppData\Local\Temp\VMBuilds\FTU_system_code\mkr1000\Debug\FTU_system_code.cpp.o
 .text._Z25receive_test_instructionsv
                0x00004124      0x338 C:\Users\hp\AppData\Local\Temp\VMBuilds\FTU_system_code\mkr1000\Debug\FTU_system_code.cpp.o
                0x00004124                receive_test_instructions()
 .text.setup    0x0000445c       0x7c C:\Users\hp\AppData\Local\Temp\VMBuilds\FTU_system_code\mkr1000\Debug\FTU_system_code.cpp.o
                0x0000445c                setup
 .text._Z19send_data_to_serialv
                0x000044d8       0x48 C:\Users\hp\AppData\Local\Temp\VMBuilds\FTU_system_code\mkr1000\Debug\FTU_system_code.cpp.o
                0x000044d8                send_data_to_serial()
 .text._Z14system_fsm_runi
                0x00004520      0x21c C:\Users\hp\AppData\Local\Temp\VMBuilds\FTU_system_code\mkr1000\Debug\FTU_system_code.cpp.o
                0x00004520                system_fsm_run(int)
 .text.loop     0x0000473c       0x2c C:\Users\hp\AppData\Local\Temp\VMBuilds\FTU_system_code\mkr1000\Debug\FTU_system_code.cpp.o
                0x0000473c                loop
 .text._ZN8SPIClass4initEv
                0x00004768       0x12 C:\Users\hp\AppData\Local\Temp\VMBuilds\FTU_system_code\mkr1000\Debug\SPI\SPI.cpp.o
                0x00004768                SPIClass::init()
 .text._ZN8SPIClass6configE11SPISettings
                0x0000477a       0x4e C:\Users\hp\AppData\Local\Temp\VMBuilds\FTU_system_code\mkr1000\Debug\SPI\SPI.cpp.o
                0x0000477a                SPIClass::config(SPISettings)
 .text._ZN8SPIClass5beginEv
                0x000047c8       0x50 C:\Users\hp\AppData\Local\Temp\VMBuilds\FTU_system_code\mkr1000\Debug\SPI\SPI.cpp.o
                0x000047c8                SPIClass::begin()
 .text._ZN8SPIClass16beginTransactionE11SPISettings
                0x00004818       0x38 C:\Users\hp\AppData\Local\Temp\VMBuilds\FTU_system_code\mkr1000\Debug\SPI\SPI.cpp.o
                0x00004818                SPIClass::beginTransaction(SPISettings)
 .text._ZN8SPIClass14endTransactionEv
                0x00004850       0x28 C:\Users\hp\AppData\Local\Temp\VMBuilds\FTU_system_code\mkr1000\Debug\SPI\SPI.cpp.o
                0x00004850                SPIClass::endTransaction()
 .text._ZN8SPIClass8transferEh
                0x00004878        0xa C:\Users\hp\AppData\Local\Temp\VMBuilds\FTU_system_code\mkr1000\Debug\SPI\SPI.cpp.o
                0x00004878                SPIClass::transfer(unsigned char)
 *fill*         0x00004882        0x2 
 .text.startup._GLOBAL__sub_I__ZN8SPIClassC2EP6SERCOMhhh14SercomSpiTXPad11SercomRXPad
                0x00004884       0x64 C:\Users\hp\AppData\Local\Temp\VMBuilds\FTU_system_code\mkr1000\Debug\SPI\SPI.cpp.o
 .text.SERCOM5_Handler
                0x000048e8       0x10 C:\Users\hp\AppData\Local\Temp\VMBCore\arduino16x\b134bebc6982d6b2989adcccb7b06d2f\variant\variant.cpp.o
                0x000048e8                SERCOM5_Handler
 .text.startup._GLOBAL__sub_I_g_APinDescription
                0x000048f8       0x80 C:\Users\hp\AppData\Local\Temp\VMBCore\arduino16x\b134bebc6982d6b2989adcccb7b06d2f\variant\variant.cpp.o
 .text.Dummy_Handler
                0x00004978        0x2 C:\Users\hp\AppData\Local\Temp\VMBuilds\FTU_SY~1\mkr1000\Debug/core.a(cortex_handlers.c.o)
                0x00004978                DMAC_Handler
                0x00004978                HardFault_Handler
                0x00004978                AC_Handler
                0x00004978                PendSV_Handler
                0x00004978                NMI_Handler
                0x00004978                TC7_Handler
                0x00004978                SERCOM1_Handler
                0x00004978                ADC_Handler
                0x00004978                TCC1_Handler
                0x00004978                SERCOM2_Handler
                0x00004978                TCC0_Handler
                0x00004978                RTC_Handler
                0x00004978                EIC_Handler
                0x00004978                TC6_Handler
                0x00004978                WDT_Handler
                0x00004978                Dummy_Handler
                0x00004978                PM_Handler
                0x00004978                SVC_Handler
                0x00004978                TCC2_Handler
                0x00004978                EVSYS_Handler
                0x00004978                SERCOM3_Handler
                0x00004978                SERCOM4_Handler
                0x00004978                I2S_Handler
                0x00004978                NVMCTRL_Handler
                0x00004978                SERCOM0_Handler
                0x00004978                DAC_Handler
                0x00004978                PTC_Handler
                0x00004978                SYSCTRL_Handler
 *fill*         0x0000497a        0x2 
 .text.USB_Handler
                0x0000497c       0x14 C:\Users\hp\AppData\Local\Temp\VMBuilds\FTU_SY~1\mkr1000\Debug/core.a(cortex_handlers.c.o)
                0x0000497c                USB_Handler
 .text.Reset_Handler
                0x00004990       0x54 C:\Users\hp\AppData\Local\Temp\VMBuilds\FTU_SY~1\mkr1000\Debug/core.a(cortex_handlers.c.o)
                0x00004990                Reset_Handler
 .text.SysTick_Handler
                0x000049e4       0x10 C:\Users\hp\AppData\Local\Temp\VMBuilds\FTU_SY~1\mkr1000\Debug/core.a(cortex_handlers.c.o)
                0x000049e4                SysTick_Handler
 .text.USB_SetHandler
                0x000049f4        0xc C:\Users\hp\AppData\Local\Temp\VMBuilds\FTU_SY~1\mkr1000\Debug/core.a(cortex_handlers.c.o)
                0x000049f4                USB_SetHandler
 .text.millis   0x00004a00        0xc C:\Users\hp\AppData\Local\Temp\VMBuilds\FTU_SY~1\mkr1000\Debug/core.a(delay.c.o)
                0x00004a00                millis
 .text.micros   0x00004a0c       0x60 C:\Users\hp\AppData\Local\Temp\VMBuilds\FTU_SY~1\mkr1000\Debug/core.a(delay.c.o)
                0x00004a0c                micros
 .text.delay    0x00004a6c       0x30 C:\Users\hp\AppData\Local\Temp\VMBuilds\FTU_SY~1\mkr1000\Debug/core.a(delay.c.o)
                0x00004a6c                delay
 .text.resetExternalChip
                0x00004a9c        0x2 C:\Users\hp\AppData\Local\Temp\VMBuilds\FTU_SY~1\mkr1000\Debug/core.a(delay.c.o)
                0x00004a9c                resetExternalChip
 *fill*         0x00004a9e        0x2 
 .text.SysTick_DefaultHandler
                0x00004aa0       0x14 C:\Users\hp\AppData\Local\Temp\VMBuilds\FTU_SY~1\mkr1000\Debug/core.a(delay.c.o)
                0x00004aa0                SysTick_DefaultHandler
 .text.__empty  0x00004ab4        0x2 C:\Users\hp\AppData\Local\Temp\VMBuilds\FTU_SY~1\mkr1000\Debug/core.a(hooks.c.o)
                0x00004ab4                yield
 .text.__false  0x00004ab6        0x4 C:\Users\hp\AppData\Local\Temp\VMBuilds\FTU_SY~1\mkr1000\Debug/core.a(hooks.c.o)
                0x00004ab6                sysTickHook
 *fill*         0x00004aba        0x2 
 .text.SystemInit
                0x00004abc      0x160 C:\Users\hp\AppData\Local\Temp\VMBuilds\FTU_SY~1\mkr1000\Debug/core.a(startup.c.o)
                0x00004abc                SystemInit
 .text.init     0x00004c1c       0xf0 C:\Users\hp\AppData\Local\Temp\VMBuilds\FTU_SY~1\mkr1000\Debug/core.a(wiring.c.o)
                0x00004c1c                init
 .text.mapResolution
                0x00004d0c       0x12 C:\Users\hp\AppData\Local\Temp\VMBuilds\FTU_SY~1\mkr1000\Debug/core.a(wiring_analog.c.o)
 *fill*         0x00004d1e        0x2 
 .text.analogReadResolution
                0x00004d20       0x4c C:\Users\hp\AppData\Local\Temp\VMBuilds\FTU_SY~1\mkr1000\Debug/core.a(wiring_analog.c.o)
                0x00004d20                analogReadResolution
 .text.analogWriteResolution
                0x00004d6c        0xc C:\Users\hp\AppData\Local\Temp\VMBuilds\FTU_SY~1\mkr1000\Debug/core.a(wiring_analog.c.o)
                0x00004d6c                analogWriteResolution
 .text.analogReference
                0x00004d78       0x64 C:\Users\hp\AppData\Local\Temp\VMBuilds\FTU_SY~1\mkr1000\Debug/core.a(wiring_analog.c.o)
                0x00004d78                analogReference
 .text.analogWrite
                0x00004ddc      0x1d4 C:\Users\hp\AppData\Local\Temp\VMBuilds\FTU_SY~1\mkr1000\Debug/core.a(wiring_analog.c.o)
                0x00004ddc                analogWrite
 .text.pinMode  0x00004fb0       0x98 C:\Users\hp\AppData\Local\Temp\VMBuilds\FTU_SY~1\mkr1000\Debug/core.a(wiring_digital.c.o)
                0x00004fb0                pinMode
 .text.digitalWrite
                0x00005048       0x58 C:\Users\hp\AppData\Local\Temp\VMBuilds\FTU_SY~1\mkr1000\Debug/core.a(wiring_digital.c.o)
                0x00005048                digitalWrite
 .text.digitalRead
                0x000050a0       0x30 C:\Users\hp\AppData\Local\Temp\VMBuilds\FTU_SY~1\mkr1000\Debug/core.a(wiring_digital.c.o)
                0x000050a0                digitalRead
 .text.pinPeripheral
                0x000050d0       0xc0 C:\Users\hp\AppData\Local\Temp\VMBuilds\FTU_SY~1\mkr1000\Debug/core.a(wiring_private.c.o)
                0x000050d0                pinPeripheral
 .text._Z11initVariantv
                0x00005190        0x2 C:\Users\hp\AppData\Local\Temp\VMBuilds\FTU_SY~1\mkr1000\Debug/core.a(main.cpp.o)
                0x00005190                initVariant()
 *fill*         0x00005192        0x2 
 .text.startup.main
                0x00005194       0x40 C:\Users\hp\AppData\Local\Temp\VMBuilds\FTU_SY~1\mkr1000\Debug/core.a(main.cpp.o)
                0x00005194                main
 .text._ZN5Print5writeEPKhj
                0x000051d4       0x28 C:\Users\hp\AppData\Local\Temp\VMBuilds\FTU_SY~1\mkr1000\Debug/core.a(Print.cpp.o)
                0x000051d4                Print::write(unsigned char const*, unsigned int)
 .text._ZN5Print5writeEPKc.part.2
                0x000051fc       0x1a C:\Users\hp\AppData\Local\Temp\VMBuilds\FTU_SY~1\mkr1000\Debug/core.a(Print.cpp.o)
 .text._ZN5Print5writeEPKc
                0x00005216       0x10 C:\Users\hp\AppData\Local\Temp\VMBuilds\FTU_SY~1\mkr1000\Debug/core.a(Print.cpp.o)
                0x00005216                Print::write(char const*)
 .text._ZN5Print5printERK6String
                0x00005226        0xe C:\Users\hp\AppData\Local\Temp\VMBuilds\FTU_SY~1\mkr1000\Debug/core.a(Print.cpp.o)
                0x00005226                Print::print(String const&)
 .text._ZN5Print7printlnEv
                0x00005234       0x10 C:\Users\hp\AppData\Local\Temp\VMBuilds\FTU_SY~1\mkr1000\Debug/core.a(Print.cpp.o)
                0x00005234                Print::println()
 .text._ZN5Print7printlnERK6String
                0x00005244       0x14 C:\Users\hp\AppData\Local\Temp\VMBuilds\FTU_SY~1\mkr1000\Debug/core.a(Print.cpp.o)
                0x00005244                Print::println(String const&)
 .text._ZN5Print7printlnEPKc
                0x00005258       0x14 C:\Users\hp\AppData\Local\Temp\VMBuilds\FTU_SY~1\mkr1000\Debug/core.a(Print.cpp.o)
                0x00005258                Print::println(char const*)
 .text.initiateReset
                0x0000526c       0x14 C:\Users\hp\AppData\Local\Temp\VMBuilds\FTU_SY~1\mkr1000\Debug/core.a(Reset.cpp.o)
                0x0000526c                initiateReset
 .text.cancelReset
                0x00005280       0x10 C:\Users\hp\AppData\Local\Temp\VMBuilds\FTU_SY~1\mkr1000\Debug/core.a(Reset.cpp.o)
                0x00005280                cancelReset
 .text.tickReset
                0x00005290       0x78 C:\Users\hp\AppData\Local\Temp\VMBuilds\FTU_SY~1\mkr1000\Debug/core.a(Reset.cpp.o)
                0x00005290                tickReset
 .text._ZN6SERCOMC2EP6Sercom
                0x00005308        0x4 C:\Users\hp\AppData\Local\Temp\VMBuilds\FTU_SY~1\mkr1000\Debug/core.a(SERCOM.cpp.o)
                0x00005308                SERCOM::SERCOM(Sercom*)
                0x00005308                SERCOM::SERCOM(Sercom*)
 .text._ZN6SERCOM9initFrameE18SercomUartCharSize15SercomDataOrder16SercomParityMode19SercomNumberStopBit
                0x0000530c       0x3a C:\Users\hp\AppData\Local\Temp\VMBuilds\FTU_SY~1\mkr1000\Debug/core.a(SERCOM.cpp.o)
                0x0000530c                SERCOM::initFrame(SercomUartCharSize, SercomDataOrder, SercomParityMode, SercomNumberStopBit)
 .text._ZN6SERCOM8initPadsE15SercomUartTXPad11SercomRXPad
                0x00005346       0x26 C:\Users\hp\AppData\Local\Temp\VMBuilds\FTU_SY~1\mkr1000\Debug/core.a(SERCOM.cpp.o)
                0x00005346                SERCOM::initPads(SercomUartTXPad, SercomRXPad)
 .text._ZN6SERCOM9resetUARTEv
                0x0000536c       0x1a C:\Users\hp\AppData\Local\Temp\VMBuilds\FTU_SY~1\mkr1000\Debug/core.a(SERCOM.cpp.o)
                0x0000536c                SERCOM::resetUART()
 .text._ZN6SERCOM10enableUARTEv
                0x00005386       0x14 C:\Users\hp\AppData\Local\Temp\VMBuilds\FTU_SY~1\mkr1000\Debug/core.a(SERCOM.cpp.o)
                0x00005386                SERCOM::enableUART()
 .text._ZN6SERCOM9flushUARTEv
                0x0000539a       0x10 C:\Users\hp\AppData\Local\Temp\VMBuilds\FTU_SY~1\mkr1000\Debug/core.a(SERCOM.cpp.o)
                0x0000539a                SERCOM::flushUART()
 .text._ZN6SERCOM15clearStatusUARTEv
                0x000053aa        0x8 C:\Users\hp\AppData\Local\Temp\VMBuilds\FTU_SY~1\mkr1000\Debug/core.a(SERCOM.cpp.o)
                0x000053aa                SERCOM::clearStatusUART()
 .text._ZN6SERCOM17availableDataUARTEv
                0x000053b2        0xa C:\Users\hp\AppData\Local\Temp\VMBuilds\FTU_SY~1\mkr1000\Debug/core.a(SERCOM.cpp.o)
                0x000053b2                SERCOM::availableDataUART()
 .text._ZN6SERCOM11isUARTErrorEv
                0x000053bc        0x8 C:\Users\hp\AppData\Local\Temp\VMBuilds\FTU_SY~1\mkr1000\Debug/core.a(SERCOM.cpp.o)
                0x000053bc                SERCOM::isUARTError()
 .text._ZN6SERCOM20acknowledgeUARTErrorEv
                0x000053c4        0xe C:\Users\hp\AppData\Local\Temp\VMBuilds\FTU_SY~1\mkr1000\Debug/core.a(SERCOM.cpp.o)
                0x000053c4                SERCOM::acknowledgeUARTError()
 .text._ZN6SERCOM16isFrameErrorUARTEv
                0x000053d2        0xa C:\Users\hp\AppData\Local\Temp\VMBuilds\FTU_SY~1\mkr1000\Debug/core.a(SERCOM.cpp.o)
                0x000053d2                SERCOM::isFrameErrorUART()
 .text._ZN6SERCOM19clearFrameErrorUARTEv
                0x000053dc        0xc C:\Users\hp\AppData\Local\Temp\VMBuilds\FTU_SY~1\mkr1000\Debug/core.a(SERCOM.cpp.o)
                0x000053dc                SERCOM::clearFrameErrorUART()
 .text._ZN6SERCOM23isDataRegisterEmptyUARTEv
                0x000053e8        0xa C:\Users\hp\AppData\Local\Temp\VMBuilds\FTU_SY~1\mkr1000\Debug/core.a(SERCOM.cpp.o)
                0x000053e8                SERCOM::isDataRegisterEmptyUART()
 .text._ZN6SERCOM12readDataUARTEv
                0x000053f2        0x8 C:\Users\hp\AppData\Local\Temp\VMBuilds\FTU_SY~1\mkr1000\Debug/core.a(SERCOM.cpp.o)
                0x000053f2                SERCOM::readDataUART()
 .text._ZN6SERCOM13writeDataUARTEh
                0x000053fa       0x10 C:\Users\hp\AppData\Local\Temp\VMBuilds\FTU_SY~1\mkr1000\Debug/core.a(SERCOM.cpp.o)
                0x000053fa                SERCOM::writeDataUART(unsigned char)
 .text._ZN6SERCOM36enableDataRegisterEmptyInterruptUARTEv
                0x0000540a        0x8 C:\Users\hp\AppData\Local\Temp\VMBuilds\FTU_SY~1\mkr1000\Debug/core.a(SERCOM.cpp.o)
                0x0000540a                SERCOM::enableDataRegisterEmptyInterruptUART()
 .text._ZN6SERCOM37disableDataRegisterEmptyInterruptUARTEv
                0x00005412        0x8 C:\Users\hp\AppData\Local\Temp\VMBuilds\FTU_SY~1\mkr1000\Debug/core.a(SERCOM.cpp.o)
                0x00005412                SERCOM::disableDataRegisterEmptyInterruptUART()
 *fill*         0x0000541a        0x2 
 .text._ZN6SERCOM12initSPIClockE18SercomSpiClockModem
                0x0000541c       0x30 C:\Users\hp\AppData\Local\Temp\VMBuilds\FTU_SY~1\mkr1000\Debug/core.a(SERCOM.cpp.o)
                0x0000541c                SERCOM::initSPIClock(SercomSpiClockMode, unsigned long)
 .text._ZN6SERCOM8resetSPIEv
                0x0000544c       0x1a C:\Users\hp\AppData\Local\Temp\VMBuilds\FTU_SY~1\mkr1000\Debug/core.a(SERCOM.cpp.o)
                0x0000544c                SERCOM::resetSPI()
 .text._ZN6SERCOM9enableSPIEv
                0x00005466       0x14 C:\Users\hp\AppData\Local\Temp\VMBuilds\FTU_SY~1\mkr1000\Debug/core.a(SERCOM.cpp.o)
                0x00005466                SERCOM::enableSPI()
 .text._ZN6SERCOM10disableSPIEv
                0x0000547a       0x12 C:\Users\hp\AppData\Local\Temp\VMBuilds\FTU_SY~1\mkr1000\Debug/core.a(SERCOM.cpp.o)
                0x0000547a                SERCOM::disableSPI()
 .text._ZN6SERCOM15transferDataSPIEh
                0x0000548c       0x1a C:\Users\hp\AppData\Local\Temp\VMBuilds\FTU_SY~1\mkr1000\Debug/core.a(SERCOM.cpp.o)
                0x0000548c                SERCOM::transferDataSPI(unsigned char)
 *fill*         0x000054a6        0x2 
 .text._ZN6SERCOM13initClockNVICEv
                0x000054a8       0xa8 C:\Users\hp\AppData\Local\Temp\VMBuilds\FTU_SY~1\mkr1000\Debug/core.a(SERCOM.cpp.o)
                0x000054a8                SERCOM::initClockNVIC()
 .text._ZN6SERCOM8initUARTE14SercomUartMode20SercomUartSampleRatem
                0x00005550       0x6c C:\Users\hp\AppData\Local\Temp\VMBuilds\FTU_SY~1\mkr1000\Debug/core.a(SERCOM.cpp.o)
                0x00005550                SERCOM::initUART(SercomUartMode, SercomUartSampleRate, unsigned long)
 .text._ZN6SERCOM7initSPIE14SercomSpiTXPad11SercomRXPad17SercomSpiCharSize15SercomDataOrder
                0x000055bc       0x4a C:\Users\hp\AppData\Local\Temp\VMBuilds\FTU_SY~1\mkr1000\Debug/core.a(SERCOM.cpp.o)
                0x000055bc                SERCOM::initSPI(SercomSpiTXPad, SercomRXPad, SercomSpiCharSize, SercomDataOrder)
 .text._ZN6Stream9timedReadEv
                0x00005606       0x2a C:\Users\hp\AppData\Local\Temp\VMBuilds\FTU_SY~1\mkr1000\Debug/core.a(Stream.cpp.o)
                0x00005606                Stream::timedRead()
 .text._ZN6Stream15readStringUntilEc
                0x00005630       0x30 C:\Users\hp\AppData\Local\Temp\VMBuilds\FTU_SY~1\mkr1000\Debug/core.a(Stream.cpp.o)
                0x00005630                Stream::readStringUntil(char)
 .text._ZN4UartcvbEv
                0x00005660        0x4 C:\Users\hp\AppData\Local\Temp\VMBuilds\FTU_SY~1\mkr1000\Debug/core.a(Uart.cpp.o)
                0x00005660                Uart::operator bool()
 .text._ZN4Uart5beginEm
                0x00005664       0x10 C:\Users\hp\AppData\Local\Temp\VMBuilds\FTU_SY~1\mkr1000\Debug/core.a(Uart.cpp.o)
                0x00005664                Uart::begin(unsigned long)
 .text._ZN4Uart4peekEv
                0x00005674       0x1a C:\Users\hp\AppData\Local\Temp\VMBuilds\FTU_SY~1\mkr1000\Debug/core.a(Uart.cpp.o)
                0x00005674                Uart::peek()
 .text._ZN4Uart3endEv
                0x0000568e       0x20 C:\Users\hp\AppData\Local\Temp\VMBuilds\FTU_SY~1\mkr1000\Debug/core.a(Uart.cpp.o)
                0x0000568e                Uart::end()
 .text._ZN4Uart16extractNbStopBitEt
                0x000056ae        0xc C:\Users\hp\AppData\Local\Temp\VMBuilds\FTU_SY~1\mkr1000\Debug/core.a(Uart.cpp.o)
                0x000056ae                Uart::extractNbStopBit(unsigned short)
 .text._ZN4Uart15extractCharSizeEt
                0x000056ba       0x28 C:\Users\hp\AppData\Local\Temp\VMBuilds\FTU_SY~1\mkr1000\Debug/core.a(Uart.cpp.o)
                0x000056ba                Uart::extractCharSize(unsigned short)
 .text._ZN4Uart13extractParityEt
                0x000056e2       0x14 C:\Users\hp\AppData\Local\Temp\VMBuilds\FTU_SY~1\mkr1000\Debug/core.a(Uart.cpp.o)
                0x000056e2                Uart::extractParity(unsigned short)
 *fill*         0x000056f6        0x2 
 .text._ZN4Uart5beginEmt
                0x000056f8       0xf8 C:\Users\hp\AppData\Local\Temp\VMBuilds\FTU_SY~1\mkr1000\Debug/core.a(Uart.cpp.o)
                0x000056f8                Uart::begin(unsigned long, unsigned short)
 .text._ZN11RingBufferNILi256EEC2Ev
                0x000057f0       0x1c C:\Users\hp\AppData\Local\Temp\VMBuilds\FTU_SY~1\mkr1000\Debug/core.a(Uart.cpp.o)
                0x000057f0                RingBufferN<256>::RingBufferN()
                0x000057f0                RingBufferN<256>::RingBufferN()
 .text._ZN4UartC2EP6SERCOMhh11SercomRXPad15SercomUartTXPad
                0x0000580c       0x74 C:\Users\hp\AppData\Local\Temp\VMBuilds\FTU_SY~1\mkr1000\Debug/core.a(Uart.cpp.o)
                0x0000580c                Uart::Uart(SERCOM*, unsigned char, unsigned char, SercomRXPad, SercomUartTXPad)
                0x0000580c                Uart::Uart(SERCOM*, unsigned char, unsigned char, SercomRXPad, SercomUartTXPad)
 .text._ZN11RingBufferNILi256EE9availableEv
                0x00005880       0x12 C:\Users\hp\AppData\Local\Temp\VMBuilds\FTU_SY~1\mkr1000\Debug/core.a(Uart.cpp.o)
                0x00005880                RingBufferN<256>::available()
 .text._ZN4Uart5flushEv
                0x00005892       0x1a C:\Users\hp\AppData\Local\Temp\VMBuilds\FTU_SY~1\mkr1000\Debug/core.a(Uart.cpp.o)
                0x00005892                Uart::flush()
 .text._ZN4Uart9availableEv
                0x000058ac        0xa C:\Users\hp\AppData\Local\Temp\VMBuilds\FTU_SY~1\mkr1000\Debug/core.a(Uart.cpp.o)
                0x000058ac                Uart::available()
 .text._ZN11RingBufferNILi256EE17availableForStoreEv
                0x000058b6       0x20 C:\Users\hp\AppData\Local\Temp\VMBuilds\FTU_SY~1\mkr1000\Debug/core.a(Uart.cpp.o)
                0x000058b6                RingBufferN<256>::availableForStore()
 .text._ZN4Uart17availableForWriteEv
                0x000058d6        0xc C:\Users\hp\AppData\Local\Temp\VMBuilds\FTU_SY~1\mkr1000\Debug/core.a(Uart.cpp.o)
                0x000058d6                Uart::availableForWrite()
 .text._ZN4Uart10IrqHandlerEv
                0x000058e2       0xcc C:\Users\hp\AppData\Local\Temp\VMBuilds\FTU_SY~1\mkr1000\Debug/core.a(Uart.cpp.o)
                0x000058e2                Uart::IrqHandler()
 *fill*         0x000059ae        0x2 
 .text._ZN4Uart5writeEh
                0x000059b0       0xb4 C:\Users\hp\AppData\Local\Temp\VMBuilds\FTU_SY~1\mkr1000\Debug/core.a(Uart.cpp.o)
                0x000059b0                Uart::write(unsigned char)
 .text._ZN4Uart4readEv
                0x00005a64       0x4c C:\Users\hp\AppData\Local\Temp\VMBuilds\FTU_SY~1\mkr1000\Debug/core.a(Uart.cpp.o)
                0x00005a64                Uart::read()
 .text._ZN6StringD2Ev
                0x00005ab0       0x12 C:\Users\hp\AppData\Local\Temp\VMBuilds\FTU_SY~1\mkr1000\Debug/core.a(WString.cpp.o)
                0x00005ab0                String::~String()
                0x00005ab0                String::~String()
 .text._ZN6String10invalidateEv
                0x00005ac2       0x18 C:\Users\hp\AppData\Local\Temp\VMBuilds\FTU_SY~1\mkr1000\Debug/core.a(WString.cpp.o)
                0x00005ac2                String::invalidate()
 .text._ZN6String12changeBufferEj
                0x00005ada       0x18 C:\Users\hp\AppData\Local\Temp\VMBuilds\FTU_SY~1\mkr1000\Debug/core.a(WString.cpp.o)
                0x00005ada                String::changeBuffer(unsigned int)
 .text._ZN6String7reserveEj
                0x00005af2       0x2a C:\Users\hp\AppData\Local\Temp\VMBuilds\FTU_SY~1\mkr1000\Debug/core.a(WString.cpp.o)
                0x00005af2                String::reserve(unsigned int)
 .text._ZN6String4copyEPKcj
                0x00005b1c       0x28 C:\Users\hp\AppData\Local\Temp\VMBuilds\FTU_SY~1\mkr1000\Debug/core.a(WString.cpp.o)
                0x00005b1c                String::copy(char const*, unsigned int)
 .text._ZN6StringC2EPKc
                0x00005b44       0x26 C:\Users\hp\AppData\Local\Temp\VMBuilds\FTU_SY~1\mkr1000\Debug/core.a(WString.cpp.o)
                0x00005b44                String::String(char const*)
                0x00005b44                String::String(char const*)
 .text._ZN6StringaSEPKc.part.3
                0x00005b6a       0x18 C:\Users\hp\AppData\Local\Temp\VMBuilds\FTU_SY~1\mkr1000\Debug/core.a(WString.cpp.o)
 .text._ZN6StringC2Eih
                0x00005b82       0x24 C:\Users\hp\AppData\Local\Temp\VMBuilds\FTU_SY~1\mkr1000\Debug/core.a(WString.cpp.o)
                0x00005b82                String::String(int, unsigned char)
                0x00005b82                String::String(int, unsigned char)
 .text._ZN6String4moveERS_
                0x00005ba6       0x40 C:\Users\hp\AppData\Local\Temp\VMBuilds\FTU_SY~1\mkr1000\Debug/core.a(WString.cpp.o)
                0x00005ba6                String::move(String&)
 .text._ZN6StringaSERKS_
                0x00005be6       0x20 C:\Users\hp\AppData\Local\Temp\VMBuilds\FTU_SY~1\mkr1000\Debug/core.a(WString.cpp.o)
                0x00005be6                String::operator=(String const&)
 .text._ZN6StringC2ERKS_
                0x00005c06       0x14 C:\Users\hp\AppData\Local\Temp\VMBuilds\FTU_SY~1\mkr1000\Debug/core.a(WString.cpp.o)
                0x00005c06                String::String(String const&)
                0x00005c06                String::String(String const&)
 .text._ZN6StringaSEOS_
                0x00005c1a       0x10 C:\Users\hp\AppData\Local\Temp\VMBuilds\FTU_SY~1\mkr1000\Debug/core.a(WString.cpp.o)
                0x00005c1a                String::operator=(String&&)
 .text._ZN6String6concatEPKcj
                0x00005c2a       0x32 C:\Users\hp\AppData\Local\Temp\VMBuilds\FTU_SY~1\mkr1000\Debug/core.a(WString.cpp.o)
                0x00005c2a                String::concat(char const*, unsigned int)
 .text._ZN6String6concatERKS_
                0x00005c5c        0xc C:\Users\hp\AppData\Local\Temp\VMBuilds\FTU_SY~1\mkr1000\Debug/core.a(WString.cpp.o)
                0x00005c5c                String::concat(String const&)
 .text._ZN6String6concatEc
                0x00005c68       0x14 C:\Users\hp\AppData\Local\Temp\VMBuilds\FTU_SY~1\mkr1000\Debug/core.a(WString.cpp.o)
                0x00005c68                String::concat(char)
 .text._ZN6String6concatEh
                0x00005c7c       0x20 C:\Users\hp\AppData\Local\Temp\VMBuilds\FTU_SY~1\mkr1000\Debug/core.a(WString.cpp.o)
                0x00005c7c                String::concat(unsigned char)
 .text._ZplRK15StringSumHelperPKc
                0x00005c9c       0x28 C:\Users\hp\AppData\Local\Temp\VMBuilds\FTU_SY~1\mkr1000\Debug/core.a(WString.cpp.o)
                0x00005c9c                operator+(StringSumHelper const&, char const*)
 .text._ZNK6String9compareToERKS_
                0x00005cc4       0x3a C:\Users\hp\AppData\Local\Temp\VMBuilds\FTU_SY~1\mkr1000\Debug/core.a(WString.cpp.o)
                0x00005cc4                String::compareTo(String const&) const
 .text._ZNK6String6equalsERKS_
                0x00005cfe       0x1c C:\Users\hp\AppData\Local\Temp\VMBuilds\FTU_SY~1\mkr1000\Debug/core.a(WString.cpp.o)
                0x00005cfe                String::equals(String const&) const
 .text._ZNK6String8getBytesEPhjj
                0x00005d1a       0x34 C:\Users\hp\AppData\Local\Temp\VMBuilds\FTU_SY~1\mkr1000\Debug/core.a(WString.cpp.o)
                0x00005d1a                String::getBytes(unsigned char*, unsigned int, unsigned int) const
 .text._ZNK6String11lastIndexOfERKS_j
                0x00005d4e       0x4c C:\Users\hp\AppData\Local\Temp\VMBuilds\FTU_SY~1\mkr1000\Debug/core.a(WString.cpp.o)
                0x00005d4e                String::lastIndexOf(String const&, unsigned int) const
 .text._ZNK6String11lastIndexOfERKS_
                0x00005d9a        0xe C:\Users\hp\AppData\Local\Temp\VMBuilds\FTU_SY~1\mkr1000\Debug/core.a(WString.cpp.o)
                0x00005d9a                String::lastIndexOf(String const&) const
 .text._ZN6String6removeEjj
                0x00005da8       0x34 C:\Users\hp\AppData\Local\Temp\VMBuilds\FTU_SY~1\mkr1000\Debug/core.a(WString.cpp.o)
                0x00005da8                String::remove(unsigned int, unsigned int)
 .text._ZN6String6removeEj
                0x00005ddc        0xc C:\Users\hp\AppData\Local\Temp\VMBuilds\FTU_SY~1\mkr1000\Debug/core.a(WString.cpp.o)
                0x00005ddc                String::remove(unsigned int)
 .text._ZN7Serial_13getDescriptorER8USBSetup
                0x00005de8        0x4 C:\Users\hp\AppData\Local\Temp\VMBuilds\FTU_SY~1\mkr1000\Debug/core.a(CDC.cpp.o)
                0x00005de8                Serial_::getDescriptor(USBSetup&)
 .text._ZL5utox8mPc
                0x00005dec       0x24 C:\Users\hp\AppData\Local\Temp\VMBuilds\FTU_SY~1\mkr1000\Debug/core.a(CDC.cpp.o)
 .text._ZN7Serial_12getShortNameEPc
                0x00005e10       0x44 C:\Users\hp\AppData\Local\Temp\VMBuilds\FTU_SY~1\mkr1000\Debug/core.a(CDC.cpp.o)
                0x00005e10                Serial_::getShortName(char*)
 .text._ZThn16_N7Serial_12getShortNameEPc
                0x00005e54       0x10 C:\Users\hp\AppData\Local\Temp\VMBuilds\FTU_SY~1\mkr1000\Debug/core.a(CDC.cpp.o)
                0x00005e54                non-virtual thunk to Serial_::getShortName(char*)
 .text._ZN7Serial_14handleEndpointEi
                0x00005e64        0x2 C:\Users\hp\AppData\Local\Temp\VMBuilds\FTU_SY~1\mkr1000\Debug/core.a(CDC.cpp.o)
                0x00005e64                Serial_::handleEndpoint(int)
 .text._ZN7Serial_17availableForWriteEv
                0x00005e66        0x4 C:\Users\hp\AppData\Local\Temp\VMBuilds\FTU_SY~1\mkr1000\Debug/core.a(CDC.cpp.o)
                0x00005e66                Serial_::availableForWrite()
 .text._ZN7Serial_5writeEh
                0x00005e6a       0x14 C:\Users\hp\AppData\Local\Temp\VMBuilds\FTU_SY~1\mkr1000\Debug/core.a(CDC.cpp.o)
                0x00005e6a                Serial_::write(unsigned char)
 *fill*         0x00005e7e        0x2 
 .text._ZN7Serial_12getInterfaceEPh
                0x00005e80      0x11c C:\Users\hp\AppData\Local\Temp\VMBuilds\FTU_SY~1\mkr1000\Debug/core.a(CDC.cpp.o)
                0x00005e80                Serial_::getInterface(unsigned char*)
 .text._ZThn16_N7Serial_12getInterfaceEPh
                0x00005f9c       0x10 C:\Users\hp\AppData\Local\Temp\VMBuilds\FTU_SY~1\mkr1000\Debug/core.a(CDC.cpp.o)
                0x00005f9c                non-virtual thunk to Serial_::getInterface(unsigned char*)
 .text._ZN7Serial_5setupER8USBSetup
                0x00005fac       0xa8 C:\Users\hp\AppData\Local\Temp\VMBuilds\FTU_SY~1\mkr1000\Debug/core.a(CDC.cpp.o)
                0x00005fac                Serial_::setup(USBSetup&)
 .text._ZThn16_N7Serial_5setupER8USBSetup
                0x00006054       0x10 C:\Users\hp\AppData\Local\Temp\VMBuilds\FTU_SY~1\mkr1000\Debug/core.a(CDC.cpp.o)
                0x00006054                non-virtual thunk to Serial_::setup(USBSetup&)
 .text._ZN7Serial_9availableEv
                0x00006064       0x20 C:\Users\hp\AppData\Local\Temp\VMBuilds\FTU_SY~1\mkr1000\Debug/core.a(CDC.cpp.o)
                0x00006064                Serial_::available()
 .text._ZN7Serial_5flushEv
                0x00006084        0xe C:\Users\hp\AppData\Local\Temp\VMBuilds\FTU_SY~1\mkr1000\Debug/core.a(CDC.cpp.o)
                0x00006084                Serial_::flush()
 .text._ZN7Serial_5clearEv
                0x00006092        0xe C:\Users\hp\AppData\Local\Temp\VMBuilds\FTU_SY~1\mkr1000\Debug/core.a(CDC.cpp.o)
                0x00006092                Serial_::clear()
 .text._ZN7Serial_5writeEPKhj
                0x000060a0       0x1e C:\Users\hp\AppData\Local\Temp\VMBuilds\FTU_SY~1\mkr1000\Debug/core.a(CDC.cpp.o)
                0x000060a0                Serial_::write(unsigned char const*, unsigned int)
 *fill*         0x000060be        0x2 
 .text._ZN7Serial_4peekEv
                0x000060c0       0x1c C:\Users\hp\AppData\Local\Temp\VMBuilds\FTU_SY~1\mkr1000\Debug/core.a(CDC.cpp.o)
                0x000060c0                Serial_::peek()
 .text._ZN7Serial_4readEv
                0x000060dc       0x24 C:\Users\hp\AppData\Local\Temp\VMBuilds\FTU_SY~1\mkr1000\Debug/core.a(CDC.cpp.o)
                0x000060dc                Serial_::read()
 .text._ZThn16_N7Serial_14handleEndpointEi
                0x00006100        0x2 C:\Users\hp\AppData\Local\Temp\VMBuilds\FTU_SY~1\mkr1000\Debug/core.a(CDC.cpp.o)
                0x00006100                non-virtual thunk to Serial_::handleEndpoint(int)
 .text._ZThn16_N7Serial_13getDescriptorER8USBSetup
                0x00006102        0x4 C:\Users\hp\AppData\Local\Temp\VMBuilds\FTU_SY~1\mkr1000\Debug/core.a(CDC.cpp.o)
                0x00006102                non-virtual thunk to Serial_::getDescriptor(USBSetup&)
 *fill*         0x00006106        0x2 
 .text._ZN7Serial_C2ER14USBDeviceClass
                0x00006108       0x50 C:\Users\hp\AppData\Local\Temp\VMBuilds\FTU_SY~1\mkr1000\Debug/core.a(CDC.cpp.o)
                0x00006108                Serial_::Serial_(USBDeviceClass&)
                0x00006108                Serial_::Serial_(USBDeviceClass&)
 .text._ZN7Serial_15enableInterruptEv
                0x00006158       0x30 C:\Users\hp\AppData\Local\Temp\VMBuilds\FTU_SY~1\mkr1000\Debug/core.a(CDC.cpp.o)
                0x00006158                Serial_::enableInterrupt()
 .text._ZN7Serial_5beginEm
                0x00006188        0x2 C:\Users\hp\AppData\Local\Temp\VMBuilds\FTU_SY~1\mkr1000\Debug/core.a(CDC.cpp.o)
                0x00006188                Serial_::begin(unsigned long)
 *fill*         0x0000618a        0x2 
 .text._ZN7Serial_3endEv
                0x0000618c       0x14 C:\Users\hp\AppData\Local\Temp\VMBuilds\FTU_SY~1\mkr1000\Debug/core.a(CDC.cpp.o)
                0x0000618c                Serial_::end()
 .text._ZN7Serial_cvbEv
                0x000061a0       0x28 C:\Users\hp\AppData\Local\Temp\VMBuilds\FTU_SY~1\mkr1000\Debug/core.a(CDC.cpp.o)
                0x000061a0                Serial_::operator bool()
 .text.startup._GLOBAL__sub_I__ZN7Serial_12getInterfaceEPh
                0x000061c8       0x14 C:\Users\hp\AppData\Local\Temp\VMBuilds\FTU_SY~1\mkr1000\Debug/core.a(CDC.cpp.o)
 .text._ZN13PluggableUSB_12getInterfaceEPh
                0x000061dc       0x28 C:\Users\hp\AppData\Local\Temp\VMBuilds\FTU_SY~1\mkr1000\Debug/core.a(PluggableUSB.cpp.o)
                0x000061dc                PluggableUSB_::getInterface(unsigned char*)
 .text._ZN13PluggableUSB_13getDescriptorER8USBSetup
                0x00006204       0x20 C:\Users\hp\AppData\Local\Temp\VMBuilds\FTU_SY~1\mkr1000\Debug/core.a(PluggableUSB.cpp.o)
                0x00006204                PluggableUSB_::getDescriptor(USBSetup&)
 .text._ZN13PluggableUSB_12getShortNameEPc
                0x00006224       0x26 C:\Users\hp\AppData\Local\Temp\VMBuilds\FTU_SY~1\mkr1000\Debug/core.a(PluggableUSB.cpp.o)
                0x00006224                PluggableUSB_::getShortName(char*)
 .text._ZN13PluggableUSB_5setupER8USBSetup
                0x0000624a       0x20 C:\Users\hp\AppData\Local\Temp\VMBuilds\FTU_SY~1\mkr1000\Debug/core.a(PluggableUSB.cpp.o)
                0x0000624a                PluggableUSB_::setup(USBSetup&)
 .text._ZN13PluggableUSB_14handleEndpointEi
                0x0000626a       0x1a C:\Users\hp\AppData\Local\Temp\VMBuilds\FTU_SY~1\mkr1000\Debug/core.a(PluggableUSB.cpp.o)
                0x0000626a                PluggableUSB_::handleEndpoint(int)
 .text._ZN13PluggableUSB_4plugEP18PluggableUSBModule
                0x00006284       0x58 C:\Users\hp\AppData\Local\Temp\VMBuilds\FTU_SY~1\mkr1000\Debug/core.a(PluggableUSB.cpp.o)
                0x00006284                PluggableUSB_::plug(PluggableUSBModule*)
 .text._Z12PluggableUSBv
                0x000062dc       0x24 C:\Users\hp\AppData\Local\Temp\VMBuilds\FTU_SY~1\mkr1000\Debug/core.a(PluggableUSB.cpp.o)
                0x000062dc                PluggableUSB()
 .text._ZN26DoubleBufferedEPOutHandlerD2Ev
                0x00006300        0x2 C:\Users\hp\AppData\Local\Temp\VMBuilds\FTU_SY~1\mkr1000\Debug/core.a(USBCore.cpp.o)
                0x00006300                DoubleBufferedEPOutHandler::~DoubleBufferedEPOutHandler()
                0x00006300                DoubleBufferedEPOutHandler::~DoubleBufferedEPOutHandler()
 .text._ZN26DoubleBufferedEPOutHandlerD0Ev
                0x00006302        0xc C:\Users\hp\AppData\Local\Temp\VMBuilds\FTU_SY~1\mkr1000\Debug/core.a(USBCore.cpp.o)
                0x00006302                DoubleBufferedEPOutHandler::~DoubleBufferedEPOutHandler()
 *fill*         0x0000630e        0x2 
 .text._ZN14USBDeviceClass6initEPEmm.part.7
                0x00006310       0xc4 C:\Users\hp\AppData\Local\Temp\VMBuilds\FTU_SY~1\mkr1000\Debug/core.a(USBCore.cpp.o)
 .text._ZN7__GuardC2Ev
                0x000063d4        0xe C:\Users\hp\AppData\Local\Temp\VMBuilds\FTU_SY~1\mkr1000\Debug/core.a(USBCore.cpp.o)
                0x000063d4                __Guard::__Guard()
                0x000063d4                __Guard::__Guard()
 .text._ZN7__GuardD2Ev
                0x000063e2        0xe C:\Users\hp\AppData\Local\Temp\VMBuilds\FTU_SY~1\mkr1000\Debug/core.a(USBCore.cpp.o)
                0x000063e2                __Guard::~__Guard()
                0x000063e2                __Guard::~__Guard()
 .text._ZNK26DoubleBufferedEPOutHandler10_availableEv
                0x000063f0       0x70 C:\Users\hp\AppData\Local\Temp\VMBuilds\FTU_SY~1\mkr1000\Debug/core.a(USBCore.cpp.o)
                0x000063f0                DoubleBufferedEPOutHandler::_available() const
 .text._ZN26DoubleBufferedEPOutHandler7releaseEv
                0x00006460       0x3c C:\Users\hp\AppData\Local\Temp\VMBuilds\FTU_SY~1\mkr1000\Debug/core.a(USBCore.cpp.o)
                0x00006460                DoubleBufferedEPOutHandler::release()
 .text._ZN26DoubleBufferedEPOutHandler14handleEndpointEv
                0x0000649c       0xea C:\Users\hp\AppData\Local\Temp\VMBuilds\FTU_SY~1\mkr1000\Debug/core.a(USBCore.cpp.o)
                0x0000649c                DoubleBufferedEPOutHandler::handleEndpoint()
 .text._ZN26DoubleBufferedEPOutHandler5_recvEv
                0x00006586      0x198 C:\Users\hp\AppData\Local\Temp\VMBuilds\FTU_SY~1\mkr1000\Debug/core.a(USBCore.cpp.o)
                0x00006586                DoubleBufferedEPOutHandler::_recv()
 .text._ZN26DoubleBufferedEPOutHandler4peekEv
                0x0000671e       0x22 C:\Users\hp\AppData\Local\Temp\VMBuilds\FTU_SY~1\mkr1000\Debug/core.a(USBCore.cpp.o)
                0x0000671e                DoubleBufferedEPOutHandler::peek()
 .text._ZN26DoubleBufferedEPOutHandler9availableEv
                0x00006740       0x18 C:\Users\hp\AppData\Local\Temp\VMBuilds\FTU_SY~1\mkr1000\Debug/core.a(USBCore.cpp.o)
                0x00006740                DoubleBufferedEPOutHandler::available()
 .text._ZN26DoubleBufferedEPOutHandler4recvEPvm
                0x00006758       0x72 C:\Users\hp\AppData\Local\Temp\VMBuilds\FTU_SY~1\mkr1000\Debug/core.a(USBCore.cpp.o)
                0x00006758                DoubleBufferedEPOutHandler::recv(void*, unsigned long)
 .text._ZN14USBDeviceClass14SendInterfacesEPm
                0x000067ca       0x20 C:\Users\hp\AppData\Local\Temp\VMBuilds\FTU_SY~1\mkr1000\Debug/core.a(USBCore.cpp.o)
                0x000067ca                USBDeviceClass::SendInterfaces(unsigned long*)
 *fill*         0x000067ea        0x2 
 .text._ZN14USBDeviceClass4initEv
                0x000067ec      0x15c C:\Users\hp\AppData\Local\Temp\VMBuilds\FTU_SY~1\mkr1000\Debug/core.a(USBCore.cpp.o)
                0x000067ec                USBDeviceClass::init()
 .text._ZN14USBDeviceClass6attachEv
                0x00006948       0x34 C:\Users\hp\AppData\Local\Temp\VMBuilds\FTU_SY~1\mkr1000\Debug/core.a(USBCore.cpp.o)
                0x00006948                USBDeviceClass::attach()
 .text._ZN14USBDeviceClass10setAddressEm
                0x0000697c       0x48 C:\Users\hp\AppData\Local\Temp\VMBuilds\FTU_SY~1\mkr1000\Debug/core.a(USBCore.cpp.o)
                0x0000697c                USBDeviceClass::setAddress(unsigned long)
 .text._ZN14USBDeviceClass25handleClassInterfaceSetupER8USBSetup
                0x000069c4       0x24 C:\Users\hp\AppData\Local\Temp\VMBuilds\FTU_SY~1\mkr1000\Debug/core.a(USBCore.cpp.o)
                0x000069c4                USBDeviceClass::handleClassInterfaceSetup(USBSetup&)
 .text._ZN14USBDeviceClass6initEPEmm
                0x000069e8      0x120 C:\Users\hp\AppData\Local\Temp\VMBuilds\FTU_SY~1\mkr1000\Debug/core.a(USBCore.cpp.o)
                0x000069e8                USBDeviceClass::initEP(unsigned long, unsigned long)
 .text._ZN14USBDeviceClass13initEndpointsEv
                0x00006b08       0x24 C:\Users\hp\AppData\Local\Temp\VMBuilds\FTU_SY~1\mkr1000\Debug/core.a(USBCore.cpp.o)
                0x00006b08                USBDeviceClass::initEndpoints()
 .text._ZN14USBDeviceClass5clearEm
                0x00006b2c       0x38 C:\Users\hp\AppData\Local\Temp\VMBuilds\FTU_SY~1\mkr1000\Debug/core.a(USBCore.cpp.o)
                0x00006b2c                USBDeviceClass::clear(unsigned long)
 .text._ZN14USBDeviceClass9availableEm
                0x00006b64       0x2c C:\Users\hp\AppData\Local\Temp\VMBuilds\FTU_SY~1\mkr1000\Debug/core.a(USBCore.cpp.o)
                0x00006b64                USBDeviceClass::available(unsigned long)
 .text._ZN14USBDeviceClass5flushEm
                0x00006b90       0x2c C:\Users\hp\AppData\Local\Temp\VMBuilds\FTU_SY~1\mkr1000\Debug/core.a(USBCore.cpp.o)
                0x00006b90                USBDeviceClass::flush(unsigned long)
 .text._ZN14USBDeviceClass4recvEmPvm
                0x00006bbc       0xc0 C:\Users\hp\AppData\Local\Temp\VMBuilds\FTU_SY~1\mkr1000\Debug/core.a(USBCore.cpp.o)
                0x00006bbc                USBDeviceClass::recv(unsigned long, void*, unsigned long)
 .text._ZN14USBDeviceClass4recvEm
                0x00006c7c       0x1c C:\Users\hp\AppData\Local\Temp\VMBuilds\FTU_SY~1\mkr1000\Debug/core.a(USBCore.cpp.o)
                0x00006c7c                USBDeviceClass::recv(unsigned long)
 .text._ZN14USBDeviceClass14armRecvCtrlOUTEm
                0x00006c98       0x5c C:\Users\hp\AppData\Local\Temp\VMBuilds\FTU_SY~1\mkr1000\Debug/core.a(USBCore.cpp.o)
                0x00006c98                USBDeviceClass::armRecvCtrlOUT(unsigned long)
 .text._ZN14USBDeviceClass11recvControlEPvm
                0x00006cf4       0x28 C:\Users\hp\AppData\Local\Temp\VMBuilds\FTU_SY~1\mkr1000\Debug/core.a(USBCore.cpp.o)
                0x00006cf4                USBDeviceClass::recvControl(void*, unsigned long)
 .text._ZN14USBDeviceClass4sendEmPKvm
                0x00006d1c      0x10c C:\Users\hp\AppData\Local\Temp\VMBuilds\FTU_SY~1\mkr1000\Debug/core.a(USBCore.cpp.o)
                0x00006d1c                USBDeviceClass::send(unsigned long, void const*, unsigned long)
 .text._ZN14USBDeviceClass7armSendEmPKvm
                0x00006e28       0x48 C:\Users\hp\AppData\Local\Temp\VMBuilds\FTU_SY~1\mkr1000\Debug/core.a(USBCore.cpp.o)
                0x00006e28                USBDeviceClass::armSend(unsigned long, void const*, unsigned long)
 .text._ZN14USBDeviceClass11sendControlEPKvm
                0x00006e70       0x54 C:\Users\hp\AppData\Local\Temp\VMBuilds\FTU_SY~1\mkr1000\Debug/core.a(USBCore.cpp.o)
                0x00006e70                USBDeviceClass::sendControl(void const*, unsigned long)
 .text._ZN14USBDeviceClass20sendStringDescriptorEPKhm
                0x00006ec4       0x64 C:\Users\hp\AppData\Local\Temp\VMBuilds\FTU_SY~1\mkr1000\Debug/core.a(USBCore.cpp.o)
                0x00006ec4                USBDeviceClass::sendStringDescriptor(unsigned char const*, unsigned long)
 .text._ZN14USBDeviceClass17sendConfigurationEm
                0x00006f28       0x80 C:\Users\hp\AppData\Local\Temp\VMBuilds\FTU_SY~1\mkr1000\Debug/core.a(USBCore.cpp.o)
                0x00006f28                USBDeviceClass::sendConfiguration(unsigned long)
 .text._ZN14USBDeviceClass14sendDescriptorER8USBSetup
                0x00006fa8       0xe0 C:\Users\hp\AppData\Local\Temp\VMBuilds\FTU_SY~1\mkr1000\Debug/core.a(USBCore.cpp.o)
                0x00006fa8                USBDeviceClass::sendDescriptor(USBSetup&)
 .text._ZN14USBDeviceClass7sendZlpEm
                0x00007088       0x18 C:\Users\hp\AppData\Local\Temp\VMBuilds\FTU_SY~1\mkr1000\Debug/core.a(USBCore.cpp.o)
                0x00007088                USBDeviceClass::sendZlp(unsigned long)
 .text._ZN14USBDeviceClass19handleStandardSetupER8USBSetup
                0x000070a0       0xf0 C:\Users\hp\AppData\Local\Temp\VMBuilds\FTU_SY~1\mkr1000\Debug/core.a(USBCore.cpp.o)
                0x000070a0                USBDeviceClass::handleStandardSetup(USBSetup&)
 .text._ZN14USBDeviceClass10ISRHandlerEv
                0x00007190      0x108 C:\Users\hp\AppData\Local\Temp\VMBuilds\FTU_SY~1\mkr1000\Debug/core.a(USBCore.cpp.o)
                0x00007190                USBDeviceClass::ISRHandler()
 .text.UDD_Handler
                0x00007298       0x10 C:\Users\hp\AppData\Local\Temp\VMBuilds\FTU_SY~1\mkr1000\Debug/core.a(USBCore.cpp.o)
                0x00007298                UDD_Handler
 .text.startup._GLOBAL__sub_I_usbd
                0x000072a8       0x10 C:\Users\hp\AppData\Local\Temp\VMBuilds\FTU_SY~1\mkr1000\Debug/core.a(USBCore.cpp.o)
 .text.ltoa     0x000072b8       0x72 C:\Users\hp\AppData\Local\Temp\VMBuilds\FTU_SY~1\mkr1000\Debug/core.a(itoa.c.o)
                0x000072b8                ltoa
 .text.itoa     0x0000732a        0x8 C:\Users\hp\AppData\Local\Temp\VMBuilds\FTU_SY~1\mkr1000\Debug/core.a(itoa.c.o)
                0x0000732a                itoa
 .text._Znwj    0x00007332        0x8 C:\Users\hp\AppData\Local\Temp\VMBuilds\FTU_SY~1\mkr1000\Debug/core.a(new.cpp.o)
                0x00007332                operator new(unsigned int)
 .text._ZdlPv   0x0000733a        0x8 C:\Users\hp\AppData\Local\Temp\VMBuilds\FTU_SY~1\mkr1000\Debug/core.a(new.cpp.o)
                0x0000733a                operator delete(void*)
 .text.__aeabi_atexit
                0x00007342        0xe c:/users/hp/appdata/local/arduin~1/packages/arduino/tools/arm-no~1/7-2017q4/bin/../lib/gcc/arm-none-eabi/7.2.1/../../../../arm-none-eabi/lib/thumb/v6-m\libstdc++_nano.a(atexit_arm.o)
                0x00007342                __aeabi_atexit
 .text.pow      0x00007350      0x374 c:/users/hp/appdata/local/arduin~1/packages/arduino/tools/arm-no~1/7-2017q4/bin/../lib/gcc/arm-none-eabi/7.2.1/../../../../arm-none-eabi/lib/thumb/v6-m\libm.a(lib_a-w_pow.o)
                0x00007350                pow
 .text.__ieee754_pow
                0x000076c4      0xacc c:/users/hp/appdata/local/arduin~1/packages/arduino/tools/arm-no~1/7-2017q4/bin/../lib/gcc/arm-none-eabi/7.2.1/../../../../arm-none-eabi/lib/thumb/v6-m\libm.a(lib_a-e_pow.o)
                0x000076c4                __ieee754_pow
 .text.__ieee754_sqrt
                0x00008190      0x1b0 c:/users/hp/appdata/local/arduin~1/packages/arduino/tools/arm-no~1/7-2017q4/bin/../lib/gcc/arm-none-eabi/7.2.1/../../../../arm-none-eabi/lib/thumb/v6-m\libm.a(lib_a-e_sqrt.o)
                0x00008190                __ieee754_sqrt
 .text.fabs     0x00008340        0x8 c:/users/hp/appdata/local/arduin~1/packages/arduino/tools/arm-no~1/7-2017q4/bin/../lib/gcc/arm-none-eabi/7.2.1/../../../../arm-none-eabi/lib/thumb/v6-m\libm.a(lib_a-s_fabs.o)
                0x00008340                fabs
 .text.finite   0x00008348       0x14 c:/users/hp/appdata/local/arduin~1/packages/arduino/tools/arm-no~1/7-2017q4/bin/../lib/gcc/arm-none-eabi/7.2.1/../../../../arm-none-eabi/lib/thumb/v6-m\libm.a(lib_a-s_finite.o)
                0x00008348                finite
 .text.matherr  0x0000835c        0x4 c:/users/hp/appdata/local/arduin~1/packages/arduino/tools/arm-no~1/7-2017q4/bin/../lib/gcc/arm-none-eabi/7.2.1/../../../../arm-none-eabi/lib/thumb/v6-m\libm.a(lib_a-s_matherr.o)
                0x0000835c                matherr
 .text.nan      0x00008360        0xc c:/users/hp/appdata/local/arduin~1/packages/arduino/tools/arm-no~1/7-2017q4/bin/../lib/gcc/arm-none-eabi/7.2.1/../../../../arm-none-eabi/lib/thumb/v6-m\libm.a(lib_a-s_nan.o)
                0x00008360                nan
 .text.rint     0x0000836c      0x120 c:/users/hp/appdata/local/arduin~1/packages/arduino/tools/arm-no~1/7-2017q4/bin/../lib/gcc/arm-none-eabi/7.2.1/../../../../arm-none-eabi/lib/thumb/v6-m\libm.a(lib_a-s_rint.o)
                0x0000836c                rint
 .text.scalbn   0x0000848c       0xd0 c:/users/hp/appdata/local/arduin~1/packages/arduino/tools/arm-no~1/7-2017q4/bin/../lib/gcc/arm-none-eabi/7.2.1/../../../../arm-none-eabi/lib/thumb/v6-m\libm.a(lib_a-s_scalbn.o)
                0x0000848c                scalbn
 .text.copysign
                0x0000855c       0x10 c:/users/hp/appdata/local/arduin~1/packages/arduino/tools/arm-no~1/7-2017q4/bin/../lib/gcc/arm-none-eabi/7.2.1/../../../../arm-none-eabi/lib/thumb/v6-m\libm.a(lib_a-s_copysign.o)
                0x0000855c                copysign
 .text          0x0000856c       0x14 c:/users/hp/appdata/local/arduin~1/packages/arduino/tools/arm-no~1/7-2017q4/bin/../lib/gcc/arm-none-eabi/7.2.1/thumb/v6-m\libgcc.a(_thumb1_case_uqi.o)
                0x0000856c                __gnu_thumb1_case_uqi
 .text          0x00008580      0x114 c:/users/hp/appdata/local/arduin~1/packages/arduino/tools/arm-no~1/7-2017q4/bin/../lib/gcc/arm-none-eabi/7.2.1/thumb/v6-m\libgcc.a(_udivsi3.o)
                0x00008580                __aeabi_uidiv
                0x00008580                __udivsi3
                0x0000868c                __aeabi_uidivmod
 .text          0x00008694      0x1d4 c:/users/hp/appdata/local/arduin~1/packages/arduino/tools/arm-no~1/7-2017q4/bin/../lib/gcc/arm-none-eabi/7.2.1/thumb/v6-m\libgcc.a(_divsi3.o)
                0x00008694                __divsi3
                0x00008694                __aeabi_idiv
                0x00008860                __aeabi_idivmod
 .text          0x00008868        0x4 c:/users/hp/appdata/local/arduin~1/packages/arduino/tools/arm-no~1/7-2017q4/bin/../lib/gcc/arm-none-eabi/7.2.1/thumb/v6-m\libgcc.a(_dvmd_tls.o)
                0x00008868                __aeabi_idiv0
                0x00008868                __aeabi_ldiv0
 .text          0x0000886c       0x7c c:/users/hp/appdata/local/arduin~1/packages/arduino/tools/arm-no~1/7-2017q4/bin/../lib/gcc/arm-none-eabi/7.2.1/thumb/v6-m\libgcc.a(_arm_cmpdf2.o)
                0x0000886c                __aeabi_cdrcmple
                0x0000887c                __aeabi_cdcmple
                0x0000887c                __aeabi_cdcmpeq
                0x0000888c                __aeabi_dcmpeq
                0x00008898                __aeabi_dcmplt
                0x000088ac                __aeabi_dcmple
                0x000088c0                __aeabi_dcmpgt
                0x000088d4                __aeabi_dcmpge
 .text          0x000088e8       0x74 c:/users/hp/appdata/local/arduin~1/packages/arduino/tools/arm-no~1/7-2017q4/bin/../lib/gcc/arm-none-eabi/7.2.1/thumb/v6-m\libgcc.a(_arm_cmpsf2.o)
                0x000088e8                __aeabi_cfrcmple
                0x000088f0                __aeabi_cfcmpeq
                0x000088f0                __aeabi_cfcmple
                0x00008900                __aeabi_fcmpeq
                0x0000890c                __aeabi_fcmplt
                0x00008920                __aeabi_fcmple
                0x00008934                __aeabi_fcmpgt
                0x00008948                __aeabi_fcmpge
 .text          0x0000895c       0x30 c:/users/hp/appdata/local/arduin~1/packages/arduino/tools/arm-no~1/7-2017q4/bin/../lib/gcc/arm-none-eabi/7.2.1/thumb/v6-m\libgcc.a(_fixunssfsi.o)
                0x0000895c                __fixunssfsi
                0x0000895c                __aeabi_f2uiz
 .text          0x0000898c      0x334 c:/users/hp/appdata/local/arduin~1/packages/arduino/tools/arm-no~1/7-2017q4/bin/../lib/gcc/arm-none-eabi/7.2.1/thumb/v6-m\libgcc.a(addsf3.o)
                0x0000898c                __aeabi_fadd
 .text          0x00008cc0      0x224 c:/users/hp/appdata/local/arduin~1/packages/arduino/tools/arm-no~1/7-2017q4/bin/../lib/gcc/arm-none-eabi/7.2.1/thumb/v6-m\libgcc.a(divsf3.o)
                0x00008cc0                __aeabi_fdiv
 .text          0x00008ee4       0x50 c:/users/hp/appdata/local/arduin~1/packages/arduino/tools/arm-no~1/7-2017q4/bin/../lib/gcc/arm-none-eabi/7.2.1/thumb/v6-m\libgcc.a(eqsf2.o)
                0x00008ee4                __eqsf2
                0x00008ee4                __nesf2
 .text          0x00008f34       0x9c c:/users/hp/appdata/local/arduin~1/packages/arduino/tools/arm-no~1/7-2017q4/bin/../lib/gcc/arm-none-eabi/7.2.1/thumb/v6-m\libgcc.a(gesf2.o)
                0x00008f34                __gesf2
                0x00008f34                __gtsf2
 .text          0x00008fd0       0xa0 c:/users/hp/appdata/local/arduin~1/packages/arduino/tools/arm-no~1/7-2017q4/bin/../lib/gcc/arm-none-eabi/7.2.1/thumb/v6-m\libgcc.a(lesf2.o)
                0x00008fd0                __ltsf2
                0x00008fd0                __lesf2
 .text          0x00009070      0x264 c:/users/hp/appdata/local/arduin~1/packages/arduino/tools/arm-no~1/7-2017q4/bin/../lib/gcc/arm-none-eabi/7.2.1/thumb/v6-m\libgcc.a(mulsf3.o)
                0x00009070                __aeabi_fmul
 .text          0x000092d4      0x388 c:/users/hp/appdata/local/arduin~1/packages/arduino/tools/arm-no~1/7-2017q4/bin/../lib/gcc/arm-none-eabi/7.2.1/thumb/v6-m\libgcc.a(subsf3.o)
                0x000092d4                __aeabi_fsub
 .text          0x0000965c       0x40 c:/users/hp/appdata/local/arduin~1/packages/arduino/tools/arm-no~1/7-2017q4/bin/../lib/gcc/arm-none-eabi/7.2.1/thumb/v6-m\libgcc.a(fixsfsi.o)
                0x0000965c                __aeabi_f2iz
 .text          0x0000969c       0x94 c:/users/hp/appdata/local/arduin~1/packages/arduino/tools/arm-no~1/7-2017q4/bin/../lib/gcc/arm-none-eabi/7.2.1/thumb/v6-m\libgcc.a(floatsisf.o)
                0x0000969c                __aeabi_i2f
 .text          0x00009730       0x80 c:/users/hp/appdata/local/arduin~1/packages/arduino/tools/arm-no~1/7-2017q4/bin/../lib/gcc/arm-none-eabi/7.2.1/thumb/v6-m\libgcc.a(floatunsisf.o)
                0x00009730                __aeabi_ui2f
 .text          0x000097b0      0x638 c:/users/hp/appdata/local/arduin~1/packages/arduino/tools/arm-no~1/7-2017q4/bin/../lib/gcc/arm-none-eabi/7.2.1/thumb/v6-m\libgcc.a(adddf3.o)
                0x000097b0                __aeabi_dadd
 .text          0x00009de8      0x604 c:/users/hp/appdata/local/arduin~1/packages/arduino/tools/arm-no~1/7-2017q4/bin/../lib/gcc/arm-none-eabi/7.2.1/thumb/v6-m\libgcc.a(divdf3.o)
                0x00009de8                __aeabi_ddiv
 .text          0x0000a3ec       0x78 c:/users/hp/appdata/local/arduin~1/packages/arduino/tools/arm-no~1/7-2017q4/bin/../lib/gcc/arm-none-eabi/7.2.1/thumb/v6-m\libgcc.a(eqdf2.o)
                0x0000a3ec                __nedf2
                0x0000a3ec                __eqdf2
 .text          0x0000a464       0xc8 c:/users/hp/appdata/local/arduin~1/packages/arduino/tools/arm-no~1/7-2017q4/bin/../lib/gcc/arm-none-eabi/7.2.1/thumb/v6-m\libgcc.a(gedf2.o)
                0x0000a464                __gedf2
                0x0000a464                __gtdf2
 .text          0x0000a52c       0xd0 c:/users/hp/appdata/local/arduin~1/packages/arduino/tools/arm-no~1/7-2017q4/bin/../lib/gcc/arm-none-eabi/7.2.1/thumb/v6-m\libgcc.a(ledf2.o)
                0x0000a52c                __ledf2
                0x0000a52c                __ltdf2
 .text          0x0000a5fc      0x4e4 c:/users/hp/appdata/local/arduin~1/packages/arduino/tools/arm-no~1/7-2017q4/bin/../lib/gcc/arm-none-eabi/7.2.1/thumb/v6-m\libgcc.a(muldf3.o)
                0x0000a5fc                __aeabi_dmul
 .text          0x0000aae0      0x690 c:/users/hp/appdata/local/arduin~1/packages/arduino/tools/arm-no~1/7-2017q4/bin/../lib/gcc/arm-none-eabi/7.2.1/thumb/v6-m\libgcc.a(subdf3.o)
                0x0000aae0                __aeabi_dsub
 .text          0x0000b170       0x38 c:/users/hp/appdata/local/arduin~1/packages/arduino/tools/arm-no~1/7-2017q4/bin/../lib/gcc/arm-none-eabi/7.2.1/thumb/v6-m\libgcc.a(unorddf2.o)
                0x0000b170                __aeabi_dcmpun
 .text          0x0000b1a8       0x6c c:/users/hp/appdata/local/arduin~1/packages/arduino/tools/arm-no~1/7-2017q4/bin/../lib/gcc/arm-none-eabi/7.2.1/thumb/v6-m\libgcc.a(fixdfsi.o)
                0x0000b1a8                __aeabi_d2iz
 .text          0x0000b214       0x74 c:/users/hp/appdata/local/arduin~1/packages/arduino/tools/arm-no~1/7-2017q4/bin/../lib/gcc/arm-none-eabi/7.2.1/thumb/v6-m\libgcc.a(floatsidf.o)
                0x0000b214                __aeabi_i2d
 .text          0x0000b288       0x64 c:/users/hp/appdata/local/arduin~1/packages/arduino/tools/arm-no~1/7-2017q4/bin/../lib/gcc/arm-none-eabi/7.2.1/thumb/v6-m\libgcc.a(floatunsidf.o)
                0x0000b288                __aeabi_ui2d
 .text          0x0000b2ec       0xa4 c:/users/hp/appdata/local/arduin~1/packages/arduino/tools/arm-no~1/7-2017q4/bin/../lib/gcc/arm-none-eabi/7.2.1/thumb/v6-m\libgcc.a(extendsfdf2.o)
                0x0000b2ec                __aeabi_f2d
 .text          0x0000b390      0x108 c:/users/hp/appdata/local/arduin~1/packages/arduino/tools/arm-no~1/7-2017q4/bin/../lib/gcc/arm-none-eabi/7.2.1/thumb/v6-m\libgcc.a(truncdfsf2.o)
                0x0000b390                __aeabi_d2f
 .text          0x0000b498       0x3c c:/users/hp/appdata/local/arduin~1/packages/arduino/tools/arm-no~1/7-2017q4/bin/../lib/gcc/arm-none-eabi/7.2.1/thumb/v6-m\libgcc.a(_clzsi2.o)
                0x0000b498                __clzsi2
 .text.__cxa_atexit
                0x0000b4d4       0x1c c:/users/hp/appdata/local/arduin~1/packages/arduino/tools/arm-no~1/7-2017q4/bin/../lib/gcc/arm-none-eabi/7.2.1/../../../../arm-none-eabi/lib/thumb/v6-m\libc_nano.a(lib_a-cxa_atexit.o)
                0x0000b4d4                __cxa_atexit
 .text.__errno  0x0000b4f0        0xc c:/users/hp/appdata/local/arduin~1/packages/arduino/tools/arm-no~1/7-2017q4/bin/../lib/gcc/arm-none-eabi/7.2.1/../../../../arm-none-eabi/lib/thumb/v6-m\libc_nano.a(lib_a-errno.o)
                0x0000b4f0                __errno
 .text.__libc_init_array
                0x0000b4fc       0x48 c:/users/hp/appdata/local/arduin~1/packages/arduino/tools/arm-no~1/7-2017q4/bin/../lib/gcc/arm-none-eabi/7.2.1/../../../../arm-none-eabi/lib/thumb/v6-m\libc_nano.a(lib_a-init.o)
                0x0000b4fc                __libc_init_array
 .text.malloc   0x0000b544       0x14 c:/users/hp/appdata/local/arduin~1/packages/arduino/tools/arm-no~1/7-2017q4/bin/../lib/gcc/arm-none-eabi/7.2.1/../../../../arm-none-eabi/lib/thumb/v6-m\libc_nano.a(lib_a-malloc.o)
                0x0000b544                malloc
 .text.free     0x0000b558       0x14 c:/users/hp/appdata/local/arduin~1/packages/arduino/tools/arm-no~1/7-2017q4/bin/../lib/gcc/arm-none-eabi/7.2.1/../../../../arm-none-eabi/lib/thumb/v6-m\libc_nano.a(lib_a-malloc.o)
                0x0000b558                free
 .text.memcpy   0x0000b56c       0x12 c:/users/hp/appdata/local/arduin~1/packages/arduino/tools/arm-no~1/7-2017q4/bin/../lib/gcc/arm-none-eabi/7.2.1/../../../../arm-none-eabi/lib/thumb/v6-m\libc_nano.a(lib_a-memcpy-stub.o)
                0x0000b56c                memcpy
 .text.memset   0x0000b57e       0x10 c:/users/hp/appdata/local/arduin~1/packages/arduino/tools/arm-no~1/7-2017q4/bin/../lib/gcc/arm-none-eabi/7.2.1/../../../../arm-none-eabi/lib/thumb/v6-m\libc_nano.a(lib_a-memset.o)
                0x0000b57e                memset
 *fill*         0x0000b58e        0x2 
 .text._free_r  0x0000b590       0x94 c:/users/hp/appdata/local/arduin~1/packages/arduino/tools/arm-no~1/7-2017q4/bin/../lib/gcc/arm-none-eabi/7.2.1/../../../../arm-none-eabi/lib/thumb/v6-m\libc_nano.a(lib_a-nano-freer.o)
                0x0000b590                _free_r
 .text._malloc_r
                0x0000b624       0xbc c:/users/hp/appdata/local/arduin~1/packages/arduino/tools/arm-no~1/7-2017q4/bin/../lib/gcc/arm-none-eabi/7.2.1/../../../../arm-none-eabi/lib/thumb/v6-m\libc_nano.a(lib_a-nano-mallocr.o)
                0x0000b624                _malloc_r
 .text.realloc  0x0000b6e0       0x14 c:/users/hp/appdata/local/arduin~1/packages/arduino/tools/arm-no~1/7-2017q4/bin/../lib/gcc/arm-none-eabi/7.2.1/../../../../arm-none-eabi/lib/thumb/v6-m\libc_nano.a(lib_a-realloc.o)
                0x0000b6e0                realloc
 .text._sbrk_r  0x0000b6f4       0x24 c:/users/hp/appdata/local/arduin~1/packages/arduino/tools/arm-no~1/7-2017q4/bin/../lib/gcc/arm-none-eabi/7.2.1/../../../../arm-none-eabi/lib/thumb/v6-m\libc_nano.a(lib_a-sbrkr.o)
                0x0000b6f4                _sbrk_r
 .text          0x0000b718       0x14 c:/users/hp/appdata/local/arduin~1/packages/arduino/tools/arm-no~1/7-2017q4/bin/../lib/gcc/arm-none-eabi/7.2.1/../../../../arm-none-eabi/lib/thumb/v6-m\libc_nano.a(lib_a-strcmp.o)
                0x0000b718                strcmp
 .text.strcpy   0x0000b72c       0x10 c:/users/hp/appdata/local/arduin~1/packages/arduino/tools/arm-no~1/7-2017q4/bin/../lib/gcc/arm-none-eabi/7.2.1/../../../../arm-none-eabi/lib/thumb/v6-m\libc_nano.a(lib_a-strcpy.o)
                0x0000b72c                strcpy
 .text          0x0000b73c        0xe c:/users/hp/appdata/local/arduin~1/packages/arduino/tools/arm-no~1/7-2017q4/bin/../lib/gcc/arm-none-eabi/7.2.1/../../../../arm-none-eabi/lib/thumb/v6-m\libc_nano.a(lib_a-strlen.o)
                0x0000b73c                strlen
 .text.strncpy  0x0000b74a       0x28 c:/users/hp/appdata/local/arduin~1/packages/arduino/tools/arm-no~1/7-2017q4/bin/../lib/gcc/arm-none-eabi/7.2.1/../../../../arm-none-eabi/lib/thumb/v6-m\libc_nano.a(lib_a-strncpy.o)
                0x0000b74a                strncpy
 .text.strstr   0x0000b772       0x32 c:/users/hp/appdata/local/arduin~1/packages/arduino/tools/arm-no~1/7-2017q4/bin/../lib/gcc/arm-none-eabi/7.2.1/../../../../arm-none-eabi/lib/thumb/v6-m\libc_nano.a(lib_a-strstr.o)
                0x0000b772                strstr
 .text.__malloc_lock
                0x0000b7a4        0x2 c:/users/hp/appdata/local/arduin~1/packages/arduino/tools/arm-no~1/7-2017q4/bin/../lib/gcc/arm-none-eabi/7.2.1/../../../../arm-none-eabi/lib/thumb/v6-m\libc_nano.a(lib_a-mlock.o)
                0x0000b7a4                __malloc_lock
 .text.__malloc_unlock
                0x0000b7a6        0x2 c:/users/hp/appdata/local/arduin~1/packages/arduino/tools/arm-no~1/7-2017q4/bin/../lib/gcc/arm-none-eabi/7.2.1/../../../../arm-none-eabi/lib/thumb/v6-m\libc_nano.a(lib_a-mlock.o)
                0x0000b7a6                __malloc_unlock
 .text._realloc_r
                0x0000b7a8       0x4c c:/users/hp/appdata/local/arduin~1/packages/arduino/tools/arm-no~1/7-2017q4/bin/../lib/gcc/arm-none-eabi/7.2.1/../../../../arm-none-eabi/lib/thumb/v6-m\libc_nano.a(lib_a-nano-reallocr.o)
                0x0000b7a8                _realloc_r
 .text._malloc_usable_size_r
                0x0000b7f4       0x10 c:/users/hp/appdata/local/arduin~1/packages/arduino/tools/arm-no~1/7-2017q4/bin/../lib/gcc/arm-none-eabi/7.2.1/../../../../arm-none-eabi/lib/thumb/v6-m\libc_nano.a(lib_a-nano-msizer.o)
                0x0000b7f4                _malloc_usable_size_r
 .text._sbrk    0x0000b804       0x1c c:/users/hp/appdata/local/arduin~1/packages/arduino/tools/arm-no~1/7-2017q4/bin/../lib/gcc/arm-none-eabi/7.2.1/../../../../arm-none-eabi/lib/thumb/v6-m\libnosys.a(sbrk.o)
                0x0000b804                _sbrk
 *(.init)
 .init          0x0000b820        0x4 c:/users/hp/appdata/local/arduin~1/packages/arduino/tools/arm-no~1/7-2017q4/bin/../lib/gcc/arm-none-eabi/7.2.1/thumb/v6-m/crti.o
                0x0000b820                _init
 .init          0x0000b824        0x8 c:/users/hp/appdata/local/arduin~1/packages/arduino/tools/arm-no~1/7-2017q4/bin/../lib/gcc/arm-none-eabi/7.2.1/thumb/v6-m/crtn.o
 *(.fini)
 .fini          0x0000b82c        0x4 c:/users/hp/appdata/local/arduin~1/packages/arduino/tools/arm-no~1/7-2017q4/bin/../lib/gcc/arm-none-eabi/7.2.1/thumb/v6-m/crti.o
                0x0000b82c                _fini
 .fini          0x0000b830        0x8 c:/users/hp/appdata/local/arduin~1/packages/arduino/tools/arm-no~1/7-2017q4/bin/../lib/gcc/arm-none-eabi/7.2.1/thumb/v6-m/crtn.o
 *crtbegin.o(.ctors)
 *crtbegin?.o(.ctors)
 *(EXCLUDE_FILE(*crtend.o *crtend?.o) .ctors)
 *(SORT_BY_NAME(.ctors.*))
 *(.ctors)
 *crtbegin.o(.dtors)
 *crtbegin?.o(.dtors)
 *(EXCLUDE_FILE(*crtend.o *crtend?.o) .dtors)
 *(SORT_BY_NAME(.dtors.*))
 *(.dtors)
 *(.rodata*)
 .rodata.CSWTCH.377
                0x0000b838       0x18 C:\Users\hp\AppData\Local\Temp\VMBuilds\FTU_system_code\mkr1000\Debug\FTU_system_code.cpp.o
 .rodata.CSWTCH.412
                0x0000b850        0xc C:\Users\hp\AppData\Local\Temp\VMBuilds\FTU_system_code\mkr1000\Debug\FTU_system_code.cpp.o
 .rodata._GLOBAL__sub_I_test_time_count.str1.1
                0x0000b85c        0x0 C:\Users\hp\AppData\Local\Temp\VMBuilds\FTU_system_code\mkr1000\Debug\FTU_system_code.cpp.o
                                  0x1 (size before relaxing)
 .rodata._Z13adc_auto_scanPt.str1.1
                0x0000b85c       0x3f C:\Users\hp\AppData\Local\Temp\VMBuilds\FTU_system_code\mkr1000\Debug\FTU_system_code.cpp.o
 .rodata._Z15raise_mcu_error6String.str1.1
                0x0000b89b       0x3f C:\Users\hp\AppData\Local\Temp\VMBuilds\FTU_system_code\mkr1000\Debug\FTU_system_code.cpp.o
                                  0x2 (size before relaxing)
 .rodata._Z15update_json_docibbb6StringPdfffi.str1.1
                0x0000b89b       0x53 C:\Users\hp\AppData\Local\Temp\VMBuilds\FTU_system_code\mkr1000\Debug\FTU_system_code.cpp.o
 .rodata._Z19send_data_to_serialv.str1.1
                0x0000b8ee       0x53 C:\Users\hp\AppData\Local\Temp\VMBuilds\FTU_system_code\mkr1000\Debug\FTU_system_code.cpp.o
                                  0x2 (size before relaxing)
 .rodata._Z25receive_test_instructionsv.str1.1
                0x0000b8ee       0xa5 C:\Users\hp\AppData\Local\Temp\VMBuilds\FTU_system_code\mkr1000\Debug\FTU_system_code.cpp.o
                                 0xa8 (size before relaxing)
 .rodata._Z9adc_setupv.str1.1
                0x0000b993       0x1d C:\Users\hp\AppData\Local\Temp\VMBuilds\FTU_system_code\mkr1000\Debug\FTU_system_code.cpp.o
 .rodata._ZL22adc_register_addresses
                0x0000b9b0        0x9 C:\Users\hp\AppData\Local\Temp\VMBuilds\FTU_system_code\mkr1000\Debug\FTU_system_code.cpp.o
 .rodata._ZN18ArduinoJson6161_1113TextFormatterINS_6WriterI7Serial_vEEE10writeFloatIfEEvT_.str1.1
                0x0000b9b9        0x8 C:\Users\hp\AppData\Local\Temp\VMBuilds\FTU_system_code\mkr1000\Debug\FTU_system_code.cpp.o
 .rodata._ZN18ArduinoJson6161_1116JsonDeserializerINS_6ReaderIPcvEENS_11StringMoverEE17parseQuotedStringEv.str1.1
                0x0000b9c1       0x11 C:\Users\hp\AppData\Local\Temp\VMBuilds\FTU_system_code\mkr1000\Debug\FTU_system_code.cpp.o
 .rodata._ZNK18ArduinoJson6161_1111VariantData6acceptINS_14JsonSerializerINS_6WriterI7Serial_vEEEEEEvRT_.str1.1
                0x0000b9d2        0xb C:\Users\hp\AppData\Local\Temp\VMBuilds\FTU_system_code\mkr1000\Debug\FTU_system_code.cpp.o
 .rodata.str1.1
                0x0000b9dd       0x3e C:\Users\hp\AppData\Local\Temp\VMBuilds\FTU_system_code\mkr1000\Debug\FTU_system_code.cpp.o
 *fill*         0x0000ba1b        0x1 
 .rodata.g_APinDescription
                0x0000ba1c      0x360 C:\Users\hp\AppData\Local\Temp\VMBCore\arduino16x\b134bebc6982d6b2989adcccb7b06d2f\variant\variant.cpp.o
                0x0000ba1c                g_APinDescription
 .rodata        0x0000bd7c       0x10 C:\Users\hp\AppData\Local\Temp\VMBuilds\FTU_SY~1\mkr1000\Debug/core.a(wiring_analog.c.o)
 .rodata._ZN5Print7printlnEv.str1.1