Archive member included to satisfy reference by file (symbol)

C:\Users\hp\AppData\Local\Temp\VMBuilds\MEMORY~1\mkr1000\Debug/core.a(cortex_handlers.c.o)
                              (Reset_Handler)
C:\Users\hp\AppData\Local\Temp\VMBuilds\MEMORY~1\mkr1000\Debug/core.a(delay.c.o)
                              C:\Users\hp\AppData\Local\Temp\VMBuilds\memory_w25q32jv_development\mkr1000\Debug\SPIMemory\SPIFlashIO.cpp.o (micros)
C:\Users\hp\AppData\Local\Temp\VMBuilds\MEMORY~1\mkr1000\Debug/core.a(hooks.c.o)
                              C:\Users\hp\AppData\Local\Temp\VMBuilds\MEMORY~1\mkr1000\Debug/core.a(delay.c.o) (yield)
C:\Users\hp\AppData\Local\Temp\VMBuilds\MEMORY~1\mkr1000\Debug/core.a(startup.c.o)
                              C:\Users\hp\AppData\Local\Temp\VMBuilds\MEMORY~1\mkr1000\Debug/core.a(cortex_handlers.c.o) (SystemInit)
C:\Users\hp\AppData\Local\Temp\VMBuilds\MEMORY~1\mkr1000\Debug/core.a(wiring.c.o)
                              C:\Users\hp\AppData\Local\Temp\VMBuilds\MEMORY~1\mkr1000\Debug/core.a(startup.c.o) (SystemCoreClock)
C:\Users\hp\AppData\Local\Temp\VMBuilds\MEMORY~1\mkr1000\Debug/core.a(wiring_analog.c.o)
                              C:\Users\hp\AppData\Local\Temp\VMBuilds\MEMORY~1\mkr1000\Debug/core.a(wiring.c.o) (analogReference)
C:\Users\hp\AppData\Local\Temp\VMBuilds\MEMORY~1\mkr1000\Debug/core.a(wiring_digital.c.o)
                              C:\Users\hp\AppData\Local\Temp\VMBuilds\memory_w25q32jv_development\mkr1000\Debug\SPIMemory\SPIFlash.cpp.o (pinMode)
C:\Users\hp\AppData\Local\Temp\VMBuilds\MEMORY~1\mkr1000\Debug/core.a(wiring_private.c.o)
                              C:\Users\hp\AppData\Local\Temp\VMBuilds\memory_w25q32jv_development\mkr1000\Debug\SPI\SPI.cpp.o (pinPeripheral)
C:\Users\hp\AppData\Local\Temp\VMBuilds\MEMORY~1\mkr1000\Debug/core.a(main.cpp.o)
                              c:/users/hp/appdata/local/arduin~1/packages/arduino/tools/arm-no~1/7-2017q4/bin/../lib/gcc/arm-none-eabi/7.2.1/../../../../arm-none-eabi/lib/thumb/v6-m/crt0.o (main)
C:\Users\hp\AppData\Local\Temp\VMBuilds\MEMORY~1\mkr1000\Debug/core.a(new.cpp.o)
                              C:\Users\hp\AppData\Local\Temp\VMBuilds\memory_w25q32jv_development\mkr1000\Debug\memory_w25q32jv_development.cpp.o (operator new(unsigned int))
C:\Users\hp\AppData\Local\Temp\VMBuilds\MEMORY~1\mkr1000\Debug/core.a(Print.cpp.o)
                              C:\Users\hp\AppData\Local\Temp\VMBuilds\memory_w25q32jv_development\mkr1000\Debug\SPIMemory\diagnostics.cpp.o (Print::print(__FlashStringHelper const*))
C:\Users\hp\AppData\Local\Temp\VMBuilds\MEMORY~1\mkr1000\Debug/core.a(Reset.cpp.o)
                              C:\Users\hp\AppData\Local\Temp\VMBuilds\MEMORY~1\mkr1000\Debug/core.a(delay.c.o) (tickReset)
C:\Users\hp\AppData\Local\Temp\VMBuilds\MEMORY~1\mkr1000\Debug/core.a(SERCOM.cpp.o)
                              C:\Users\hp\AppData\Local\Temp\VMBCore\arduino16x\b134bebc6982d6b2989adcccb7b06d2f\variant\variant.cpp.o (SERCOM::SERCOM(Sercom*))
C:\Users\hp\AppData\Local\Temp\VMBuilds\MEMORY~1\mkr1000\Debug/core.a(Uart.cpp.o)
                              C:\Users\hp\AppData\Local\Temp\VMBCore\arduino16x\b134bebc6982d6b2989adcccb7b06d2f\variant\variant.cpp.o (Uart::Uart(SERCOM*, unsigned char, unsigned char, SercomRXPad, SercomUartTXPad))
C:\Users\hp\AppData\Local\Temp\VMBuilds\MEMORY~1\mkr1000\Debug/core.a(WString.cpp.o)
                              C:\Users\hp\AppData\Local\Temp\VMBuilds\memory_w25q32jv_development\mkr1000\Debug\memory_w25q32jv_development.cpp.o (String::~String())
C:\Users\hp\AppData\Local\Temp\VMBuilds\MEMORY~1\mkr1000\Debug/core.a(CDC.cpp.o)
                              C:\Users\hp\AppData\Local\Temp\VMBuilds\memory_w25q32jv_development\mkr1000\Debug\memory_w25q32jv_development.cpp.o (Serial_::begin(unsigned long))
C:\Users\hp\AppData\Local\Temp\VMBuilds\MEMORY~1\mkr1000\Debug/core.a(PluggableUSB.cpp.o)
                              C:\Users\hp\AppData\Local\Temp\VMBuilds\MEMORY~1\mkr1000\Debug/core.a(CDC.cpp.o) (PluggableUSB_::plug(PluggableUSBModule*))
C:\Users\hp\AppData\Local\Temp\VMBuilds\MEMORY~1\mkr1000\Debug/core.a(USBCore.cpp.o)
                              C:\Users\hp\AppData\Local\Temp\VMBuilds\MEMORY~1\mkr1000\Debug/core.a(CDC.cpp.o) (usbd)
C:\Users\hp\AppData\Local\Temp\VMBuilds\MEMORY~1\mkr1000\Debug/core.a(itoa.c.o)
                              C:\Users\hp\AppData\Local\Temp\VMBuilds\MEMORY~1\mkr1000\Debug/core.a(WString.cpp.o) (ltoa)
C:\Users\hp\AppData\Local\Temp\VMBuilds\MEMORY~1\mkr1000\Debug/core.a(dtostrf.c.o)
                              C:\Users\hp\AppData\Local\Temp\VMBuilds\MEMORY~1\mkr1000\Debug/core.a(WString.cpp.o) (dtostrf)
C:\Users\hp\AppData\Local\Temp\VMBuilds\MEMORY~1\mkr1000\Debug/core.a(abi.cpp.o)
                              C:\Users\hp\AppData\Local\Temp\VMBuilds\MEMORY~1\mkr1000\Debug/core.a(Print.cpp.o) (__cxa_pure_virtual)
[...]
Memory Configuration

Name             Origin             Length             Attributes
FLASH            0x00002000         0x0003e000         xr
RAM              0x20000000         0x00008000         xrw
*default*        0x00000000         0xffffffff

Linker script and memory map

LOAD c:/users/hp/appdata/local/arduin~1/packages/arduino/tools/arm-no~1/7-2017q4/bin/../lib/gcc/arm-none-eabi/7.2.1/thumb/v6-m/crti.o
LOAD c:/users/hp/appdata/local/arduin~1/packages/arduino/tools/arm-no~1/7-2017q4/bin/../lib/gcc/arm-none-eabi/7.2.1/thumb/v6-m/crtbegin.o
LOAD c:/users/hp/appdata/local/arduin~1/packages/arduino/tools/arm-no~1/7-2017q4/bin/../lib/gcc/arm-none-eabi/7.2.1/../../../../arm-none-eabi/lib/thumb/v6-m/crt0.o
LOAD C:\Users\hp\AppData\Local\Temp\VMBuilds\memory_w25q32jv_development\mkr1000\Debug\memory_w25q32jv_development.cpp.o
LOAD C:\Users\hp\AppData\Local\Temp\VMBuilds\memory_w25q32jv_development\mkr1000\Debug\SPI\SPI.cpp.o
LOAD C:\Users\hp\AppData\Local\Temp\VMBuilds\memory_w25q32jv_development\mkr1000\Debug\SPIMemory\diagnostics.cpp.o
LOAD C:\Users\hp\AppData\Local\Temp\VMBuilds\memory_w25q32jv_development\mkr1000\Debug\SPIMemory\DMASAM.cpp.o
LOAD C:\Users\hp\AppData\Local\Temp\VMBuilds\memory_w25q32jv_development\mkr1000\Debug\SPIMemory\SPIFlash.cpp.o
LOAD C:\Users\hp\AppData\Local\Temp\VMBuilds\memory_w25q32jv_development\mkr1000\Debug\SPIMemory\SPIFlashIO.cpp.o
LOAD C:\Users\hp\AppData\Local\Temp\VMBuilds\memory_w25q32jv_development\mkr1000\Debug\SPIMemory\SPIFlashSFDP.cpp.o
LOAD C:\Users\hp\AppData\Local\Temp\VMBuilds\memory_w25q32jv_development\mkr1000\Debug\SPIMemory\SPIFram.cpp.o
LOAD C:\Users\hp\AppData\Local\Temp\VMBuilds\memory_w25q32jv_development\mkr1000\Debug\SPIMemory\SPIFramIO.cpp.o
LOAD C:\Users\hp\AppData\Local\Temp\VMBuilds\memory_w25q32jv_development\mkr1000\Debug\SPIMemory\SPIMemory.cpp.o
LOAD C:\Users\hp\AppData\Local\Temp\VMBCore\arduino16x\b134bebc6982d6b2989adcccb7b06d2f\variant\variant.cpp.o
START GROUP
LOAD C:\Users\hp\AppData\Local\ARDUIN~1\packages\arduino\tools\CMSIS\4583DE~1.0/CMSIS/Lib/GCC/\libarm_cortexM0l_math.a
LOAD C:\Users\hp\AppData\Local\Temp\VMBuilds\MEMORY~1\mkr1000\Debug/core.a
END GROUP
LOAD c:/users/hp/appdata/local/arduin~1/packages/arduino/tools/arm-no~1/7-2017q4/bin/../lib/gcc/arm-none-eabi/7.2.1/../../../../arm-none-eabi/lib/thumb/v6-m\libstdc++_nano.a
LOAD c:/users/hp/appdata/local/arduin~1/packages/arduino/tools/arm-no~1/7-2017q4/bin/../lib/gcc/arm-none-eabi/7.2.1/../../../../arm-none-eabi/lib/thumb/v6-m\libm.a
START GROUP
LOAD c:/users/hp/appdata/local/arduin~1/packages/arduino/tools/arm-no~1/7-2017q4/bin/../lib/gcc/arm-none-eabi/7.2.1/thumb/v6-m\libgcc.a
LOAD c:/users/hp/appdata/local/arduin~1/packages/arduino/tools/arm-no~1/7-2017q4/bin/../lib/gcc/arm-none-eabi/7.2.1/../../../../arm-none-eabi/lib/thumb/v6-m\libc_nano.a
END GROUP
START GROUP
LOAD c:/users/hp/appdata/local/arduin~1/packages/arduino/tools/arm-no~1/7-2017q4/bin/../lib/gcc/arm-none-eabi/7.2.1/thumb/v6-m\libgcc.a
LOAD c:/users/hp/appdata/local/arduin~1/packages/arduino/tools/arm-no~1/7-2017q4/bin/../lib/gcc/arm-none-eabi/7.2.1/../../../../arm-none-eabi/lib/thumb/v6-m\libc_nano.a
LOAD c:/users/hp/appdata/local/arduin~1/packages/arduino/tools/arm-no~1/7-2017q4/bin/../lib/gcc/arm-none-eabi/7.2.1/../../../../arm-none-eabi/lib/thumb/v6-m\libnosys.a
END GROUP
START GROUP
LOAD c:/users/hp/appdata/local/arduin~1/packages/arduino/tools/arm-no~1/7-2017q4/bin/../lib/gcc/arm-none-eabi/7.2.1/thumb/v6-m\libgcc.a
LOAD c:/users/hp/appdata/local/arduin~1/packages/arduino/tools/arm-no~1/7-2017q4/bin/../lib/gcc/arm-none-eabi/7.2.1/../../../../arm-none-eabi/lib/thumb/v6-m\libc_nano.a
LOAD c:/users/hp/appdata/local/arduin~1/packages/arduino/tools/arm-no~1/7-2017q4/bin/../lib/gcc/arm-none-eabi/7.2.1/../../../../arm-none-eabi/lib/thumb/v6-m\libnosys.a
END GROUP
LOAD c:/users/hp/appdata/local/arduin~1/packages/arduino/tools/arm-no~1/7-2017q4/bin/../lib/gcc/arm-none-eabi/7.2.1/thumb/v6-m/crtend.o
LOAD c:/users/hp/appdata/local/arduin~1/packages/arduino/tools/arm-no~1/7-2017q4/bin/../lib/gcc/arm-none-eabi/7.2.1/thumb/v6-m/crtn.o

.text           0x00002000     0xa89c
                0x00002000                __text_start__ = .
 *(.sketch_boot)
                0x00002000                . = ALIGN (0x2000)
 *(.isr_vector)
 .isr_vector    0x00002000       0xb4 C:\Users\hp\AppData\Local\Temp\VMBuilds\MEMORY~1\mkr1000\Debug/core.a(cortex_handlers.c.o)
                0x00002000                exception_table
 *(.text*)
 .text          0x000020b4       0x48 c:/users/hp/appdata/local/arduin~1/packages/arduino/tools/arm-no~1/7-2017q4/bin/../lib/gcc/arm-none-eabi/7.2.1/thumb/v6-m/crtbegin.o
 .text._ZN10LinkedListImED2Ev
                0x000020fc       0x18 C:\Users\hp\AppData\Local\Temp\VMBuilds\memory_w25q32jv_development\mkr1000\Debug\memory_w25q32jv_development.cpp.o
                0x000020fc                LinkedList<unsigned long>::~LinkedList()
                0x000020fc                LinkedList<unsigned long>::~LinkedList()
 .text._Z12memory_setupP8SPIFlash
                0x00002114       0x2c C:\Users\hp\AppData\Local\Temp\VMBuilds\memory_w25q32jv_development\mkr1000\Debug\memory_w25q32jv_development.cpp.o
                0x00002114                memory_setup(SPIFlash*)
 .text._Z15array_to_stringPdidc
                0x00002140       0x68 C:\Users\hp\AppData\Local\Temp\VMBuilds\memory_w25q32jv_development\mkr1000\Debug\memory_w25q32jv_development.cpp.o
                0x00002140                array_to_string(double*, int, double, char)
 .text._Z15array_to_stringPmiic
                0x000021a8       0x58 C:\Users\hp\AppData\Local\Temp\VMBuilds\memory_w25q32jv_development\mkr1000\Debug\memory_w25q32jv_development.cpp.o
                0x000021a8                array_to_string(unsigned long*, int, int, char)
 .text._Z15string_to_array6StringPdidc
                0x00002200       0x68 C:\Users\hp\AppData\Local\Temp\VMBuilds\memory_w25q32jv_development\mkr1000\Debug\memory_w25q32jv_development.cpp.o
                0x00002200                string_to_array(String, double*, int, double, char)
 .text._Z15string_to_array6StringPmiic
                0x00002268       0x5c C:\Users\hp\AppData\Local\Temp\VMBuilds\memory_w25q32jv_development\mkr1000\Debug\memory_w25q32jv_development.cpp.o
                0x00002268                string_to_array(String, unsigned long*, int, int, char)
 .text.loop     0x000022c4        0x2 C:\Users\hp\AppData\Local\Temp\VMBuilds\memory_w25q32jv_development\mkr1000\Debug\memory_w25q32jv_development.cpp.o
                0x000022c4                loop
 .text._ZN10LinkedListImE10InsertTailEm
                0x000022c6       0x3a C:\Users\hp\AppData\Local\Temp\VMBuilds\memory_w25q32jv_development\mkr1000\Debug\memory_w25q32jv_development.cpp.o
                0x000022c6                LinkedList<unsigned long>::InsertTail(unsigned long)
 .text._Z27memory_store_array_functionP8SPIFlashPdiP10LinkedListImEdc
                0x00002300       0x4a C:\Users\hp\AppData\Local\Temp\VMBuilds\memory_w25q32jv_development\mkr1000\Debug\memory_w25q32jv_development.cpp.o
                0x00002300                memory_store_array_function(SPIFlash*, double*, int, LinkedList<unsigned long>*, double, char)
 .text._Z27memory_store_array_functionP8SPIFlashPmiP10LinkedListImEic
                0x0000234a       0x42 C:\Users\hp\AppData\Local\Temp\VMBuilds\memory_w25q32jv_development\mkr1000\Debug\memory_w25q32jv_development.cpp.o
                0x0000234a                memory_store_array_function(SPIFlash*, unsigned long*, int, LinkedList<unsigned long>*, int, char)
 .text._ZN10LinkedListImE13move_iteratorEi
                0x0000238c       0x28 C:\Users\hp\AppData\Local\Temp\VMBuilds\memory_w25q32jv_development\mkr1000\Debug\memory_w25q32jv_development.cpp.o
                0x0000238c                LinkedList<unsigned long>::move_iterator(int)
 .text._ZN10LinkedListImE5ClearEv
                0x000023b4       0x3c C:\Users\hp\AppData\Local\Temp\VMBuilds\memory_w25q32jv_development\mkr1000\Debug\memory_w25q32jv_development.cpp.o
                0x000023b4                LinkedList<unsigned long>::Clear()
 .text._Z30memory_retrieve_array_functionP8SPIFlashPmiicP10LinkedListImEi
                0x000023f0       0x6c C:\Users\hp\AppData\Local\Temp\VMBuilds\memory_w25q32jv_development\mkr1000\Debug\memory_w25q32jv_development.cpp.o
                0x000023f0                memory_retrieve_array_function(SPIFlash*, unsigned long*, int, int, char, LinkedList<unsigned long>*, int)
 .text._Z30memory_retrieve_array_functionP8SPIFlashPdidcP10LinkedListImEi
                0x0000245c       0x74 C:\Users\hp\AppData\Local\Temp\VMBuilds\memory_w25q32jv_development\mkr1000\Debug\memory_w25q32jv_development.cpp.o
                0x0000245c                memory_retrieve_array_function(SPIFlash*, double*, int, double, char, LinkedList<unsigned long>*, int)
 .text.setup    0x000024d0      0x3b4 C:\Users\hp\AppData\Local\Temp\VMBuilds\memory_w25q32jv_development\mkr1000\Debug\memory_w25q32jv_development.cpp.o
                0x000024d0                setup
 .text.startup._GLOBAL__sub_I_memory_addresses_linkedlist
                0x00002884       0x4c C:\Users\hp\AppData\Local\Temp\VMBuilds\memory_w25q32jv_development\mkr1000\Debug\memory_w25q32jv_development.cpp.o
 .text._ZN8SPIClass4initEv
                0x000028d0       0x12 C:\Users\hp\AppData\Local\Temp\VMBuilds\memory_w25q32jv_development\mkr1000\Debug\SPI\SPI.cpp.o
                0x000028d0                SPIClass::init()
 .text._ZN8SPIClass6configE11SPISettings
                0x000028e2       0x4e C:\Users\hp\AppData\Local\Temp\VMBuilds\memory_w25q32jv_development\mkr1000\Debug\SPI\SPI.cpp.o
                0x000028e2                SPIClass::config(SPISettings)
 .text._ZN8SPIClass5beginEv
                0x00002930       0x50 C:\Users\hp\AppData\Local\Temp\VMBuilds\memory_w25q32jv_development\mkr1000\Debug\SPI\SPI.cpp.o
                0x00002930                SPIClass::begin()
 .text._ZN8SPIClass16beginTransactionE11SPISettings
                0x00002980       0x38 C:\Users\hp\AppData\Local\Temp\VMBuilds\memory_w25q32jv_development\mkr1000\Debug\SPI\SPI.cpp.o
                0x00002980                SPIClass::beginTransaction(SPISettings)
 .text._ZN8SPIClass14endTransactionEv
                0x000029b8       0x28 C:\Users\hp\AppData\Local\Temp\VMBuilds\memory_w25q32jv_development\mkr1000\Debug\SPI\SPI.cpp.o
                0x000029b8                SPIClass::endTransaction()
 .text._ZN8SPIClass8transferEh
                0x000029e0        0xa C:\Users\hp\AppData\Local\Temp\VMBuilds\memory_w25q32jv_development\mkr1000\Debug\SPI\SPI.cpp.o
                0x000029e0                SPIClass::transfer(unsigned char)
 .text._ZN8SPIClass8transferEPvj
                0x000029ea       0x1c C:\Users\hp\AppData\Local\Temp\VMBuilds\memory_w25q32jv_development\mkr1000\Debug\SPI\SPI.cpp.o
                0x000029ea                SPIClass::transfer(void*, unsigned int)
 *fill*         0x00002a06        0x2 
 .text.startup._GLOBAL__sub_I__ZN8SPIClassC2EP6SERCOMhhh14SercomSpiTXPad11SercomRXPad
                0x00002a08       0x64 C:\Users\hp\AppData\Local\Temp\VMBuilds\memory_w25q32jv_development\mkr1000\Debug\SPI\SPI.cpp.o
 .text._ZN11DiagnosticsD2Ev
                0x00002a6c        0x2 C:\Users\hp\AppData\Local\Temp\VMBuilds\memory_w25q32jv_development\mkr1000\Debug\SPIMemory\diagnostics.cpp.o
                0x00002a6c                Diagnostics::~Diagnostics()
                0x00002a6c                Diagnostics::~Diagnostics()
 *fill*         0x00002a6e        0x2 
 .text._ZN11Diagnostics17_printSupportLinkEv
                0x00002a70       0x24 C:\Users\hp\AppData\Local\Temp\VMBuilds\memory_w25q32jv_development\mkr1000\Debug\SPIMemory\diagnostics.cpp.o
                0x00002a70                Diagnostics::_printSupportLink()
 .text._ZN11Diagnostics12troubleshootEhb
                0x00002a94      0x128 C:\Users\hp\AppData\Local\Temp\VMBuilds\memory_w25q32jv_development\mkr1000\Debug\SPIMemory\diagnostics.cpp.o
                0x00002a94                Diagnostics::troubleshoot(unsigned char, bool)
 .text.startup._GLOBAL__sub_I__ZN11Diagnostics15_printErrorCodeEv
                0x00002bbc       0x1c C:\Users\hp\AppData\Local\Temp\VMBuilds\memory_w25q32jv_development\mkr1000\Debug\SPIMemory\diagnostics.cpp.o
 .text._ZN8SPIFlashC2EhP8SPIClass
                0x00002bd8       0xa4 C:\Users\hp\AppData\Local\Temp\VMBuilds\memory_w25q32jv_development\mkr1000\Debug\SPIMemory\SPIFlash.cpp.o
                0x00002bd8                SPIFlash::SPIFlash(unsigned char, SPIClass*)
                0x00002bd8                SPIFlash::SPIFlash(unsigned char, SPIClass*)
 .text._ZN8SPIFlash5beginEm
                0x00002c7c       0x46 C:\Users\hp\AppData\Local\Temp\VMBuilds\memory_w25q32jv_development\mkr1000\Debug\SPIMemory\SPIFlash.cpp.o
                0x00002c7c                SPIFlash::begin(unsigned long)
 *fill*         0x00002cc2        0x2 
 .text._ZN8SPIFlash5errorEb
                0x00002cc4       0x1c C:\Users\hp\AppData\Local\Temp\VMBuilds\memory_w25q32jv_development\mkr1000\Debug\SPIMemory\SPIFlash.cpp.o
                0x00002cc4                SPIFlash::error(bool)
 .text._ZN8SPIFlash10getAddressEt
                0x00002ce0       0x48 C:\Users\hp\AppData\Local\Temp\VMBuilds\memory_w25q32jv_development\mkr1000\Debug\SPIMemory\SPIFlash.cpp.o
                0x00002ce0                SPIFlash::getAddress(unsigned short)
 .text._ZN8SPIFlash7readStrEmR6Stringb
                0x00002d28       0xc4 C:\Users\hp\AppData\Local\Temp\VMBuilds\memory_w25q32jv_development\mkr1000\Debug\SPIMemory\SPIFlash.cpp.o
                0x00002d28                SPIFlash::readStr(unsigned long, String&, bool)
 .text._ZN8SPIFlash8writeStrEmR6Stringb
                0x00002dec      0x25c C:\Users\hp\AppData\Local\Temp\VMBuilds\memory_w25q32jv_development\mkr1000\Debug\SPIMemory\SPIFlash.cpp.o
                0x00002dec                SPIFlash::writeStr(unsigned long, String&, bool)
 .text._ZN8SPIFlash9eraseChipEv
                0x00003048       0x54 C:\Users\hp\AppData\Local\Temp\VMBuilds\memory_w25q32jv_development\mkr1000\Debug\SPIMemory\SPIFlash.cpp.o
                0x00003048                SPIFlash::eraseChip()
 .text._ZN8SPIFlash9_nextByteEch.constprop.8
                0x0000309c        0xa C:\Users\hp\AppData\Local\Temp\VMBuilds\memory_w25q32jv_development\mkr1000\Debug\SPIMemory\SPIFlashIO.cpp.o
 *fill*         0x000030a6        0x2 
 .text._ZN8SPIFlash13_addressCheckEmm
                0x000030a8       0x48 C:\Users\hp\AppData\Local\Temp\VMBuilds\memory_w25q32jv_development\mkr1000\Debug\SPIMemory\SPIFlashIO.cpp.o
                0x000030a8                SPIFlash::_addressCheck(unsigned long, unsigned long)
 .text._ZN8SPIFlash16_transferAddressEv
                0x000030f0       0x3c C:\Users\hp\AppData\Local\Temp\VMBuilds\memory_w25q32jv_development\mkr1000\Debug\SPIMemory\SPIFlashIO.cpp.o
                0x000030f0                SPIFlash::_transferAddress()
 .text._ZN8SPIFlash12_startSPIBusEv
                0x0000312c       0x14 C:\Users\hp\AppData\Local\Temp\VMBuilds\memory_w25q32jv_development\mkr1000\Debug\SPIMemory\SPIFlashIO.cpp.o
                0x0000312c                SPIFlash::_startSPIBus()
 .text._ZN8SPIFlash9_beginSPIEh
                0x00003140       0x60 C:\Users\hp\AppData\Local\Temp\VMBuilds\memory_w25q32jv_development\mkr1000\Debug\SPIMemory\SPIFlashIO.cpp.o
                0x00003140                SPIFlash::_beginSPI(unsigned char)
 .text._ZN8SPIFlash15_notPrevWrittenEmm
                0x000031a0       0x48 C:\Users\hp\AppData\Local\Temp\VMBuilds\memory_w25q32jv_development\mkr1000\Debug\SPIMemory\SPIFlashIO.cpp.o
                0x000031a0                SPIFlash::_notPrevWritten(unsigned long, unsigned long)
 .text._ZN8SPIFlash9_nextByteEch
                0x000031e8        0xc C:\Users\hp\AppData\Local\Temp\VMBuilds\memory_w25q32jv_development\mkr1000\Debug\SPIMemory\SPIFlashIO.cpp.o
                0x000031e8                SPIFlash::_nextByte(char, unsigned char)
 .text._ZN8SPIFlash8_nextBufEhPhm
                0x000031f4       0x16 C:\Users\hp\AppData\Local\Temp\VMBuilds\memory_w25q32jv_development\mkr1000\Debug\SPIMemory\SPIFlashIO.cpp.o
                0x000031f4                SPIFlash::_nextBuf(unsigned char, unsigned char*, unsigned long)
 .text._ZN8SPIFlash10_readStat1Ev
                0x0000320a       0x22 C:\Users\hp\AppData\Local\Temp\VMBuilds\memory_w25q32jv_development\mkr1000\Debug\SPIMemory\SPIFlashIO.cpp.o
                0x0000320a                SPIFlash::_readStat1()
 .text._ZN8SPIFlash10_readStat3Ev
                0x0000322c       0x22 C:\Users\hp\AppData\Local\Temp\VMBuilds\memory_w25q32jv_development\mkr1000\Debug\SPIMemory\SPIFlashIO.cpp.o
                0x0000322c                SPIFlash::_readStat3()
 *fill*         0x0000324e        0x2 
 .text._ZN8SPIFlash22_enable4ByteAddressingEv
                0x00003250       0x44 C:\Users\hp\AppData\Local\Temp\VMBuilds\memory_w25q32jv_development\mkr1000\Debug\SPIMemory\SPIFlashIO.cpp.o
                0x00003250                SPIFlash::_enable4ByteAddressing()
 .text._ZN8SPIFlash23_disable4ByteAddressingEv
                0x00003294       0x40 C:\Users\hp\AppData\Local\Temp\VMBuilds\memory_w25q32jv_development\mkr1000\Debug\SPIMemory\SPIFlashIO.cpp.o
                0x00003294                SPIFlash::_disable4ByteAddressing()
 .text._ZN8SPIFlash7_endSPIEv
                0x000032d4       0x24 C:\Users\hp\AppData\Local\Temp\VMBuilds\memory_w25q32jv_development\mkr1000\Debug\SPIMemory\SPIFlashIO.cpp.o
                0x000032d4                SPIFlash::_endSPI()
 .text._ZN8SPIFlash18_isChipPoweredDownEv
                0x000032f8       0x1c C:\Users\hp\AppData\Local\Temp\VMBuilds\memory_w25q32jv_development\mkr1000\Debug\SPIMemory\SPIFlashIO.cpp.o
                0x000032f8                SPIFlash::_isChipPoweredDown()
 .text._ZN8SPIFlash8_notBusyEm
                0x00003314       0x4c C:\Users\hp\AppData\Local\Temp\VMBuilds\memory_w25q32jv_development\mkr1000\Debug\SPIMemory\SPIFlashIO.cpp.o
                0x00003314                SPIFlash::_notBusy(unsigned long)
 .text._ZN8SPIFlash12_writeEnableEb
                0x00003360       0x3c C:\Users\hp\AppData\Local\Temp\VMBuilds\memory_w25q32jv_development\mkr1000\Debug\SPIMemory\SPIFlashIO.cpp.o
                0x00003360                SPIFlash::_writeEnable(bool)
 .text._ZN8SPIFlash5_prepEhmm
                0x0000339c       0xac C:\Users\hp\AppData\Local\Temp\VMBuilds\memory_w25q32jv_development\mkr1000\Debug\SPIMemory\SPIFlashIO.cpp.o
                0x0000339c                SPIFlash::_prep(unsigned char, unsigned long, unsigned long)
 .text._ZN8SPIFlash13_writeDisableEv
                0x00003448       0x16 C:\Users\hp\AppData\Local\Temp\VMBuilds\memory_w25q32jv_development\mkr1000\Debug\SPIMemory\SPIFlashIO.cpp.o
                0x00003448                SPIFlash::_writeDisable()
 *fill*         0x0000345e        0x2 
 .text._ZN8SPIFlash11_getJedecIdEv
                0x00003460       0x68 C:\Users\hp\AppData\Local\Temp\VMBuilds\memory_w25q32jv_development\mkr1000\Debug\SPIMemory\SPIFlashIO.cpp.o
                0x00003460                SPIFlash::_getJedecId()
 .text._ZN8SPIFlash26_disableGlobalBlockProtectEv
                0x000034c8       0x8c C:\Users\hp\AppData\Local\Temp\VMBuilds\memory_w25q32jv_development\mkr1000\Debug\SPIMemory\SPIFlashIO.cpp.o
                0x000034c8                SPIFlash::_disableGlobalBlockProtect()
 .text._ZN8SPIFlash7_chipIDEm
                0x00003554      0x140 C:\Users\hp\AppData\Local\Temp\VMBuilds\memory_w25q32jv_development\mkr1000\Debug\SPIMemory\SPIFlashIO.cpp.o
                0x00003554                SPIFlash::_chipID(unsigned long)
 .text._ZN8SPIFlash13_troubleshootEhb
                0x00003694       0x10 C:\Users\hp\AppData\Local\Temp\VMBuilds\memory_w25q32jv_development\mkr1000\Debug\SPIMemory\SPIFlashIO.cpp.o
                0x00003694                SPIFlash::_troubleshoot(unsigned char, bool)
 .text._ZN9SPIMemoryD2Ev
                0x000036a4        0x2 C:\Users\hp\AppData\Local\Temp\VMBuilds\memory_w25q32jv_development\mkr1000\Debug\SPIMemory\SPIMemory.cpp.o
                0x000036a4                SPIMemory::~SPIMemory()
                0x000036a4                SPIMemory::~SPIMemory()
 *fill*         0x000036a6        0x2 
 .text.startup._GLOBAL__sub_I_SPIMemory
                0x000036a8       0x1c C:\Users\hp\AppData\Local\Temp\VMBuilds\memory_w25q32jv_development\mkr1000\Debug\SPIMemory\SPIMemory.cpp.o
 .text.SERCOM5_Handler
                0x000036c4       0x10 C:\Users\hp\AppData\Local\Temp\VMBCore\arduino16x\b134bebc6982d6b2989adcccb7b06d2f\variant\variant.cpp.o
                0x000036c4                SERCOM5_Handler
 .text.startup._GLOBAL__sub_I_g_APinDescription
                0x000036d4       0x80 C:\Users\hp\AppData\Local\Temp\VMBCore\arduino16x\b134bebc6982d6b2989adcccb7b06d2f\variant\variant.cpp.o
 .text.Dummy_Handler
                0x00003754        0x2 C:\Users\hp\AppData\Local\Temp\VMBuilds\MEMORY~1\mkr1000\Debug/core.a(cortex_handlers.c.o)
                0x00003754                DMAC_Handler
                0x00003754                HardFault_Handler
                0x00003754                AC_Handler
                0x00003754                PendSV_Handler
                0x00003754                NMI_Handler
                0x00003754                TC7_Handler
                0x00003754                SERCOM1_Handler
                0x00003754                ADC_Handler
                0x00003754                TCC1_Handler
                0x00003754                SERCOM2_Handler
                0x00003754                TCC0_Handler
                0x00003754                RTC_Handler
                0x00003754                EIC_Handler
                0x00003754                TC6_Handler
                0x00003754                WDT_Handler
                0x00003754                TC4_Handler
                0x00003754                TC3_Handler
                0x00003754                Dummy_Handler
                0x00003754                PM_Handler
                0x00003754                SVC_Handler
                0x00003754                TCC2_Handler
                0x00003754                EVSYS_Handler
                0x00003754                SERCOM3_Handler
                0x00003754                SERCOM4_Handler
                0x00003754                I2S_Handler
                0x00003754                NVMCTRL_Handler
                0x00003754                SERCOM0_Handler
                0x00003754                DAC_Handler
                0x00003754                PTC_Handler
                0x00003754                SYSCTRL_Handler
 *fill*         0x00003756        0x2 
 .text.USB_Handler
                0x00003758       0x14 C:\Users\hp\AppData\Local\Temp\VMBuilds\MEMORY~1\mkr1000\Debug/core.a(cortex_handlers.c.o)
                0x00003758                USB_Handler
 .text.Reset_Handler
                0x0000376c       0x54 C:\Users\hp\AppData\Local\Temp\VMBuilds\MEMORY~1\mkr1000\Debug/core.a(cortex_handlers.c.o)
                0x0000376c                Reset_Handler
 .text.SysTick_Handler
                0x000037c0       0x10 C:\Users\hp\AppData\Local\Temp\VMBuilds\MEMORY~1\mkr1000\Debug/core.a(cortex_handlers.c.o)
                0x000037c0                SysTick_Handler
 .text.USB_SetHandler
                0x000037d0        0xc C:\Users\hp\AppData\Local\Temp\VMBuilds\MEMORY~1\mkr1000\Debug/core.a(cortex_handlers.c.o)
                0x000037d0                USB_SetHandler
 .text.micros   0x000037dc       0x60 C:\Users\hp\AppData\Local\Temp\VMBuilds\MEMORY~1\mkr1000\Debug/core.a(delay.c.o)
                0x000037dc                micros
 .text.delay    0x0000383c       0x30 C:\Users\hp\AppData\Local\Temp\VMBuilds\MEMORY~1\mkr1000\Debug/core.a(delay.c.o)
                0x0000383c                delay
 .text.resetExternalChip
                0x0000386c        0x2 C:\Users\hp\AppData\Local\Temp\VMBuilds\MEMORY~1\mkr1000\Debug/core.a(delay.c.o)
                0x0000386c                resetExternalChip
 *fill*         0x0000386e        0x2 
 .text.SysTick_DefaultHandler
                0x00003870       0x14 C:\Users\hp\AppData\Local\Temp\VMBuilds\MEMORY~1\mkr1000\Debug/core.a(delay.c.o)
                0x00003870                SysTick_DefaultHandler
 .text.__empty  0x00003884        0x2 C:\Users\hp\AppData\Local\Temp\VMBuilds\MEMORY~1\mkr1000\Debug/core.a(hooks.c.o)
                0x00003884                yield
 .text.__false  0x00003886        0x4 C:\Users\hp\AppData\Local\Temp\VMBuilds\MEMORY~1\mkr1000\Debug/core.a(hooks.c.o)
                0x00003886                sysTickHook
 *fill*         0x0000388a        0x2 
 .text.SystemInit
                0x0000388c      0x160 C:\Users\hp\AppData\Local\Temp\VMBuilds\MEMORY~1\mkr1000\Debug/core.a(startup.c.o)
                0x0000388c                SystemInit
 .text.init     0x000039ec       0xf0 C:\Users\hp\AppData\Local\Temp\VMBuilds\MEMORY~1\mkr1000\Debug/core.a(wiring.c.o)
                0x000039ec                init
 .text.analogReference
                0x00003adc       0x64 C:\Users\hp\AppData\Local\Temp\VMBuilds\MEMORY~1\mkr1000\Debug/core.a(wiring_analog.c.o)
                0x00003adc                analogReference
 .text.pinMode  0x00003b40       0x98 C:\Users\hp\AppData\Local\Temp\VMBuilds\MEMORY~1\mkr1000\Debug/core.a(wiring_digital.c.o)
                0x00003b40                pinMode
 .text.digitalWrite
                0x00003bd8       0x58 C:\Users\hp\AppData\Local\Temp\VMBuilds\MEMORY~1\mkr1000\Debug/core.a(wiring_digital.c.o)
                0x00003bd8                digitalWrite
 .text.pinPeripheral
                0x00003c30       0xc0 C:\Users\hp\AppData\Local\Temp\VMBuilds\MEMORY~1\mkr1000\Debug/core.a(wiring_private.c.o)
                0x00003c30                pinPeripheral
 .text._Z11initVariantv
                0x00003cf0        0x2 C:\Users\hp\AppData\Local\Temp\VMBuilds\MEMORY~1\mkr1000\Debug/core.a(main.cpp.o)
                0x00003cf0                initVariant()
 *fill*         0x00003cf2        0x2 
 .text.startup.main
                0x00003cf4       0x40 C:\Users\hp\AppData\Local\Temp\VMBuilds\MEMORY~1\mkr1000\Debug/core.a(main.cpp.o)
                0x00003cf4                main
 .text._Znwj    0x00003d34        0x8 C:\Users\hp\AppData\Local\Temp\VMBuilds\MEMORY~1\mkr1000\Debug/core.a(new.cpp.o)
                0x00003d34                operator new(unsigned int)
 .text._Znaj    0x00003d3c        0x8 C:\Users\hp\AppData\Local\Temp\VMBuilds\MEMORY~1\mkr1000\Debug/core.a(new.cpp.o)
                0x00003d3c                operator new[](unsigned int)
 .text._ZdlPv   0x00003d44        0x8 C:\Users\hp\AppData\Local\Temp\VMBuilds\MEMORY~1\mkr1000\Debug/core.a(new.cpp.o)
                0x00003d44                operator delete(void*)
 .text._ZN5Print5writeEPKhj
                0x00003d4c       0x28 C:\Users\hp\AppData\Local\Temp\VMBuilds\MEMORY~1\mkr1000\Debug/core.a(Print.cpp.o)
                0x00003d4c                Print::write(unsigned char const*, unsigned int)
 .text._ZN5Print5writeEPKc.part.2
                0x00003d74       0x1a C:\Users\hp\AppData\Local\Temp\VMBuilds\MEMORY~1\mkr1000\Debug/core.a(Print.cpp.o)
 .text._ZN5Print5writeEPKc
                0x00003d8e       0x10 C:\Users\hp\AppData\Local\Temp\VMBuilds\MEMORY~1\mkr1000\Debug/core.a(Print.cpp.o)
                0x00003d8e                Print::write(char const*)
 .text._ZN5Print5printEPK19__FlashStringHelper
                0x00003d9e        0x8 C:\Users\hp\AppData\Local\Temp\VMBuilds\MEMORY~1\mkr1000\Debug/core.a(Print.cpp.o)
                0x00003d9e                Print::print(__FlashStringHelper const*)
 .text._ZN5Print5printERK6String
                0x00003da6        0xe C:\Users\hp\AppData\Local\Temp\VMBuilds\MEMORY~1\mkr1000\Debug/core.a(Print.cpp.o)
                0x00003da6                Print::print(String const&)
 .text._ZN5Print5printEPKc
                0x00003db4        0x8 C:\Users\hp\AppData\Local\Temp\VMBuilds\MEMORY~1\mkr1000\Debug/core.a(Print.cpp.o)
                0x00003db4                Print::print(char const*)
 .text._ZN5Print5printEc
                0x00003dbc        0xa C:\Users\hp\AppData\Local\Temp\VMBuilds\MEMORY~1\mkr1000\Debug/core.a(Print.cpp.o)
                0x00003dbc                Print::print(char)
 *fill*         0x00003dc6        0x2 
 .text._ZN5Print7printlnEv
                0x00003dc8       0x10 C:\Users\hp\AppData\Local\Temp\VMBuilds\MEMORY~1\mkr1000\Debug/core.a(Print.cpp.o)
                0x00003dc8                Print::println()
 .text._ZN5Print7printlnEPK19__FlashStringHelper
                0x00003dd8       0x14 C:\Users\hp\AppData\Local\Temp\VMBuilds\MEMORY~1\mkr1000\Debug/core.a(Print.cpp.o)
                0x00003dd8                Print::println(__FlashStringHelper const*)
 .text._ZN5Print7printlnERK6String
                0x00003dec       0x14 C:\Users\hp\AppData\Local\Temp\VMBuilds\MEMORY~1\mkr1000\Debug/core.a(Print.cpp.o)
                0x00003dec                Print::println(String const&)
 .text._ZN5Print7printlnEPKc
                0x00003e00       0x14 C:\Users\hp\AppData\Local\Temp\VMBuilds\MEMORY~1\mkr1000\Debug/core.a(Print.cpp.o)
                0x00003e00                Print::println(char const*)
 .text._ZN5Print11printNumberEmh
                0x00003e14       0x48 C:\Users\hp\AppData\Local\Temp\VMBuilds\MEMORY~1\mkr1000\Debug/core.a(Print.cpp.o)
                0x00003e14                Print::printNumber(unsigned long, unsigned char)
 .text._ZN5Print5printEli
                0x00003e5c       0x3e C:\Users\hp\AppData\Local\Temp\VMBuilds\MEMORY~1\mkr1000\Debug/core.a(Print.cpp.o)
                0x00003e5c                Print::print(long, int)
 .text._ZN5Print5printEii
                0x00003e9a        0x8 C:\Users\hp\AppData\Local\Temp\VMBuilds\MEMORY~1\mkr1000\Debug/core.a(Print.cpp.o)
                0x00003e9a                Print::print(int, int)
 .text._ZN5Print7printlnEii
                0x00003ea2       0x14 C:\Users\hp\AppData\Local\Temp\VMBuilds\MEMORY~1\mkr1000\Debug/core.a(Print.cpp.o)
                0x00003ea2                Print::println(int, int)
 .text._ZN5Print5printEmi
                0x00003eb6       0x18 C:\Users\hp\AppData\Local\Temp\VMBuilds\MEMORY~1\mkr1000\Debug/core.a(Print.cpp.o)
                0x00003eb6                Print::print(unsigned long, int)
 .text._ZN5Print5printEji
                0x00003ece        0x8 C:\Users\hp\AppData\Local\Temp\VMBuilds\MEMORY~1\mkr1000\Debug/core.a(Print.cpp.o)
                0x00003ece                Print::print(unsigned int, int)
 .text._ZN5Print7printlnEmi
                0x00003ed6       0x14 C:\Users\hp\AppData\Local\Temp\VMBuilds\MEMORY~1\mkr1000\Debug/core.a(Print.cpp.o)
                0x00003ed6                Print::println(unsigned long, int)
 *fill*         0x00003eea        0x2 
 .text._ZN5Print10printFloatEdh
                0x00003eec      0x168 C:\Users\hp\AppData\Local\Temp\VMBuilds\MEMORY~1\mkr1000\Debug/core.a(Print.cpp.o)
                0x00003eec                Print::printFloat(double, unsigned char)
 .text._ZN5Print5printEdi
                0x00004054       0x12 C:\Users\hp\AppData\Local\Temp\VMBuilds\MEMORY~1\mkr1000\Debug/core.a(Print.cpp.o)
                0x00004054                Print::print(double, int)
 *fill*         0x00004066        0x2 
 .text.initiateReset
                0x00004068       0x14 C:\Users\hp\AppData\Local\Temp\VMBuilds\MEMORY~1\mkr1000\Debug/core.a(Reset.cpp.o)
                0x00004068                initiateReset
 .text.cancelReset
                0x0000407c       0x10 C:\Users\hp\AppData\Local\Temp\VMBuilds\MEMORY~1\mkr1000\Debug/core.a(Reset.cpp.o)
                0x0000407c                cancelReset
 .text.tickReset
                0x0000408c       0x78 C:\Users\hp\AppData\Local\Temp\VMBuilds\MEMORY~1\mkr1000\Debug/core.a(Reset.cpp.o)
                0x0000408c                tickReset
 .text._ZN6SERCOMC2EP6Sercom
                0x00004104        0x4 C:\Users\hp\AppData\Local\Temp\VMBuilds\MEMORY~1\mkr1000\Debug/core.a(SERCOM.cpp.o)
                0x00004104                SERCOM::SERCOM(Sercom*)
                0x00004104                SERCOM::SERCOM(Sercom*)
 .text._ZN6SERCOM9initFrameE18SercomUartCharSize15SercomDataOrder16SercomParityMode19SercomNumberStopBit
                0x00004108       0x3a C:\Users\hp\AppData\Local\Temp\VMBuilds\MEMORY~1\mkr1000\Debug/core.a(SERCOM.cpp.o)
                0x00004108                SERCOM::initFrame(SercomUartCharSize, SercomDataOrder, SercomParityMode, SercomNumberStopBit)
 .text._ZN6SERCOM8initPadsE15SercomUartTXPad11SercomRXPad
                0x00004142       0x26 C:\Users\hp\AppData\Local\Temp\VMBuilds\MEMORY~1\mkr1000\Debug/core.a(SERCOM.cpp.o)
                0x00004142                SERCOM::initPads(SercomUartTXPad, SercomRXPad)
 .text._ZN6SERCOM9resetUARTEv
                0x00004168       0x1a C:\Users\hp\AppData\Local\Temp\VMBuilds\MEMORY~1\mkr1000\Debug/core.a(SERCOM.cpp.o)
                0x00004168                SERCOM::resetUART()
 .text._ZN6SERCOM10enableUARTEv
                0x00004182       0x14 C:\Users\hp\AppData\Local\Temp\VMBuilds\MEMORY~1\mkr1000\Debug/core.a(SERCOM.cpp.o)
                0x00004182                SERCOM::enableUART()
 .text._ZN6SERCOM9flushUARTEv
                0x00004196       0x10 C:\Users\hp\AppData\Local\Temp\VMBuilds\MEMORY~1\mkr1000\Debug/core.a(SERCOM.cpp.o)
                0x00004196                SERCOM::flushUART()
 .text._ZN6SERCOM15clearStatusUARTEv
                0x000041a6        0x8 C:\Users\hp\AppData\Local\Temp\VMBuilds\MEMORY~1\mkr1000\Debug/core.a(SERCOM.cpp.o)
                0x000041a6                SERCOM::clearStatusUART()
 .text._ZN6SERCOM17availableDataUARTEv
                0x000041ae        0xa C:\Users\hp\AppData\Local\Temp\VMBuilds\MEMORY~1\mkr1000\Debug/core.a(SERCOM.cpp.o)
                0x000041ae                SERCOM::availableDataUART()
 .text._ZN6SERCOM11isUARTErrorEv
                0x000041b8        0x8 C:\Users\hp\AppData\Local\Temp\VMBuilds\MEMORY~1\mkr1000\Debug/core.a(SERCOM.cpp.o)
                0x000041b8                SERCOM::isUARTError()
 .text._ZN6SERCOM20acknowledgeUARTErrorEv
                0x000041c0        0xe C:\Users\hp\AppData\Local\Temp\VMBuilds\MEMORY~1\mkr1000\Debug/core.a(SERCOM.cpp.o)
                0x000041c0                SERCOM::acknowledgeUARTError()
 .text._ZN6SERCOM16isFrameErrorUARTEv
                0x000041ce        0xa C:\Users\hp\AppData\Local\Temp\VMBuilds\MEMORY~1\mkr1000\Debug/core.a(SERCOM.cpp.o)
                0x000041ce                SERCOM::isFrameErrorUART()
 .text._ZN6SERCOM19clearFrameErrorUARTEv
                0x000041d8        0xc C:\Users\hp\AppData\Local\Temp\VMBuilds\MEMORY~1\mkr1000\Debug/core.a(SERCOM.cpp.o)
                0x000041d8                SERCOM::clearFrameErrorUART()
 .text._ZN6SERCOM23isDataRegisterEmptyUARTEv
                0x000041e4        0xa C:\Users\hp\AppData\Local\Temp\VMBuilds\MEMORY~1\mkr1000\Debug/core.a(SERCOM.cpp.o)
                0x000041e4                SERCOM::isDataRegisterEmptyUART()
 .text._ZN6SERCOM12readDataUARTEv
                0x000041ee        0x8 C:\Users\hp\AppData\Local\Temp\VMBuilds\MEMORY~1\mkr1000\Debug/core.a(SERCOM.cpp.o)
                0x000041ee                SERCOM::readDataUART()
 .text._ZN6SERCOM13writeDataUARTEh
                0x000041f6       0x10 C:\Users\hp\AppData\Local\Temp\VMBuilds\MEMORY~1\mkr1000\Debug/core.a(SERCOM.cpp.o)
                0x000041f6                SERCOM::writeDataUART(unsigned char)
 .text._ZN6SERCOM36enableDataRegisterEmptyInterruptUARTEv
                0x00004206        0x8 C:\Users\hp\AppData\Local\Temp\VMBuilds\MEMORY~1\mkr1000\Debug/core.a(SERCOM.cpp.o)
                0x00004206                SERCOM::enableDataRegisterEmptyInterruptUART()
 .text._ZN6SERCOM37disableDataRegisterEmptyInterruptUARTEv
                0x0000420e        0x8 C:\Users\hp\AppData\Local\Temp\VMBuilds\MEMORY~1\mkr1000\Debug/core.a(SERCOM.cpp.o)
                0x0000420e                SERCOM::disableDataRegisterEmptyInterruptUART()
 *fill*         0x00004216        0x2 
 .text._ZN6SERCOM12initSPIClockE18SercomSpiClockModem
                0x00004218       0x30 C:\Users\hp\AppData\Local\Temp\VMBuilds\MEMORY~1\mkr1000\Debug/core.a(SERCOM.cpp.o)
                0x00004218                SERCOM::initSPIClock(SercomSpiClockMode, unsigned long)
 .text._ZN6SERCOM8resetSPIEv
                0x00004248       0x1a C:\Users\hp\AppData\Local\Temp\VMBuilds\MEMORY~1\mkr1000\Debug/core.a(SERCOM.cpp.o)
                0x00004248                SERCOM::resetSPI()
 .text._ZN6SERCOM9enableSPIEv
                0x00004262       0x14 C:\Users\hp\AppData\Local\Temp\VMBuilds\MEMORY~1\mkr1000\Debug/core.a(SERCOM.cpp.o)
                0x00004262                SERCOM::enableSPI()
 .text._ZN6SERCOM10disableSPIEv
                0x00004276       0x12 C:\Users\hp\AppData\Local\Temp\VMBuilds\MEMORY~1\mkr1000\Debug/core.a(SERCOM.cpp.o)
                0x00004276                SERCOM::disableSPI()
 .text._ZN6SERCOM15transferDataSPIEh
                0x00004288       0x1a C:\Users\hp\AppData\Local\Temp\VMBuilds\MEMORY~1\mkr1000\Debug/core.a(SERCOM.cpp.o)
                0x00004288                SERCOM::transferDataSPI(unsigned char)
 *fill*         0x000042a2        0x2 
 .text._ZN6SERCOM13initClockNVICEv
                0x000042a4       0xa8 C:\Users\hp\AppData\Local\Temp\VMBuilds\MEMORY~1\mkr1000\Debug/core.a(SERCOM.cpp.o)
                0x000042a4                SERCOM::initClockNVIC()
 .text._ZN6SERCOM8initUARTE14SercomUartMode20SercomUartSampleRatem
                0x0000434c       0x6c C:\Users\hp\AppData\Local\Temp\VMBuilds\MEMORY~1\mkr1000\Debug/core.a(SERCOM.cpp.o)
                0x0000434c                SERCOM::initUART(SercomUartMode, SercomUartSampleRate, unsigned long)
 .text._ZN6SERCOM7initSPIE14SercomSpiTXPad11SercomRXPad17SercomSpiCharSize15SercomDataOrder
                0x000043b8       0x4a C:\Users\hp\AppData\Local\Temp\VMBuilds\MEMORY~1\mkr1000\Debug/core.a(SERCOM.cpp.o)
                0x000043b8                SERCOM::initSPI(SercomSpiTXPad, SercomRXPad, SercomSpiCharSize, SercomDataOrder)
 .text._ZN4UartcvbEv
                0x00004402        0x4 C:\Users\hp\AppData\Local\Temp\VMBuilds\MEMORY~1\mkr1000\Debug/core.a(Uart.cpp.o)
                0x00004402                Uart::operator bool()
 *fill*         0x00004406        0x2 
 .text._ZN4Uart5beginEm
                0x00004408       0x10 C:\Users\hp\AppData\Local\Temp\VMBuilds\MEMORY~1\mkr1000\Debug/core.a(Uart.cpp.o)
                0x00004408                Uart::begin(unsigned long)
 .text._ZN4Uart4peekEv
                0x00004418       0x1a C:\Users\hp\AppData\Local\Temp\VMBuilds\MEMORY~1\mkr1000\Debug/core.a(Uart.cpp.o)
                0x00004418                Uart::peek()
 .text._ZN4Uart3endEv
                0x00004432       0x20 C:\Users\hp\AppData\Local\Temp\VMBuilds\MEMORY~1\mkr1000\Debug/core.a(Uart.cpp.o)
                0x00004432                Uart::end()
 .text._ZN4Uart16extractNbStopBitEt
                0x00004452        0xc C:\Users\hp\AppData\Local\Temp\VMBuilds\MEMORY~1\mkr1000\Debug/core.a(Uart.cpp.o)
                0x00004452                Uart::extractNbStopBit(unsigned short)
 .text._ZN4Uart15extractCharSizeEt
                0x0000445e       0x28 C:\Users\hp\AppData\Local\Temp\VMBuilds\MEMORY~1\mkr1000\Debug/core.a(Uart.cpp.o)
                0x0000445e                Uart::extractCharSize(unsigned short)
 .text._ZN4Uart13extractParityEt
                0x00004486       0x14 C:\Users\hp\AppData\Local\Temp\VMBuilds\MEMORY~1\mkr1000\Debug/core.a(Uart.cpp.o)
                0x00004486                Uart::extractParity(unsigned short)
 *fill*         0x0000449a        0x2 
 .text._ZN4Uart5beginEmt
                0x0000449c       0xf8 C:\Users\hp\AppData\Local\Temp\VMBuilds\MEMORY~1\mkr1000\Debug/core.a(Uart.cpp.o)
                0x0000449c                Uart::begin(unsigned long, unsigned short)
 .text._ZN11RingBufferNILi256EEC2Ev
                0x00004594       0x1c C:\Users\hp\AppData\Local\Temp\VMBuilds\MEMORY~1\mkr1000\Debug/core.a(Uart.cpp.o)
                0x00004594                RingBufferN<256>::RingBufferN()
                0x00004594                RingBufferN<256>::RingBufferN()
 .text._ZN4UartC2EP6SERCOMhh11SercomRXPad15SercomUartTXPad
                0x000045b0       0x74 C:\Users\hp\AppData\Local\Temp\VMBuilds\MEMORY~1\mkr1000\Debug/core.a(Uart.cpp.o)
                0x000045b0                Uart::Uart(SERCOM*, unsigned char, unsigned char, SercomRXPad, SercomUartTXPad)
                0x000045b0                Uart::Uart(SERCOM*, unsigned char, unsigned char, SercomRXPad, SercomUartTXPad)
 .text._ZN11RingBufferNILi256EE9availableEv
                0x00004624       0x12 C:\Users\hp\AppData\Local\Temp\VMBuilds\MEMORY~1\mkr1000\Debug/core.a(Uart.cpp.o)
                0x00004624                RingBufferN<256>::available()
 .text._ZN4Uart5flushEv
                0x00004636       0x1a C:\Users\hp\AppData\Local\Temp\VMBuilds\MEMORY~1\mkr1000\Debug/core.a(Uart.cpp.o)
                0x00004636                Uart::flush()
 .text._ZN4Uart9availableEv
                0x00004650        0xa C:\Users\hp\AppData\Local\Temp\VMBuilds\MEMORY~1\mkr1000\Debug/core.a(Uart.cpp.o)
                0x00004650                Uart::available()
 .text._ZN11RingBufferNILi256EE17availableForStoreEv
                0x0000465a       0x20 C:\Users\hp\AppData\Local\Temp\VMBuilds\MEMORY~1\mkr1000\Debug/core.a(Uart.cpp.o)
                0x0000465a                RingBufferN<256>::availableForStore()
 .text._ZN4Uart17availableForWriteEv
                0x0000467a        0xc C:\Users\hp\AppData\Local\Temp\VMBuilds\MEMORY~1\mkr1000\Debug/core.a(Uart.cpp.o)
                0x0000467a                Uart::availableForWrite()
 .text._ZN4Uart10IrqHandlerEv
                0x00004686       0xcc C:\Users\hp\AppData\Local\Temp\VMBuilds\MEMORY~1\mkr1000\Debug/core.a(Uart.cpp.o)
                0x00004686                Uart::IrqHandler()
 *fill*         0x00004752        0x2 
 .text._ZN4Uart5writeEh
                0x00004754       0xb4 C:\Users\hp\AppData\Local\Temp\VMBuilds\MEMORY~1\mkr1000\Debug/core.a(Uart.cpp.o)
                0x00004754                Uart::write(unsigned char)
 .text._ZN4Uart4readEv
                0x00004808       0x4c C:\Users\hp\AppData\Local\Temp\VMBuilds\MEMORY~1\mkr1000\Debug/core.a(Uart.cpp.o)
                0x00004808                Uart::read()
 .text._ZN6StringD2Ev
                0x00004854       0x12 C:\Users\hp\AppData\Local\Temp\VMBuilds\MEMORY~1\mkr1000\Debug/core.a(WString.cpp.o)
                0x00004854                String::~String()
                0x00004854                String::~String()
 .text._ZN6String10invalidateEv
                0x00004866       0x18 C:\Users\hp\AppData\Local\Temp\VMBuilds\MEMORY~1\mkr1000\Debug/core.a(WString.cpp.o)
                0x00004866                String::invalidate()
 .text._ZN6String12changeBufferEj
                0x0000487e       0x18 C:\Users\hp\AppData\Local\Temp\VMBuilds\MEMORY~1\mkr1000\Debug/core.a(WString.cpp.o)
                0x0000487e                String::changeBuffer(unsigned int)
 .text._ZN6String7reserveEj
                0x00004896       0x2a C:\Users\hp\AppData\Local\Temp\VMBuilds\MEMORY~1\mkr1000\Debug/core.a(WString.cpp.o)
                0x00004896                String::reserve(unsigned int)
 .text._ZN6String4copyEPKcj
                0x000048c0       0x28 C:\Users\hp\AppData\Local\Temp\VMBuilds\MEMORY~1\mkr1000\Debug/core.a(WString.cpp.o)
                0x000048c0                String::copy(char const*, unsigned int)
 .text._ZN6StringC2EPKc
                0x000048e8       0x26 C:\Users\hp\AppData\Local\Temp\VMBuilds\MEMORY~1\mkr1000\Debug/core.a(WString.cpp.o)
                0x000048e8                String::String(char const*)
                0x000048e8                String::String(char const*)
 .text._ZN6StringaSEPKc.part.3
                0x0000490e       0x18 C:\Users\hp\AppData\Local\Temp\VMBuilds\MEMORY~1\mkr1000\Debug/core.a(WString.cpp.o)
 .text._ZN6String4moveERS_
                0x00004926       0x40 C:\Users\hp\AppData\Local\Temp\VMBuilds\MEMORY~1\mkr1000\Debug/core.a(WString.cpp.o)
                0x00004926                String::move(String&)
 .text._ZN6StringaSERKS_
                0x00004966       0x20 C:\Users\hp\AppData\Local\Temp\VMBuilds\MEMORY~1\mkr1000\Debug/core.a(WString.cpp.o)
                0x00004966                String::operator=(String const&)
 .text._ZN6StringC2ERKS_
                0x00004986       0x14 C:\Users\hp\AppData\Local\Temp\VMBuilds\MEMORY~1\mkr1000\Debug/core.a(WString.cpp.o)
                0x00004986                String::String(String const&)
                0x00004986                String::String(String const&)
 .text._ZN6StringaSEOS_
                0x0000499a       0x10 C:\Users\hp\AppData\Local\Temp\VMBuilds\MEMORY~1\mkr1000\Debug/core.a(WString.cpp.o)
                0x0000499a                String::operator=(String&&)
 .text._ZN6StringaSEPKc
                0x000049aa       0x16 C:\Users\hp\AppData\Local\Temp\VMBuilds\MEMORY~1\mkr1000\Debug/core.a(WString.cpp.o)
                0x000049aa                String::operator=(char const*)
 .text._ZN6String6concatEPKcj
                0x000049c0       0x32 C:\Users\hp\AppData\Local\Temp\VMBuilds\MEMORY~1\mkr1000\Debug/core.a(WString.cpp.o)
                0x000049c0                String::concat(char const*, unsigned int)
 .text._ZN6String6concatEc
                0x000049f2       0x14 C:\Users\hp\AppData\Local\Temp\VMBuilds\MEMORY~1\mkr1000\Debug/core.a(WString.cpp.o)
                0x000049f2                String::concat(char)
 .text._ZN6String6concatEm
                0x00004a06       0x22 C:\Users\hp\AppData\Local\Temp\VMBuilds\MEMORY~1\mkr1000\Debug/core.a(WString.cpp.o)
                0x00004a06                String::concat(unsigned long)
 .text._ZN6String6concatEd
                0x00004a28       0x2a C:\Users\hp\AppData\Local\Temp\VMBuilds\MEMORY~1\mkr1000\Debug/core.a(WString.cpp.o)
                0x00004a28                String::concat(double)
 .text._ZplRK15StringSumHelperc
                0x00004a52       0x16 C:\Users\hp\AppData\Local\Temp\VMBuilds\MEMORY~1\mkr1000\Debug/core.a(WString.cpp.o)
                0x00004a52                operator+(StringSumHelper const&, char)
 .text._ZplRK15StringSumHelperm
                0x00004a68       0x16 C:\Users\hp\AppData\Local\Temp\VMBuilds\MEMORY~1\mkr1000\Debug/core.a(WString.cpp.o)
                0x00004a68                operator+(StringSumHelper const&, unsigned long)
 .text._ZplRK15StringSumHelperd
                0x00004a7e       0x16 C:\Users\hp\AppData\Local\Temp\VMBuilds\MEMORY~1\mkr1000\Debug/core.a(WString.cpp.o)
                0x00004a7e                operator+(StringSumHelper const&, double)
 .text._ZNK6String8getBytesEPhjj
                0x00004a94       0x34 C:\Users\hp\AppData\Local\Temp\VMBuilds\MEMORY~1\mkr1000\Debug/core.a(WString.cpp.o)
                0x00004a94                String::getBytes(unsigned char*, unsigned int, unsigned int) const
 .text._ZNK6String7indexOfEcj
                0x00004ac8       0x1e C:\Users\hp\AppData\Local\Temp\VMBuilds\MEMORY~1\mkr1000\Debug/core.a(WString.cpp.o)
                0x00004ac8                String::indexOf(char, unsigned int) const
 .text._ZNK6String7indexOfEc
                0x00004ae6        0xa C:\Users\hp\AppData\Local\Temp\VMBuilds\MEMORY~1\mkr1000\Debug/core.a(WString.cpp.o)
                0x00004ae6                String::indexOf(char) const
 .text._ZNK6String9substringEjj
                0x00004af0       0x48 C:\Users\hp\AppData\Local\Temp\VMBuilds\MEMORY~1\mkr1000\Debug/core.a(WString.cpp.o)
                0x00004af0                String::substring(unsigned int, unsigned int) const
 .text._ZN6String6removeEjj
                0x00004b38       0x34 C:\Users\hp\AppData\Local\Temp\VMBuilds\MEMORY~1\mkr1000\Debug/core.a(WString.cpp.o)
                0x00004b38                String::remove(unsigned int, unsigned int)
 .text._ZNK6String5toIntEv
                0x00004b6c       0x12 C:\Users\hp\AppData\Local\Temp\VMBuilds\MEMORY~1\mkr1000\Debug/core.a(WString.cpp.o)
                0x00004b6c                String::toInt() const
 .text._ZNK6String8toDoubleEv
                0x00004b7e       0x14 C:\Users\hp\AppData\Local\Temp\VMBuilds\MEMORY~1\mkr1000\Debug/core.a(WString.cpp.o)
                0x00004b7e                String::toDouble() const
 .text._ZN7Serial_13getDescriptorER8USBSetup
                0x00004b92        0x4 C:\Users\hp\AppData\Local\Temp\VMBuilds\MEMORY~1\mkr1000\Debug/core.a(CDC.cpp.o)
                0x00004b92                Serial_::getDescriptor(USBSetup&)
 .text._ZL5utox8mPc
                0x00004b96       0x24 C:\Users\hp\AppData\Local\Temp\VMBuilds\MEMORY~1\mkr1000\Debug/core.a(CDC.cpp.o)
 *fill*         0x00004bba        0x2 
 .text._ZN7Serial_12getShortNameEPc
                0x00004bbc       0x44 C:\Users\hp\AppData\Local\Temp\VMBuilds\MEMORY~1\mkr1000\Debug/core.a(CDC.cpp.o)
                0x00004bbc                Serial_::getShortName(char*)
 .text._ZThn16_N7Serial_12getShortNameEPc
                0x00004c00       0x10 C:\Users\hp\AppData\Local\Temp\VMBuilds\MEMORY~1\mkr1000\Debug/core.a(CDC.cpp.o)
                0x00004c00                non-virtual thunk to Serial_::getShortName(char*)
 .text._ZN7Serial_14handleEndpointEi
                0x00004c10        0x2 C:\Users\hp\AppData\Local\Temp\VMBuilds\MEMORY~1\mkr1000\Debug/core.a(CDC.cpp.o)
                0x00004c10                Serial_::handleEndpoint(int)
 .text._ZN7Serial_17availableForWriteEv
                0x00004c12        0x4 C:\Users\hp\AppData\Local\Temp\VMBuilds\MEMORY~1\mkr1000\Debug/core.a(CDC.cpp.o)
                0x00004c12                Serial_::availableForWrite()
 .text._ZN7Serial_5writeEh
                0x00004c16       0x14 C:\Users\hp\AppData\Local\Temp\VMBuilds\MEMORY~1\mkr1000\Debug/core.a(CDC.cpp.o)
                0x00004c16                Serial_::write(unsigned char)
 *fill*         0x00004c2a        0x2 
 .text._ZN7Serial_12getInterfaceEPh
                0x00004c2c      0x11c C:\Users\hp\AppData\Local\Temp\VMBuilds\MEMORY~1\mkr1000\Debug/core.a(CDC.cpp.o)
                0x00004c2c                Serial_::getInterface(unsigned char*)
 .text._ZThn16_N7Serial_12getInterfaceEPh
                0x00004d48       0x10 C:\Users\hp\AppData\Local\Temp\VMBuilds\MEMORY~1\mkr1000\Debug/core.a(CDC.cpp.o)
                0x00004d48                non-virtual thunk to Serial_::getInterface(unsigned char*)
 .text._ZN7Serial_5setupER8USBSetup
                0x00004d58       0xa8 C:\Users\hp\AppData\Local\Temp\VMBuilds\MEMORY~1\mkr1000\Debug/core.a(CDC.cpp.o)
                0x00004d58                Serial_::setup(USBSetup&)
 .text._ZThn16_N7Serial_5setupER8USBSetup
                0x00004e00       0x10 C:\Users\hp\AppData\Local\Temp\VMBuilds\MEMORY~1\mkr1000\Debug/core.a(CDC.cpp.o)
                0x00004e00                non-virtual thunk to Serial_::setup(USBSetup&)
 .text._ZN7Serial_9availableEv
                0x00004e10       0x20 C:\Users\hp\AppData\Local\Temp\VMBuilds\MEMORY~1\mkr1000\Debug/core.a(CDC.cpp.o)
                0x00004e10                Serial_::available()
 .text._ZN7Serial_5flushEv
                0x00004e30        0xe C:\Users\hp\AppData\Local\Temp\VMBuilds\MEMORY~1\mkr1000\Debug/core.a(CDC.cpp.o)
                0x00004e30                Serial_::flush()
 .text._ZN7Serial_5clearEv
                0x00004e3e        0xe C:\Users\hp\AppData\Local\Temp\VMBuilds\MEMORY~1\mkr1000\Debug/core.a(CDC.cpp.o)
                0x00004e3e                Serial_::clear()
 .text._ZN7Serial_5writeEPKhj
                0x00004e4c       0x1e C:\Users\hp\AppData\Local\Temp\VMBuilds\MEMORY~1\mkr1000\Debug/core.a(CDC.cpp.o)
                0x00004e4c                Serial_::write(unsigned char const*, unsigned int)
 *fill*         0x00004e6a        0x2 
 .text._ZN7Serial_4peekEv
                0x00004e6c       0x1c C:\Users\hp\AppData\Local\Temp\VMBuilds\MEMORY~1\mkr1000\Debug/core.a(CDC.cpp.o)
                0x00004e6c                Serial_::peek()
 .text._ZN7Serial_4readEv
                0x00004e88       0x24 C:\Users\hp\AppData\Local\Temp\VMBuilds\MEMORY~1\mkr1000\Debug/core.a(CDC.cpp.o)
                0x00004e88                Serial_::read()
 .text._ZThn16_N7Serial_14handleEndpointEi
                0x00004eac        0x2 C:\Users\hp\AppData\Local\Temp\VMBuilds\MEMORY~1\mkr1000\Debug/core.a(CDC.cpp.o)
                0x00004eac                non-virtual thunk to Serial_::handleEndpoint(int)
 .text._ZThn16_N7Serial_13getDescriptorER8USBSetup
                0x00004eae        0x4 C:\Users\hp\AppData\Local\Temp\VMBuilds\MEMORY~1\mkr1000\Debug/core.a(CDC.cpp.o)
                0x00004eae                non-virtual thunk to Serial_::getDescriptor(USBSetup&)
 *fill*         0x00004eb2        0x2 
 .text._ZN7Serial_C2ER14USBDeviceClass
                0x00004eb4       0x50 C:\Users\hp\AppData\Local\Temp\VMBuilds\MEMORY~1\mkr1000\Debug/core.a(CDC.cpp.o)
                0x00004eb4                Serial_::Serial_(USBDeviceClass&)
                0x00004eb4                Serial_::Serial_(USBDeviceClass&)
 .text._ZN7Serial_15enableInterruptEv
                0x00004f04       0x30 C:\Users\hp\AppData\Local\Temp\VMBuilds\MEMORY~1\mkr1000\Debug/core.a(CDC.cpp.o)
                0x00004f04                Serial_::enableInterrupt()
 .text._ZN7Serial_5beginEm
                0x00004f34        0x2 C:\Users\hp\AppData\Local\Temp\VMBuilds\MEMORY~1\mkr1000\Debug/core.a(CDC.cpp.o)
                0x00004f34                Serial_::begin(unsigned long)
 *fill*         0x00004f36        0x2 
 .text.startup._GLOBAL__sub_I__ZN7Serial_12getInterfaceEPh
                0x00004f38       0x14 C:\Users\hp\AppData\Local\Temp\VMBuilds\MEMORY~1\mkr1000\Debug/core.a(CDC.cpp.o)
 .text._ZN13PluggableUSB_12getInterfaceEPh
                0x00004f4c       0x28 C:\Users\hp\AppData\Local\Temp\VMBuilds\MEMORY~1\mkr1000\Debug/core.a(PluggableUSB.cpp.o)
                0x00004f4c                PluggableUSB_::getInterface(unsigned char*)
 .text._ZN13PluggableUSB_13getDescriptorER8USBSetup
                0x00004f74       0x20 C:\Users\hp\AppData\Local\Temp\VMBuilds\MEMORY~1\mkr1000\Debug/core.a(PluggableUSB.cpp.o)
                0x00004f74                PluggableUSB_::getDescriptor(USBSetup&)
 .text._ZN13PluggableUSB_12getShortNameEPc
                0x00004f94       0x26 C:\Users\hp\AppData\Local\Temp\VMBuilds\MEMORY~1\mkr1000\Debug/core.a(PluggableUSB.cpp.o)
                0x00004f94                PluggableUSB_::getShortName(char*)
 .text._ZN13PluggableUSB_5setupER8USBSetup
                0x00004fba       0x20 C:\Users\hp\AppData\Local\Temp\VMBuilds\MEMORY~1\mkr1000\Debug/core.a(PluggableUSB.cpp.o)
                0x00004fba                PluggableUSB_::setup(USBSetup&)
 .text._ZN13PluggableUSB_14handleEndpointEi
                0x00004fda       0x1a C:\Users\hp\AppData\Local\Temp\VMBuilds\MEMORY~1\mkr1000\Debug/core.a(PluggableUSB.cpp.o)
                0x00004fda                PluggableUSB_::handleEndpoint(int)
 .text._ZN13PluggableUSB_4plugEP18PluggableUSBModule
                0x00004ff4       0x58 C:\Users\hp\AppData\Local\Temp\VMBuilds\MEMORY~1\mkr1000\Debug/core.a(PluggableUSB.cpp.o)
                0x00004ff4                PluggableUSB_::plug(PluggableUSBModule*)
 .text._Z12PluggableUSBv
                0x0000504c       0x24 C:\Users\hp\AppData\Local\Temp\VMBuilds\MEMORY~1\mkr1000\Debug/core.a(PluggableUSB.cpp.o)
                0x0000504c                PluggableUSB()
 .text._ZN26DoubleBufferedEPOutHandlerD2Ev
                0x00005070        0x2 C:\Users\hp\AppData\Local\Temp\VMBuilds\MEMORY~1\mkr1000\Debug/core.a(USBCore.cpp.o)
                0x00005070                DoubleBufferedEPOutHandler::~DoubleBufferedEPOutHandler()
                0x00005070                DoubleBufferedEPOutHandler::~DoubleBufferedEPOutHandler()
 .text._ZN26DoubleBufferedEPOutHandlerD0Ev
                0x00005072        0xc C:\Users\hp\AppData\Local\Temp\VMBuilds\MEMORY~1\mkr1000\Debug/core.a(USBCore.cpp.o)
                0x00005072                DoubleBufferedEPOutHandler::~DoubleBufferedEPOutHandler()
 *fill*         0x0000507e        0x2 
 .text._ZN14USBDeviceClass6initEPEmm.part.7
                0x00005080       0xc4 C:\Users\hp\AppData\Local\Temp\VMBuilds\MEMORY~1\mkr1000\Debug/core.a(USBCore.cpp.o)
 .text._ZN7__GuardC2Ev
                0x00005144        0xe C:\Users\hp\AppData\Local\Temp\VMBuilds\MEMORY~1\mkr1000\Debug/core.a(USBCore.cpp.o)
                0x00005144                __Guard::__Guard()
                0x00005144                __Guard::__Guard()
 .text._ZN7__GuardD2Ev
                0x00005152        0xe C:\Users\hp\AppData\Local\Temp\VMBuilds\MEMORY~1\mkr1000\Debug/core.a(USBCore.cpp.o)
                0x00005152                __Guard::~__Guard()
                0x00005152                __Guard::~__Guard()
 .text._ZNK26DoubleBufferedEPOutHandler10_availableEv
                0x00005160       0x70 C:\Users\hp\AppData\Local\Temp\VMBuilds\MEMORY~1\mkr1000\Debug/core.a(USBCore.cpp.o)
                0x00005160                DoubleBufferedEPOutHandler::_available() const
 .text._ZN26DoubleBufferedEPOutHandler7releaseEv
                0x000051d0       0x3c C:\Users\hp\AppData\Local\Temp\VMBuilds\MEMORY~1\mkr1000\Debug/core.a(USBCore.cpp.o)
                0x000051d0                DoubleBufferedEPOutHandler::release()
 .text._ZN26DoubleBufferedEPOutHandler14handleEndpointEv
                0x0000520c       0xea C:\Users\hp\AppData\Local\Temp\VMBuilds\MEMORY~1\mkr1000\Debug/core.a(USBCore.cpp.o)
                0x0000520c                DoubleBufferedEPOutHandler::handleEndpoint()
 .text._ZN26DoubleBufferedEPOutHandler5_recvEv
                0x000052f6      0x198 C:\Users\hp\AppData\Local\Temp\VMBuilds\MEMORY~1\mkr1000\Debug/core.a(USBCore.cpp.o)
                0x000052f6                DoubleBufferedEPOutHandler::_recv()
 .text._ZN26DoubleBufferedEPOutHandler4peekEv
                0x0000548e       0x22 C:\Users\hp\AppData\Local\Temp\VMBuilds\MEMORY~1\mkr1000\Debug/core.a(USBCore.cpp.o)
                0x0000548e                DoubleBufferedEPOutHandler::peek()
 .text._ZN26DoubleBufferedEPOutHandler9availableEv
                0x000054b0       0x18 C:\Users\hp\AppData\Local\Temp\VMBuilds\MEMORY~1\mkr1000\Debug/core.a(USBCore.cpp.o)
                0x000054b0                DoubleBufferedEPOutHandler::available()
 .text._ZN26DoubleBufferedEPOutHandler4recvEPvm
                0x000054c8       0x72 C:\Users\hp\AppData\Local\Temp\VMBuilds\MEMORY~1\mkr1000\Debug/core.a(USBCore.cpp.o)
                0x000054c8                DoubleBufferedEPOutHandler::recv(void*, unsigned long)
 .text._ZN14USBDeviceClass14SendInterfacesEPm
                0x0000553a       0x20 C:\Users\hp\AppData\Local\Temp\VMBuilds\MEMORY~1\mkr1000\Debug/core.a(USBCore.cpp.o)
                0x0000553a                USBDeviceClass::SendInterfaces(unsigned long*)
 *fill*         0x0000555a        0x2 
 .text._ZN14USBDeviceClass4initEv
                0x0000555c      0x15c C:\Users\hp\AppData\Local\Temp\VMBuilds\MEMORY~1\mkr1000\Debug/core.a(USBCore.cpp.o)
                0x0000555c                USBDeviceClass::init()
 .text._ZN14USBDeviceClass6attachEv
                0x000056b8       0x34 C:\Users\hp\AppData\Local\Temp\VMBuilds\MEMORY~1\mkr1000\Debug/core.a(USBCore.cpp.o)
                0x000056b8                USBDeviceClass::attach()
 .text._ZN14USBDeviceClass10setAddressEm
                0x000056ec       0x48 C:\Users\hp\AppData\Local\Temp\VMBuilds\MEMORY~1\mkr1000\Debug/core.a(USBCore.cpp.o)
                0x000056ec                USBDeviceClass::setAddress(unsigned long)
 .text._ZN14USBDeviceClass25handleClassInterfaceSetupER8USBSetup
                0x00005734       0x24 C:\Users\hp\AppData\Local\Temp\VMBuilds\MEMORY~1\mkr1000\Debug/core.a(USBCore.cpp.o)
                0x00005734                USBDeviceClass::handleClassInterfaceSetup(USBSetup&)
 .text._ZN14USBDeviceClass6initEPEmm
                0x00005758      0x120 C:\Users\hp\AppData\Local\Temp\VMBuilds\MEMORY~1\mkr1000\Debug/core.a(USBCore.cpp.o)
                0x00005758                USBDeviceClass::initEP(unsigned long, unsigned long)
 .text._ZN14USBDeviceClass13initEndpointsEv
                0x00005878       0x24 C:\Users\hp\AppData\Local\Temp\VMBuilds\MEMORY~1\mkr1000\Debug/core.a(USBCore.cpp.o)
                0x00005878                USBDeviceClass::initEndpoints()
 .text._ZN14USBDeviceClass5clearEm
                0x0000589c       0x38 C:\Users\hp\AppData\Local\Temp\VMBuilds\MEMORY~1\mkr1000\Debug/core.a(USBCore.cpp.o)
                0x0000589c                USBDeviceClass::clear(unsigned long)
 .text._ZN14USBDeviceClass9availableEm
                0x000058d4       0x2c C:\Users\hp\AppData\Local\Temp\VMBuilds\MEMORY~1\mkr1000\Debug/core.a(USBCore.cpp.o)
                0x000058d4                USBDeviceClass::available(unsigned long)
 .text._ZN14USBDeviceClass5flushEm
                0x00005900       0x2c C:\Users\hp\AppData\Local\Temp\VMBuilds\MEMORY~1\mkr1000\Debug/core.a(USBCore.cpp.o)
                0x00005900                USBDeviceClass::flush(unsigned long)
 .text._ZN14USBDeviceClass4recvEmPvm
                0x0000592c       0xc0 C:\Users\hp\AppData\Local\Temp\VMBuilds\MEMORY~1\mkr1000\Debug/core.a(USBCore.cpp.o)
                0x0000592c                USBDeviceClass::recv(unsigned long, void*, unsigned long)
 .text._ZN14USBDeviceClass4recvEm
                0x000059ec       0x1c C:\Users\hp\AppData\Local\Temp\VMBuilds\MEMORY~1\mkr1000\Debug/core.a(USBCore.cpp.o)
                0x000059ec                USBDeviceClass::recv(unsigned long)
 .text._ZN14USBDeviceClass14armRecvCtrlOUTEm
                0x00005a08       0x5c C:\Users\hp\AppData\Local\Temp\VMBuilds\MEMORY~1\mkr1000\Debug/core.a(USBCore.cpp.o)
                0x00005a08                USBDeviceClass::armRecvCtrlOUT(unsigned long)
 .text._ZN14USBDeviceClass11recvControlEPvm
                0x00005a64       0x28 C:\Users\hp\AppData\Local\Temp\VMBuilds\MEMORY~1\mkr1000\Debug/core.a(USBCore.cpp.o)
                0x00005a64                USBDeviceClass::recvControl(void*, unsigned long)
 .text._ZN14USBDeviceClass4sendEmPKvm
                0x00005a8c      0x10c C:\Users\hp\AppData\Local\Temp\VMBuilds\MEMORY~1\mkr1000\Debug/core.a(USBCore.cpp.o)
                0x00005a8c                USBDeviceClass::send(unsigned long, void const*, unsigned long)
 .text._ZN14USBDeviceClass7armSendEmPKvm
                0x00005b98       0x48 C:\Users\hp\AppData\Local\Temp\VMBuilds\MEMORY~1\mkr1000\Debug/core.a(USBCore.cpp.o)
                0x00005b98                USBDeviceClass::armSend(unsigned long, void const*, unsigned long)
 .text._ZN14USBDeviceClass11sendControlEPKvm
                0x00005be0       0x54 C:\Users\hp\AppData\Local\Temp\VMBuilds\MEMORY~1\mkr1000\Debug/core.a(USBCore.cpp.o)
                0x00005be0                USBDeviceClass::sendControl(void const*, unsigned long)
 .text._ZN14USBDeviceClass20sendStringDescriptorEPKhm
                0x00005c34       0x64 C:\Users\hp\AppData\Local\Temp\VMBuilds\MEMORY~1\mkr1000\Debug/core.a(USBCore.cpp.o)
                0x00005c34                USBDeviceClass::sendStringDescriptor(unsigned char const*, unsigned long)
 .text._ZN14USBDeviceClass17sendConfigurationEm
                0x00005c98       0x80 C:\Users\hp\AppData\Local\Temp\VMBuilds\MEMORY~1\mkr1000\Debug/core.a(USBCore.cpp.o)
                0x00005c98                USBDeviceClass::sendConfiguration(unsigned long)
 .text._ZN14USBDeviceClass14sendDescriptorER8USBSetup
                0x00005d18       0xe0 C:\Users\hp\AppData\Local\Temp\VMBuilds\MEMORY~1\mkr1000\Debug/core.a(USBCore.cpp.o)
                0x00005d18                USBDeviceClass::sendDescriptor(USBSetup&)
 .text._ZN14USBDeviceClass7sendZlpEm
                0x00005df8       0x18 C:\Users\hp\AppData\Local\Temp\VMBuilds\MEMORY~1\mkr1000\Debug/core.a(USBCore.cpp.o)
                0x00005df8                USBDeviceClass::sendZlp(unsigned long)
 .text._ZN14USBDeviceClass19handleStandardSetupER8USBSetup
                0x00005e10       0xf0 C:\Users\hp\AppData\Local\Temp\VMBuilds\MEMORY~1\mkr1000\Debug/core.a(USBCore.cpp.o)
                0x00005e10                USBDeviceClass::handleStandardSetup(USBSetup&)
 .text._ZN14USBDeviceClass10ISRHandlerEv
                0x00005f00      0x108 C:\Users\hp\AppData\Local\Temp\VMBuilds\MEMORY~1\mkr1000\Debug/core.a(USBCore.cpp.o)
                0x00005f00                USBDeviceClass::ISRHandler()
 .text.UDD_Handler
                0x00006008       0x10 C:\Users\hp\AppData\Local\Temp\VMBuilds\MEMORY~1\mkr1000\Debug/core.a(USBCore.cpp.o)
                0x00006008                UDD_Handler
 .text.startup._GLOBAL__sub_I_usbd
                0x00006018       0x10 C:\Users\hp\AppData\Local\Temp\VMBuilds\MEMORY~1\mkr1000\Debug/core.a(USBCore.cpp.o)
 .text.ultoa    0x00006028       0x56 C:\Users\hp\AppData\Local\Temp\VMBuilds\MEMORY~1\mkr1000\Debug/core.a(itoa.c.o)
                0x00006028                ultoa
 *fill*         0x0000607e        0x2 
 .text.dtostrf  0x00006080       0x28 C:\Users\hp\AppData\Local\Temp\VMBuilds\MEMORY~1\mkr1000\Debug/core.a(dtostrf.c.o)
                0x00006080                dtostrf
 .text.__aeabi_atexit
                0x000060a8        0xe c:/users/hp/appdata/local/arduin~1/packages/arduino/tools/arm-no~1/7-2017q4/bin/../lib/gcc/arm-none-eabi/7.2.1/../../../../arm-none-eabi/lib/thumb/v6-m\libstdc++_nano.a(atexit_arm.o)
                0x000060a8                __aeabi_atexit
 *fill*         0x000060b6        0x2 
 .text          0x000060b8       0x14 c:/users/hp/appdata/local/arduin~1/packages/arduino/tools/arm-no~1/7-2017q4/bin/../lib/gcc/arm-none-eabi/7.2.1/thumb/v6-m\libgcc.a(_thumb1_case_uqi.o)
                0x000060b8                __gnu_thumb1_case_uqi
 .text          0x000060cc      0x114 c:/users/hp/appdata/local/arduin~1/packages/arduino/tools/arm-no~1/7-2017q4/bin/../lib/gcc/arm-none-eabi/7.2.1/thumb/v6-m\libgcc.a(_udivsi3.o)
                0x000060cc                __aeabi_uidiv
                0x000060cc                __udivsi3
                0x000061d8                __aeabi_uidivmod
 .text          0x000061e0      0x1d4 c:/users/hp/appdata/local/arduin~1/packages/arduino/tools/arm-no~1/7-2017q4/bin/../lib/gcc/arm-none-eabi/7.2.1/thumb/v6-m\libgcc.a(_divsi3.o)
                0x000061e0                __divsi3
                0x000061e0                __aeabi_idiv
                0x000063ac                __aeabi_idivmod
 .text          0x000063b4        0x4 c:/users/hp/appdata/local/arduin~1/packages/arduino/tools/arm-no~1/7-2017q4/bin/../lib/gcc/arm-none-eabi/7.2.1/thumb/v6-m\libgcc.a(_dvmd_tls.o)
                0x000063b4                __aeabi_idiv0
                0x000063b4                __aeabi_ldiv0
 .text          0x000063b8       0x7c c:/users/hp/appdata/local/arduin~1/packages/arduino/tools/arm-no~1/7-2017q4/bin/../lib/gcc/arm-none-eabi/7.2.1/thumb/v6-m\libgcc.a(_arm_cmpdf2.o)
                0x000063b8                __aeabi_cdrcmple
                0x000063c8                __aeabi_cdcmple
                0x000063c8                __aeabi_cdcmpeq
                0x000063d8                __aeabi_dcmpeq
                0x000063e4                __aeabi_dcmplt
                0x000063f8                __aeabi_dcmple
                0x0000640c                __aeabi_dcmpgt
                0x00006420                __aeabi_dcmpge
 .text          0x00006434       0x3c c:/users/hp/appdata/local/arduin~1/packages/arduino/tools/arm-no~1/7-2017q4/bin/../lib/gcc/arm-none-eabi/7.2.1/thumb/v6-m\libgcc.a(_fixunsdfsi.o)
                0x00006434                __aeabi_d2uiz
                0x00006434                __fixunsdfsi
 .text          0x00006470      0x638 c:/users/hp/appdata/local/arduin~1/packages/arduino/tools/arm-no~1/7-2017q4/bin/../lib/gcc/arm-none-eabi/7.2.1/thumb/v6-m\libgcc.a(adddf3.o)
                0x00006470                __aeabi_dadd
 .text          0x00006aa8      0x604 c:/users/hp/appdata/local/arduin~1/packages/arduino/tools/arm-no~1/7-2017q4/bin/../lib/gcc/arm-none-eabi/7.2.1/thumb/v6-m\libgcc.a(divdf3.o)
                0x00006aa8                __aeabi_ddiv
 .text          0x000070ac       0x78 c:/users/hp/appdata/local/arduin~1/packages/arduino/tools/arm-no~1/7-2017q4/bin/../lib/gcc/arm-none-eabi/7.2.1/thumb/v6-m\libgcc.a(eqdf2.o)
                0x000070ac                __nedf2
                0x000070ac                __eqdf2
 .text          0x00007124       0xc8 c:/users/hp/appdata/local/arduin~1/packages/arduino/tools/arm-no~1/7-2017q4/bin/../lib/gcc/arm-none-eabi/7.2.1/thumb/v6-m\libgcc.a(gedf2.o)
                0x00007124                __gedf2
                0x00007124                __gtdf2
 .text          0x000071ec       0xd0 c:/users/hp/appdata/local/arduin~1/packages/arduino/tools/arm-no~1/7-2017q4/bin/../lib/gcc/arm-none-eabi/7.2.1/thumb/v6-m\libgcc.a(ledf2.o)
                0x000071ec                __ledf2
                0x000071ec                __ltdf2
 .text          0x000072bc      0x4e4 c:/users/hp/appdata/local/arduin~1/packages/arduino/tools/arm-no~1/7-2017q4/bin/../lib/gcc/arm-none-eabi/7.2.1/thumb/v6-m\libgcc.a(muldf3.o)
                0x000072bc                __aeabi_dmul
 .text          0x000077a0      0x690 c:/users/hp/appdata/local/arduin~1/packages/arduino/tools/arm-no~1/7-2017q4/bin/../lib/gcc/arm-none-eabi/7.2.1/thumb/v6-m\libgcc.a(subdf3.o)
                0x000077a0                __aeabi_dsub
 .text          0x00007e30       0x38 c:/users/hp/appdata/local/arduin~1/packages/arduino/tools/arm-no~1/7-2017q4/bin/../lib/gcc/arm-none-eabi/7.2.1/thumb/v6-m\libgcc.a(unorddf2.o)
                0x00007e30                __aeabi_dcmpun
 .text          0x00007e68       0x6c c:/users/hp/appdata/local/arduin~1/packages/arduino/tools/arm-no~1/7-2017q4/bin/../lib/gcc/arm-none-eabi/7.2.1/thumb/v6-m\libgcc.a(fixdfsi.o)
                0x00007e68                __aeabi_d2iz
 .text          0x00007ed4       0x74 c:/users/hp/appdata/local/arduin~1/packages/arduino/tools/arm-no~1/7-2017q4/bin/../lib/gcc/arm-none-eabi/7.2.1/thumb/v6-m\libgcc.a(floatsidf.o)
                0x00007ed4                __aeabi_i2d
 .text          0x00007f48       0x64 c:/users/hp/appdata/local/arduin~1/packages/arduino/tools/arm-no~1/7-2017q4/bin/../lib/gcc/arm-none-eabi/7.2.1/thumb/v6-m\libgcc.a(floatunsidf.o)
                0x00007f48                __aeabi_ui2d
 .text          0x00007fac       0x3c c:/users/hp/appdata/local/arduin~1/packages/arduino/tools/arm-no~1/7-2017q4/bin/../lib/gcc/arm-none-eabi/7.2.1/thumb/v6-m\libgcc.a(_clzsi2.o)
                0x00007fac                __clzsi2
 .text.atof     0x00007fe8        0xa c:/users/hp/appdata/local/arduin~1/packages/arduino/tools/arm-no~1/7-2017q4/bin/../lib/gcc/arm-none-eabi/7.2.1/../../../../arm-none-eabi/lib/thumb/v6-m\libc_nano.a(lib_a-atof.o)
                0x00007fe8                atof
 .text.atol     0x00007ff2        0xc c:/users/hp/appdata/local/arduin~1/packages/arduino/tools/arm-no~1/7-2017q4/bin/../lib/gcc/arm-none-eabi/7.2.1/../../../../arm-none-eabi/lib/thumb/v6-m\libc_nano.a(lib_a-atol.o)
                0x00007ff2                atol
 *fill*         0x00007ffe        0x2 
 .text.__cxa_atexit
                0x00008000       0x1c c:/users/hp/appdata/local/arduin~1/packages/arduino/tools/arm-no~1/7-2017q4/bin/../lib/gcc/arm-none-eabi/7.2.1/../../../../arm-none-eabi/lib/thumb/v6-m\libc_nano.a(lib_a-cxa_atexit.o)
                0x00008000                __cxa_atexit
 .text.__libc_init_array
                0x0000801c       0x48 c:/users/hp/appdata/local/arduin~1/packages/arduino/tools/arm-no~1/7-2017q4/bin/../lib/gcc/arm-none-eabi/7.2.1/../../../../arm-none-eabi/lib/thumb/v6-m\libc_nano.a(lib_a-init.o)
                0x0000801c                __libc_init_array
 .text.__locale_ctype_ptr_l
                0x00008064        0x6 c:/users/hp/appdata/local/arduin~1/packages/arduino/tools/arm-no~1/7-2017q4/bin/../lib/gcc/arm-none-eabi/7.2.1/../../../../arm-none-eabi/lib/thumb/v6-m\libc_nano.a(lib_a-locale.o)
                0x00008064                __locale_ctype_ptr_l
 *fill*         0x0000806a        0x2 
 .text.malloc   0x0000806c       0x14 c:/users/hp/appdata/local/arduin~1/packages/arduino/tools/arm-no~1/7-2017q4/bin/../lib/gcc/arm-none-eabi/7.2.1/../../../../arm-none-eabi/lib/thumb/v6-m\libc_nano.a(lib_a-malloc.o)
                0x0000806c                malloc
 .text.free     0x00008080       0x14 c:/users/hp/appdata/local/arduin~1/packages/arduino/tools/arm-no~1/7-2017q4/bin/../lib/gcc/arm-none-eabi/7.2.1/../../../../arm-none-eabi/lib/thumb/v6-m\libc_nano.a(lib_a-malloc.o)
                0x00008080                free
 .text.__ascii_mbtowc
                0x00008094       0x24 c:/users/hp/appdata/local/arduin~1/packages/arduino/tools/arm-no~1/7-2017q4/bin/../lib/gcc/arm-none-eabi/7.2.1/../../../../arm-none-eabi/lib/thumb/v6-m\libc_nano.a(lib_a-mbtowc_r.o)
                0x00008094                __ascii_mbtowc
 .text.memcpy   0x000080b8       0x12 c:/users/hp/appdata/local/arduin~1/packages/arduino/tools/arm-no~1/7-2017q4/bin/../lib/gcc/arm-none-eabi/7.2.1/../../../../arm-none-eabi/lib/thumb/v6-m\libc_nano.a(lib_a-memcpy-stub.o)
                0x000080b8                memcpy
 .text.memmove  0x000080ca       0x26 c:/users/hp/appdata/local/arduin~1/packages/arduino/tools/arm-no~1/7-2017q4/bin/../lib/gcc/arm-none-eabi/7.2.1/../../../../arm-none-eabi/lib/thumb/v6-m\libc_nano.a(lib_a-memmove.o)
                0x000080ca                memmove
 .text.memset   0x000080f0       0x10 c:/users/hp/appdata/local/arduin~1/packages/arduino/tools/arm-no~1/7-2017q4/bin/../lib/gcc/arm-none-eabi/7.2.1/../../../../arm-none-eabi/lib/thumb/v6-m\libc_nano.a(lib_a-memset.o)
                0x000080f0                memset
 .text._free_r  0x00008100       0x94 c:/users/hp/appdata/local/arduin~1/packages/arduino/tools/arm-no~1/7-2017q4/bin/../lib/gcc/arm-none-eabi/7.2.1/../../../../arm-none-eabi/lib/thumb/v6-m\libc_nano.a(lib_a-nano-freer.o)
                0x00008100                _free_r
 .text._malloc_r
                0x00008194       0xbc c:/users/hp/appdata/local/arduin~1/packages/arduino/tools/arm-no~1/7-2017q4/bin/../lib/gcc/arm-none-eabi/7.2.1/../../../../arm-none-eabi/lib/thumb/v6-m\libc_nano.a(lib_a-nano-mallocr.o)
                0x00008194                _malloc_r
 .text.__cvt    0x00008250       0xc8 c:/users/hp/appdata/local/arduin~1/packages/arduino/tools/arm-no~1/7-2017q4/bin/../lib/gcc/arm-none-eabi/7.2.1/../../../../arm-none-eabi/lib/thumb/v6-m\libc_nano.a(lib_a-nano-vfprintf_float.o)
                0x00008250                __cvt
 .text.__exponent
                0x00008318       0x70 c:/users/hp/appdata/local/arduin~1/packages/arduino/tools/arm-no~1/7-2017q4/bin/../lib/gcc/arm-none-eabi/7.2.1/../../../../arm-none-eabi/lib/thumb/v6-m\libc_nano.a(lib_a-nano-vfprintf_float.o)
                0x00008318                __exponent
 .text._printf_float
                0x00008388      0x498 c:/users/hp/appdata/local/arduin~1/packages/arduino/tools/arm-no~1/7-2017q4/bin/../lib/gcc/arm-none-eabi/7.2.1/../../../../arm-none-eabi/lib/thumb/v6-m\libc_nano.a(lib_a-nano-vfprintf_float.o)
                0x00008388                _printf_float
 .text._printf_common
                0x00008820       0xda c:/users/hp/appdata/local/arduin~1/packages/arduino/tools/arm-no~1/7-2017q4/bin/../lib/gcc/arm-none-eabi/7.2.1/../../../../arm-none-eabi/lib/thumb/v6-m\libc_nano.a(lib_a-nano-vfprintf_i.o)
                0x00008820                _printf_common
 *fill*         0x000088fa        0x2 
 .text._printf_i
                0x000088fc      0x210 c:/users/hp/appdata/local/arduin~1/packages/arduino/tools/arm-no~1/7-2017q4/bin/../lib/gcc/arm-none-eabi/7.2.1/../../../../arm-none-eabi/lib/thumb/v6-m\libc_nano.a(lib_a-nano-vfprintf_i.o)
                0x000088fc                _printf_i
 .text.rand     0x00008b0c       0x64 c:/users/hp/appdata/local/arduin~1/packages/arduino/tools/arm-no~1/7-2017q4/bin/../lib/gcc/arm-none-eabi/7.2.1/../../../../arm-none-eabi/lib/thumb/v6-m\libc_nano.a(lib_a-rand.o)
                0x00008b0c                rand
 .text.realloc  0x00008b70       0x14 c:/users/hp/appdata/local/arduin~1/packages/arduino/tools/arm-no~1/7-2017q4/bin/../lib/gcc/arm-none-eabi/7.2.1/../../../../arm-none-eabi/lib/thumb/v6-m\libc_nano.a(lib_a-realloc.o)
                0x00008b70                realloc
 .text._sbrk_r  0x00008b84       0x24 c:/users/hp/appdata/local/arduin~1/packages/arduino/tools/arm-no~1/7-2017q4/bin/../lib/gcc/arm-none-eabi/7.2.1/../../../../arm-none-eabi/lib/thumb/v6-m\libc_nano.a(lib_a-sbrkr.o)
                0x00008b84                _sbrk_r
 .text.sprintf  0x00008ba8       0x40 c:/users/hp/appdata/local/arduin~1/packages/arduino/tools/arm-no~1/7-2017q4/bin/../lib/gcc/arm-none-eabi/7.2.1/../../../../arm-none-eabi/lib/thumb/v6-m\libc_nano.a(lib_a-sprintf.o)
                0x00008ba8                siprintf
                0x00008ba8                sprintf
 .text.strchr   0x00008be8       0x1c c:/users/hp/appdata/local/arduin~1/packages/arduino/tools/arm-no~1/7-2017q4/bin/../lib/gcc/arm-none-eabi/7.2.1/../../../../arm-none-eabi/lib/thumb/v6-m\libc_nano.a(lib_a-strchr.o)
                0x00008be8                strchr
 .text.strcpy   0x00008c04       0x10 c:/users/hp/appdata/local/arduin~1/packages/arduino/tools/arm-no~1/7-2017q4/bin/../lib/gcc/arm-none-eabi/7.2.1/../../../../arm-none-eabi/lib/thumb/v6-m\libc_nano.a(lib_a-strcpy.o)
                0x00008c04                strcpy
 .text          0x00008c14        0xe c:/users/hp/appdata/local/arduin~1/packages/arduino/tools/arm-no~1/7-2017q4/bin/../lib/gcc/arm-none-eabi/7.2.1/../../../../arm-none-eabi/lib/thumb/v6-m\libc_nano.a(lib_a-strlen.o)
                0x00008c14                strlen
 .text.strncmp  0x00008c22       0x22 c:/users/hp/appdata/local/arduin~1/packages/arduino/tools/arm-no~1/7-2017q4/bin/../lib/gcc/arm-none-eabi/7.2.1/../../../../arm-none-eabi/lib/thumb/v6-m\libc_nano.a(lib_a-strncmp.o)
                0x00008c22                strncmp
 .text.strncpy  0x00008c44       0x28 c:/users/hp/appdata/local/arduin~1/packages/arduino/tools/arm-no~1/7-2017q4/bin/../lib/gcc/arm-none-eabi/7.2.1/../../../../arm-none-eabi/lib/thumb/v6-m\libc_nano.a(lib_a-strncpy.o)
                0x00008c44                strncpy
 .text.unlikely.sulp
                0x00008c6c       0x30 c:/users/hp/appdata/local/arduin~1/packages/arduino/tools/arm-no~1/7-2017q4/bin/../lib/gcc/arm-none-eabi/7.2.1/../../../../arm-none-eabi/lib/thumb/v6-m\libc_nano.a(lib_a-strtod.o)
 .text._strtod_l
                0x00008c9c      0xc50 c:/users/hp/appdata/local/arduin~1/packages/arduino/tools/arm-no~1/7-2017q4/bin/../lib/gcc/arm-none-eabi/7.2.1/../../../../arm-none-eabi/lib/thumb/v6-m\libc_nano.a(lib_a-strtod.o)
                0x00008c9c                _strtod_l
 .text.strtod   0x000098ec       0x24 c:/users/hp/appdata/local/arduin~1/packages/arduino/tools/arm-no~1/7-2017q4/bin/../lib/gcc/arm-none-eabi/7.2.1/../../../../arm-none-eabi/lib/thumb/v6-m\libc_nano.a(lib_a-strtod.o)
                0x000098ec                strtod
 .text._strtol_l.isra.0
                0x00009910      0x104 c:/users/hp/appdata/local/arduin~1/packages/arduino/tools/arm-no~1/7-2017q4/bin/../lib/gcc/arm-none-eabi/7.2.1/../../../../arm-none-eabi/lib/thumb/v6-m\libc_nano.a(lib_a-strtol.o)
 .text.strtol   0x00009a14       0x28 c:/users/hp/appdata/local/arduin~1/packages/arduino/tools/arm-no~1/7-2017q4/bin/../lib/gcc/arm-none-eabi/7.2.1/../../../../arm-none-eabi/lib/thumb/v6-m\libc_nano.a(lib_a-strtol.o)
                0x00009a14                strtol
 .text.__ascii_wctomb
                0x00009a3c       0x18 c:/users/hp/appdata/local/arduin~1/packages/arduino/tools/arm-no~1/7-2017q4/bin/../lib/gcc/arm-none-eabi/7.2.1/../../../../arm-none-eabi/lib/thumb/v6-m\libc_nano.a(lib_a-wctomb_r.o)
                0x00009a3c                __ascii_wctomb
 .text.quorem   0x00009a54      0x10c c:/users/hp/appdata/local/arduin~1/packages/arduino/tools/arm-no~1/7-2017q4/bin/../lib/gcc/arm-none-eabi/7.2.1/../../../../arm-none-eabi/lib/thumb/v6-m\libc_nano.a(lib_a-dtoa.o)
 .text._dtoa_r  0x00009b60      0xbc0 c:/users/hp/appdata/local/arduin~1/packages/arduino/tools/arm-no~1/7-2017q4/bin/../lib/gcc/arm-none-eabi/7.2.1/../../../../arm-none-eabi/lib/thumb/v6-m\libc_nano.a(lib_a-dtoa.o)
                0x00009b60                _dtoa_r
 .text.rshift   0x0000a720       0x68 c:/users/hp/appdata/local/arduin~1/packages/arduino/tools/arm-no~1/7-2017q4/bin/../lib/gcc/arm-none-eabi/7.2.1/../../../../arm-none-eabi/lib/thumb/v6-m\libc_nano.a(lib_a-gdtoa-gethex.o)
 .text.__hexdig_fun
                0x0000a788       0x2a c:/users/hp/appdata/local/arduin~1/packages/arduino/tools/arm-no~1/7-2017q4/bin/../lib/gcc/arm-none-eabi/7.2.1/../../../../arm-none-eabi/lib/thumb/v6-m\libc_nano.a(lib_a-gdtoa-gethex.o)
                0x0000a788                __hexdig_fun
 .text.__gethex
                0x0000a7b2      0x456 c:/users/hp/appdata/local/arduin~1/packages/arduino/tools/arm-no~1/7-2017q4/bin/../lib/gcc/arm-none-eabi/7.2.1/../../../../arm-none-eabi/lib/thumb/v6-m\libc_nano.a(lib_a-gdtoa-gethex.o)
                0x0000a7b2                __gethex
 .text.L_shift  0x0000ac08       0x24 c:/users/hp/appdata/local/arduin~1/packages/arduino/tools/arm-no~1/7-2017q4/bin/../lib/gcc/arm-none-eabi/7.2.1/../../../../arm-none-eabi/lib/thumb/v6-m\libc_nano.a(lib_a-gdtoa-hexnan.o)
 .text.__match  0x0000ac2c       0x28 c:/users/hp/appdata/local/arduin~1/packages/arduino/tools/arm-no~1/7-2017q4/bin/../lib/gcc/arm-none-eabi/7.2.1/../../../../arm-none-eabi/lib/thumb/v6-m\libc_nano.a(lib_a-gdtoa-hexnan.o)
                0x0000ac2c                __match
 .text.__hexnan
                0x0000ac54      0x12e c:/users/hp/appdata/local/arduin~1/packages/arduino/tools/arm-no~1/7-2017q4/bin/../lib/gcc/arm-none-eabi/7.2.1/../../../../arm-none-eabi/lib/thumb/v6-m\libc_nano.a(lib_a-gdtoa-hexnan.o)
                0x0000ac54                __hexnan
 .text.__localeconv_l
                0x0000ad82        0x4 c:/users/hp/appdata/local/arduin~1/packages/arduino/tools/arm-no~1/7-2017q4/bin/../lib/gcc/arm-none-eabi/7.2.1/../../../../arm-none-eabi/lib/thumb/v6-m\libc_nano.a(lib_a-localeconv.o)
                0x0000ad82                __localeconv_l
 *fill*         0x0000ad86        0x2 
 .text._localeconv_r
                0x0000ad88       0x18 c:/users/hp/appdata/local/arduin~1/packages/arduino/tools/arm-no~1/7-2017q4/bin/../lib/gcc/arm-none-eabi/7.2.1/../../../../arm-none-eabi/lib/thumb/v6-m\libc_nano.a(lib_a-localeconv.o)
                0x0000ad88                _localeconv_r
 .text.memchr   0x0000ada0       0x16 c:/users/hp/appdata/local/arduin~1/packages/arduino/tools/arm-no~1/7-2017q4/bin/../lib/gcc/arm-none-eabi/7.2.1/../../../../arm-none-eabi/lib/thumb/v6-m\libc_nano.a(lib_a-memchr-stub.o)
                0x0000ada0                memchr
 .text.__malloc_lock
                0x0000adb6        0x2 c:/users/hp/appdata/local/arduin~1/packages/arduino/tools/arm-no~1/7-2017q4/bin/../lib/gcc/arm-none-eabi/7.2.1/../../../../arm-none-eabi/lib/thumb/v6-m\libc_nano.a(lib_a-mlock.o)
                0x0000adb6                __malloc_lock
 .text.__malloc_unlock
                0x0000adb8        0x2 c:/users/hp/appdata/local/arduin~1/packages/arduino/tools/arm-no~1/7-2017q4/bin/../lib/gcc/arm-none-eabi/7.2.1/../../../../arm-none-eabi/lib/thumb/v6-m\libc_nano.a(lib_a-mlock.o)
                0x0000adb8                __malloc_unlock
 .text._Balloc  0x0000adba       0x70 c:/users/hp/appdata/local/arduin~1/packages/arduino/tools/arm-no~1/7-2017q4/bin/../lib/gcc/arm-none-eabi/7.2.1/../../../../arm-none-eabi/lib/thumb/v6-m\libc_nano.a(lib_a-mprec.o)
                0x0000adba                _Balloc
 .text._Bfree   0x0000ae2a       0x32 c:/users/hp/appdata/local/arduin~1/packages/arduino/tools/arm-no~1/7-2017q4/bin/../lib/gcc/arm-none-eabi/7.2.1/../../../../arm-none-eabi/lib/thumb/v6-m\libc_nano.a(lib_a-mprec.o)
                0x0000ae2a                _Bfree
 .text.__multadd
                0x0000ae5c       0x7c c:/users/hp/appdata/local/arduin~1/packages/arduino/tools/arm-no~1/7-2017q4/bin/../lib/gcc/arm-none-eabi/7.2.1/../../../../arm-none-eabi/lib/thumb/v6-m\libc_nano.a(lib_a-mprec.o)
                0x0000ae5c                __multadd
 .text.__s2b    0x0000aed8       0x7c c:/users/hp/appdata/local/arduin~1/packages/arduino/tools/arm-no~1/7-2017q4/bin/../lib/gcc/arm-none-eabi/7.2.1/../../../../arm-none-eabi/lib/thumb/v6-m\libc_nano.a(lib_a-mprec.o)
                0x0000aed8                __s2b
 .text.__hi0bits
                0x0000af54       0x34 c:/users/hp/appdata/local/arduin~1/packages/arduino/tools/arm-no~1/7-2017q4/bin/../lib/gcc/arm-none-eabi/7.2.1/../../../../arm-none-eabi/lib/thumb/v6-m\libc_nano.a(lib_a-mprec.o)
                0x0000af54                __hi0bits
 .text.__lo0bits
                0x0000af88       0x5e c:/users/hp/appdata/local/arduin~1/packages/arduino/tools/arm-no~1/7-2017q4/bin/../lib/gcc/arm-none-eabi/7.2.1/../../../../arm-none-eabi/lib/thumb/v6-m\libc_nano.a(lib_a-mprec.o)
                0x0000af88                __lo0bits
 .text.__i2b    0x0000afe6       0x12 c:/users/hp/appdata/local/arduin~1/packages/arduino/tools/arm-no~1/7-2017q4/bin/../lib/gcc/arm-none-eabi/7.2.1/../../../../arm-none-eabi/lib/thumb/v6-m\libc_nano.a(lib_a-mprec.o)
                0x0000afe6                __i2b
 .text.__multiply
                0x0000aff8      0x11e c:/users/hp/appdata/local/arduin~1/packages/arduino/tools/arm-no~1/7-2017q4/bin/../lib/gcc/arm-none-eabi/7.2.1/../../../../arm-none-eabi/lib/thumb/v6-m\libc_nano.a(lib_a-mprec.o)
                0x0000aff8                __multiply
 *fill*         0x0000b116        0x2 
 .text.__pow5mult
                0x0000b118       0xa4 c:/users/hp/appdata/local/arduin~1/packages/arduino/tools/arm-no~1/7-2017q4/bin/../lib/gcc/arm-none-eabi/7.2.1/../../../../arm-none-eabi/lib/thumb/v6-m\libc_nano.a(lib_a-mprec.o)
                0x0000b118                __pow5mult
 .text.__lshift
                0x0000b1bc       0xa4 c:/users/hp/appdata/local/arduin~1/packages/arduino/tools/arm-no~1/7-2017q4/bin/../lib/gcc/arm-none-eabi/7.2.1/../../../../arm-none-eabi/lib/thumb/v6-m\libc_nano.a(lib_a-mprec.o)
                0x0000b1bc                __lshift
 .text.__mcmp   0x0000b260       0x34 c:/users/hp/appdata/local/arduin~1/packages/arduino/tools/arm-no~1/7-2017q4/bin/../lib/gcc/arm-none-eabi/7.2.1/../../../../arm-none-eabi/lib/thumb/v6-m\libc_nano.a(lib_a-mprec.o)
                0x0000b260                __mcmp
 .text.__mdiff  0x0000b294       0xc8 c:/users/hp/appdata/local/arduin~1/packages/arduino/tools/arm-no~1/7-2017q4/bin/../lib/gcc/arm-none-eabi/7.2.1/../../../../arm-none-eabi/lib/thumb/v6-m\libc_nano.a(lib_a-mprec.o)
                0x0000b294                __mdiff
 .text.__ulp    0x0000b35c       0x4c c:/users/hp/appdata/local/arduin~1/packages/arduino/tools/arm-no~1/7-2017q4/bin/../lib/gcc/arm-none-eabi/7.2.1/../../../../arm-none-eabi/lib/thumb/v6-m\libc_nano.a(lib_a-mprec.o)
                0x0000b35c                __ulp
 .text.__b2d    0x0000b3a8       0x98 c:/users/hp/appdata/local/arduin~1/packages/arduino/tools/arm-no~1/7-2017q4/bin/../lib/gcc/arm-none-eabi/7.2.1/../../../../arm-none-eabi/lib/thumb/v6-m\libc_nano.a(lib_a-mprec.o)
                0x0000b3a8                __b2d
 .text.__d2b    0x0000b440       0xa8 c:/users/hp/appdata/local/arduin~1/packages/arduino/tools/arm-no~1/7-2017q4/bin/../lib/gcc/arm-none-eabi/7.2.1/../../../../arm-none-eabi/lib/thumb/v6-m\libc_nano.a(lib_a-mprec.o)
                0x0000b440                __d2b
 .text.__ratio  0x0000b4e8       0x4e c:/users/hp/appdata/local/arduin~1/packages/arduino/tools/arm-no~1/7-2017q4/bin/../lib/gcc/arm-none-eabi/7.2.1/../../../../arm-none-eabi/lib/thumb/v6-m\libc_nano.a(lib_a-mprec.o)
                0x0000b4e8                __ratio
 .text.__copybits
                0x0000b536       0x2c c:/users/hp/appdata/local/arduin~1/packages/arduino/tools/arm-no~1/7-2017q4/bin/../lib/gcc/arm-none-eabi/7.2.1/../../../../arm-none-eabi/lib/thumb/v6-m\libc_nano.a(lib_a-mprec.o)
                0x0000b536                __copybits
 .text.__any_on
                0x0000b562       0x44 c:/users/hp/appdata/local/arduin~1/packages/arduino/tools/arm-no~1/7-2017q4/bin/../lib/gcc/arm-none-eabi/7.2.1/../../../../arm-none-eabi/lib/thumb/v6-m\libc_nano.a(lib_a-mprec.o)
                0x0000b562                __any_on
 .text._calloc_r
                0x0000b5a6       0x1c c:/users/hp/appdata/local/arduin~1/packages/arduino/tools/arm-no~1/7-2017q4/bin/../lib/gcc/arm-none-eabi/7.2.1/../../../../arm-none-eabi/lib/thumb/v6-m\libc_nano.a(lib_a-nano-callocr.o)
                0x0000b5a6                _calloc_r
 .text._realloc_r
                0x0000b5c2       0x4c c:/users/hp/appdata/local/arduin~1/packages/arduino/tools/arm-no~1/7-2017q4/bin/../lib/gcc/arm-none-eabi/7.2.1/../../../../arm-none-eabi/lib/thumb/v6-m\libc_nano.a(lib_a-nano-reallocr.o)
                0x0000b5c2                _realloc_r
 *fill*         0x0000b60e        0x2 
 .text.__ssputs_r
                0x0000b610       0xc4 c:/users/hp/appdata/local/arduin~1/packages/arduino/tools/arm-no~1/7-2017q4/bin/../lib/gcc/arm-none-eabi/7.2.1/../../../../arm-none-eabi/lib/thumb/v6-m\libc_nano.a(lib_a-nano-svfprintf.o)
                0x0000b610                __ssputs_r
 .text._svfprintf_r
                0x0000b6d4      0x1fc c:/users/hp/appdata/local/arduin~1/packages/arduino/tools/arm-no~1/7-2017q4/bin/../lib/gcc/arm-none-eabi/7.2.1/../../../../arm-none-eabi/lib/thumb/v6-m\libc_nano.a(lib_a-nano-svfprintf.o)
                0x0000b6d4                _svfiprintf_r
                0x0000b6d4                _svfprintf_r
 .text._malloc_usable_size_r
                0x0000b8d0       0x10 c:/users/hp/appdata/local/arduin~1/packages/arduino/tools/arm-no~1/7-2017q4/bin/../lib/gcc/arm-none-eabi/7.2.1/../../../../arm-none-eabi/lib/thumb/v6-m\libc_nano.a(lib_a-nano-msizer.o)
                0x0000b8d0                _malloc_usable_size_r
 .text          0x0000b8e0       0x54 c:/users/hp/appdata/local/arduin~1/packages/arduino/tools/arm-no~1/7-2017q4/bin/../lib/gcc/arm-none-eabi/7.2.1/thumb/v6-m\libgcc.a(_muldi3.o)
                0x0000b8e0                __muldi3
                0x0000b8e0                __aeabi_lmul
 .text._sbrk    0x0000b934       0x1c c:/users/hp/appdata/local/arduin~1/packages/arduino/tools/arm-no~1/7-2017q4/bin/../lib/gcc/arm-none-eabi/7.2.1/../../../../arm-none-eabi/lib/thumb/v6-m\libnosys.a(sbrk.o)
                0x0000b934                _sbrk
 *(.init)
 .init          0x0000b950        0x4 c:/users/hp/appdata/local/arduin~1/packages/arduino/tools/arm-no~1/7-2017q4/bin/../lib/gcc/arm-none-eabi/7.2.1/thumb/v6-m/crti.o
                0x0000b950                _init
 .init          0x0000b954        0x8 c:/users/hp/appdata/local/arduin~1/packages/arduino/tools/arm-no~1/7-2017q4/bin/../lib/gcc/arm-none-eabi/7.2.1/thumb/v6-m/crtn.o
 *(.fini)
 .fini          0x0000b95c        0x4 c:/users/hp/appdata/local/arduin~1/packages/arduino/tools/arm-no~1/7-2017q4/bin/../lib/gcc/arm-none-eabi/7.2.1/thumb/v6-m/crti.o
                0x0000b95c                _fini
 .fini          0x0000b960        0x8 c:/users/hp/appdata/local/arduin~1/packages/arduino/tools/arm-no~1/7-2017q4/bin/../lib/gcc/arm-none-eabi/7.2.1/thumb/v6-m/crtn.o
 *crtbegin.o(.ctors)
 *crtbegin?.o(.ctors)
 *(EXCLUDE_FILE(*crtend.o *crtend?.o) .ctors)
 *(SORT_BY_NAME(.ctors.*))
 *(.ctors)
 *crtbegin.o(.dtors)
 *crtbegin?.o(.dtors)
 *(EXCLUDE_FILE(*crtend.o *crtend?.o) .dtors)
 *(SORT_BY_NAME(.dtors.*))
 *(.dtors)
 *(.rodata*)
 .rodata        0x0000b968       0xa0 C:\Users\hp\AppData\Local\Temp\VMBuilds\memory_w25q32jv_development\mkr1000\Debug\memory_w25q32jv_development.cpp.o
 .rodata._Z15array_to_stringPdidc.str1.1
                0x0000ba08        0x0 C:\Users\hp\AppData\Local\Temp\VMBuilds\memory_w25q32jv_development\mkr1000\Debug\memory_w25q32jv_development.cpp.o
                                  0x1 (size before relaxing)
 .rodata.setup.str1.1
                0x0000ba08       0x4e C:\Users\hp\AppData\Local\Temp\VMBuilds\memory_w25q32jv_development\mkr1000\Debug\memory_w25q32jv_development.cpp.o
                                 0x57 (size before relaxing)
 .rodata._ZN11Diagnostics12troubleshootEhb.str1.1
                0x0000ba56      0x53d C:\Users\hp\AppData\Local\Temp\VMBuilds\memory_w25q32jv_development\mkr1000\Debug\SPIMemory\diagnostics.cpp.o
 .rodata._ZN11Diagnostics17_printSupportLinkEv.str1.1
                0x0000bf93       0xbd C:\Users\hp\AppData\Local\Temp\VMBuilds\memory_w25q32jv_development\mkr1000\Debug\SPIMemory\diagnostics.cpp.o
 .rodata        0x0000c050       0x68 C:\Users\hp\AppData\Local\Temp\VMBuilds\memory_w25q32jv_development\mkr1000\Debug\SPIMemory\SPIFlash.cpp.o
 .rodata.g_APinDescription
                0x0000c0b8      0x360 C:\Users\hp\AppData\Local\Temp\VMBCore\arduino16x\b134bebc6982d6b2989adcccb7b06d2f\variant\variant.cpp.o
                0x0000c0b8                g_APinDescription
 .rodata._ZN5Print10printFloatEdh.str1.1
                0x0000c418        0xc C:\Users\hp\AppData\Local\Temp\VMBuilds\MEMORY~1\mkr1000\Debug/core.a(Print.cpp.o)
 .rodata._ZN5Print7printlnEv.str1.1
                0x0000c424        0x3 C:\Users\hp\AppData\Local\Temp\VMBuilds\MEMORY~1\mkr1000\Debug/core.a(Print.cpp.o)
 *fill*         0x0000c427        0x1 
 .rodata._ZTV4Uart
                0x0000c428       0x34 C:\Users\hp\AppData\Local\Temp\VMBuilds\MEMORY~1\mkr1000\Debug/core.a(Uart.cpp.o)
                0x0000c428                vtable for Uart
 .rodata._ZNK6String9substringEjj.str1.1
                0x0000c45c        0x1 C:\Users\hp\AppData\Local\Temp\VMBuilds\MEMORY~1\mkr1000\Debug/core.a(WString.cpp.o)
 .rodata._ZTV7Serial_
                0x0000c45c       0x58 C:\Users\hp\AppData\Local\Temp\VMBuilds\MEMORY~1\mkr1000\Debug/core.a(CDC.cpp.o)
                0x0000c45c                vtable for Serial_
 .rodata._ZTV26DoubleBufferedEPOutHandler
                0x0000c4b4       0x24 C:\Users\hp\AppData\Local\Temp\VMBuilds\MEMORY~1\mkr1000\Debug/core.a(USBCore.cpp.o)
                0x0000c4b4                vtable for DoubleBufferedEPOutHandler
 .rodata._ZL14STRING_PRODUCT