Archive member included to satisfy reference by file (symbol)

C:\Users\hp\AppData\Local\Temp\VMBuilds\MEMORY~1\mkr1000\Debug/core.a(cortex_handlers.c.o)
                              (Reset_Handler)
C:\Users\hp\AppData\Local\Temp\VMBuilds\MEMORY~1\mkr1000\Debug/core.a(delay.c.o)
                              C:\Users\hp\AppData\Local\Temp\VMBuilds\memory_w25q32jv_development\mkr1000\Debug\SPIMemory\SPIFlashIO.cpp.o (micros)
C:\Users\hp\AppData\Local\Temp\VMBuilds\MEMORY~1\mkr1000\Debug/core.a(hooks.c.o)
                              C:\Users\hp\AppData\Local\Temp\VMBuilds\MEMORY~1\mkr1000\Debug/core.a(delay.c.o) (yield)
C:\Users\hp\AppData\Local\Temp\VMBuilds\MEMORY~1\mkr1000\Debug/core.a(startup.c.o)
                              C:\Users\hp\AppData\Local\Temp\VMBuilds\MEMORY~1\mkr1000\Debug/core.a(cortex_handlers.c.o) (SystemInit)
C:\Users\hp\AppData\Local\Temp\VMBuilds\MEMORY~1\mkr1000\Debug/core.a(wiring.c.o)
                              C:\Users\hp\AppData\Local\Temp\VMBuilds\MEMORY~1\mkr1000\Debug/core.a(startup.c.o) (SystemCoreClock)
C:\Users\hp\AppData\Local\Temp\VMBuilds\MEMORY~1\mkr1000\Debug/core.a(wiring_analog.c.o)
                              C:\Users\hp\AppData\Local\Temp\VMBuilds\MEMORY~1\mkr1000\Debug/core.a(wiring.c.o) (analogReference)
C:\Users\hp\AppData\Local\Temp\VMBuilds\MEMORY~1\mkr1000\Debug/core.a(wiring_digital.c.o)
                              C:\Users\hp\AppData\Local\Temp\VMBuilds\memory_w25q32jv_development\mkr1000\Debug\SPIMemory\SPIFlash.cpp.o (pinMode)
C:\Users\hp\AppData\Local\Temp\VMBuilds\MEMORY~1\mkr1000\Debug/core.a(wiring_private.c.o)
                              C:\Users\hp\AppData\Local\Temp\VMBuilds\memory_w25q32jv_development\mkr1000\Debug\SPI\SPI.cpp.o (pinPeripheral)
C:\Users\hp\AppData\Local\Temp\VMBuilds\MEMORY~1\mkr1000\Debug/core.a(main.cpp.o)
                              c:/users/hp/appdata/local/arduin~1/packages/arduino/tools/arm-no~1/7-2017q4/bin/../lib/gcc/arm-none-eabi/7.2.1/../../../../arm-none-eabi/lib/thumb/v6-m/crt0.o (main)
C:\Users\hp\AppData\Local\Temp\VMBuilds\MEMORY~1\mkr1000\Debug/core.a(new.cpp.o)
                              C:\Users\hp\AppData\Local\Temp\VMBuilds\memory_w25q32jv_development\mkr1000\Debug\memory_w25q32jv_development.cpp.o (operator new(unsigned int))
C:\Users\hp\AppData\Local\Temp\VMBuilds\MEMORY~1\mkr1000\Debug/core.a(Print.cpp.o)
                              C:\Users\hp\AppData\Local\Temp\VMBuilds\memory_w25q32jv_development\mkr1000\Debug\SPIMemory\diagnostics.cpp.o (Print::print(__FlashStringHelper const*))
C:\Users\hp\AppData\Local\Temp\VMBuilds\MEMORY~1\mkr1000\Debug/core.a(Reset.cpp.o)
                              C:\Users\hp\AppData\Local\Temp\VMBuilds\MEMORY~1\mkr1000\Debug/core.a(delay.c.o) (tickReset)
C:\Users\hp\AppData\Local\Temp\VMBuilds\MEMORY~1\mkr1000\Debug/core.a(SERCOM.cpp.o)
                              C:\Users\hp\AppData\Local\Temp\VMBCore\arduino16x\b134bebc6982d6b2989adcccb7b06d2f\variant\variant.cpp.o (SERCOM::SERCOM(Sercom*))
C:\Users\hp\AppData\Local\Temp\VMBuilds\MEMORY~1\mkr1000\Debug/core.a(Uart.cpp.o)
                              C:\Users\hp\AppData\Local\Temp\VMBCore\arduino16x\b134bebc6982d6b2989adcccb7b06d2f\variant\variant.cpp.o (Uart::Uart(SERCOM*, unsigned char, unsigned char, SercomRXPad, SercomUartTXPad))
C:\Users\hp\AppData\Local\Temp\VMBuilds\MEMORY~1\mkr1000\Debug/core.a(WString.cpp.o)
                              C:\Users\hp\AppData\Local\Temp\VMBuilds\memory_w25q32jv_development\mkr1000\Debug\memory_w25q32jv_development.cpp.o (String::~String())
C:\Users\hp\AppData\Local\Temp\VMBuilds\MEMORY~1\mkr1000\Debug/core.a(CDC.cpp.o)
                              C:\Users\hp\AppData\Local\Temp\VMBuilds\memory_w25q32jv_development\mkr1000\Debug\memory_w25q32jv_development.cpp.o (Serial_::begin(unsigned long))
C:\Users\hp\AppData\Local\Temp\VMBuilds\MEMORY~1\mkr1000\Debug/core.a(PluggableUSB.cpp.o)
                              C:\Users\hp\AppData\Local\Temp\VMBuilds\MEMORY~1\mkr1000\Debug/core.a(CDC.cpp.o) (PluggableUSB_::plug(PluggableUSBModule*))
C:\Users\hp\AppData\Local\Temp\VMBuilds\MEMORY~1\mkr1000\Debug/core.a(USBCore.cpp.o)
                              C:\Users\hp\AppData\Local\Temp\VMBuilds\MEMORY~1\mkr1000\Debug/core.a(CDC.cpp.o) (usbd)
C:\Users\hp\AppData\Local\Temp\VMBuilds\MEMORY~1\mkr1000\Debug/core.a(itoa.c.o)
                              C:\Users\hp\AppData\Local\Temp\VMBuilds\MEMORY~1\mkr1000\Debug/core.a(WString.cpp.o) (ltoa)
C:\Users\hp\AppData\Local\Temp\VMBuilds\MEMORY~1\mkr1000\Debug/core.a(dtostrf.c.o)
                              C:\Users\hp\AppData\Local\Temp\VMBuilds\MEMORY~1\mkr1000\Debug/core.a(WString.cpp.o) (dtostrf)
C:\Users\hp\AppData\Local\Temp\VMBuilds\MEMORY~1\mkr1000\Debug/core.a(abi.cpp.o)
                              C:\Users\hp\AppData\Local\Temp\VMBuilds\MEMORY~1\mkr1000\Debug/core.a(Print.cpp.o) (__cxa_pure_virtual)
[...]
Memory Configuration

Name             Origin             Length             Attributes
FLASH            0x00002000         0x0003e000         xr
RAM              0x20000000         0x00008000         xrw
*default*        0x00000000         0xffffffff

Linker script and memory map

LOAD c:/users/hp/appdata/local/arduin~1/packages/arduino/tools/arm-no~1/7-2017q4/bin/../lib/gcc/arm-none-eabi/7.2.1/thumb/v6-m/crti.o
LOAD c:/users/hp/appdata/local/arduin~1/packages/arduino/tools/arm-no~1/7-2017q4/bin/../lib/gcc/arm-none-eabi/7.2.1/thumb/v6-m/crtbegin.o
LOAD c:/users/hp/appdata/local/arduin~1/packages/arduino/tools/arm-no~1/7-2017q4/bin/../lib/gcc/arm-none-eabi/7.2.1/../../../../arm-none-eabi/lib/thumb/v6-m/crt0.o
LOAD C:\Users\hp\AppData\Local\Temp\VMBuilds\memory_w25q32jv_development\mkr1000\Debug\memory_w25q32jv_development.cpp.o
LOAD C:\Users\hp\AppData\Local\Temp\VMBuilds\memory_w25q32jv_development\mkr1000\Debug\SPI\SPI.cpp.o
LOAD C:\Users\hp\AppData\Local\Temp\VMBuilds\memory_w25q32jv_development\mkr1000\Debug\SPIMemory\diagnostics.cpp.o
LOAD C:\Users\hp\AppData\Local\Temp\VMBuilds\memory_w25q32jv_development\mkr1000\Debug\SPIMemory\DMASAM.cpp.o
LOAD C:\Users\hp\AppData\Local\Temp\VMBuilds\memory_w25q32jv_development\mkr1000\Debug\SPIMemory\SPIFlash.cpp.o
LOAD C:\Users\hp\AppData\Local\Temp\VMBuilds\memory_w25q32jv_development\mkr1000\Debug\SPIMemory\SPIFlashIO.cpp.o
LOAD C:\Users\hp\AppData\Local\Temp\VMBuilds\memory_w25q32jv_development\mkr1000\Debug\SPIMemory\SPIFlashSFDP.cpp.o
LOAD C:\Users\hp\AppData\Local\Temp\VMBuilds\memory_w25q32jv_development\mkr1000\Debug\SPIMemory\SPIFram.cpp.o
LOAD C:\Users\hp\AppData\Local\Temp\VMBuilds\memory_w25q32jv_development\mkr1000\Debug\SPIMemory\SPIFramIO.cpp.o
LOAD C:\Users\hp\AppData\Local\Temp\VMBuilds\memory_w25q32jv_development\mkr1000\Debug\SPIMemory\SPIMemory.cpp.o
LOAD C:\Users\hp\AppData\Local\Temp\VMBCore\arduino16x\b134bebc6982d6b2989adcccb7b06d2f\variant\variant.cpp.o
START GROUP
LOAD C:\Users\hp\AppData\Local\ARDUIN~1\packages\arduino\tools\CMSIS\4583DE~1.0/CMSIS/Lib/GCC/\libarm_cortexM0l_math.a
LOAD C:\Users\hp\AppData\Local\Temp\VMBuilds\MEMORY~1\mkr1000\Debug/core.a
END GROUP
LOAD c:/users/hp/appdata/local/arduin~1/packages/arduino/tools/arm-no~1/7-2017q4/bin/../lib/gcc/arm-none-eabi/7.2.1/../../../../arm-none-eabi/lib/thumb/v6-m\libstdc++_nano.a
LOAD c:/users/hp/appdata/local/arduin~1/packages/arduino/tools/arm-no~1/7-2017q4/bin/../lib/gcc/arm-none-eabi/7.2.1/../../../../arm-none-eabi/lib/thumb/v6-m\libm.a
START GROUP
LOAD c:/users/hp/appdata/local/arduin~1/packages/arduino/tools/arm-no~1/7-2017q4/bin/../lib/gcc/arm-none-eabi/7.2.1/thumb/v6-m\libgcc.a
LOAD c:/users/hp/appdata/local/arduin~1/packages/arduino/tools/arm-no~1/7-2017q4/bin/../lib/gcc/arm-none-eabi/7.2.1/../../../../arm-none-eabi/lib/thumb/v6-m\libc_nano.a
END GROUP
START GROUP
LOAD c:/users/hp/appdata/local/arduin~1/packages/arduino/tools/arm-no~1/7-2017q4/bin/../lib/gcc/arm-none-eabi/7.2.1/thumb/v6-m\libgcc.a
LOAD c:/users/hp/appdata/local/arduin~1/packages/arduino/tools/arm-no~1/7-2017q4/bin/../lib/gcc/arm-none-eabi/7.2.1/../../../../arm-none-eabi/lib/thumb/v6-m\libc_nano.a
LOAD c:/users/hp/appdata/local/arduin~1/packages/arduino/tools/arm-no~1/7-2017q4/bin/../lib/gcc/arm-none-eabi/7.2.1/../../../../arm-none-eabi/lib/thumb/v6-m\libnosys.a
END GROUP
START GROUP
LOAD c:/users/hp/appdata/local/arduin~1/packages/arduino/tools/arm-no~1/7-2017q4/bin/../lib/gcc/arm-none-eabi/7.2.1/thumb/v6-m\libgcc.a
LOAD c:/users/hp/appdata/local/arduin~1/packages/arduino/tools/arm-no~1/7-2017q4/bin/../lib/gcc/arm-none-eabi/7.2.1/../../../../arm-none-eabi/lib/thumb/v6-m\libc_nano.a
LOAD c:/users/hp/appdata/local/arduin~1/packages/arduino/tools/arm-no~1/7-2017q4/bin/../lib/gcc/arm-none-eabi/7.2.1/../../../../arm-none-eabi/lib/thumb/v6-m\libnosys.a
END GROUP
LOAD c:/users/hp/appdata/local/arduin~1/packages/arduino/tools/arm-no~1/7-2017q4/bin/../lib/gcc/arm-none-eabi/7.2.1/thumb/v6-m/crtend.o
LOAD c:/users/hp/appdata/local/arduin~1/packages/arduino/tools/arm-no~1/7-2017q4/bin/../lib/gcc/arm-none-eabi/7.2.1/thumb/v6-m/crtn.o

.text           0x00002000     0xa89c
                0x00002000                __text_start__ = .
 *(.sketch_boot)
                0x00002000                . = ALIGN (0x2000)
 *(.isr_vector)
 .isr_vector    0x00002000       0xb4 C:\Users\hp\AppData\Local\Temp\VMBuilds\MEMORY~1\mkr1000\Debug/core.a(cortex_handlers.c.o)
                0x00002000                exception_table
 *(.text*)
 .text          0x000020b4       0x48 c:/users/hp/appdata/local/arduin~1/packages/arduino/tools/arm-no~1/7-2017q4/bin/../lib/gcc/arm-none-eabi/7.2.1/thumb/v6-m/crtbegin.o
 .text._ZN10LinkedListImED2Ev
                0x000020fc       0x18 C:\Users\hp\AppData\Local\Temp\VMBuilds\memory_w25q32jv_development\mkr1000\Debug\memory_w25q32jv_development.cpp.o
                0x000020fc                LinkedList<unsigned long>::~LinkedList()
                0x000020fc                LinkedList<unsigned long>::~LinkedList()
 .text._Z12memory_setupP8SPIFlash
                0x00002114       0x2c C:\Users\hp\AppData\Local\Temp\VMBuilds\memory_w25q32jv_development\mkr1000\Debug\memory_w25q32jv_development.cpp.o
                0x00002114                memory_setup(SPIFlash*)
 .text._Z15array_to_stringPdidc
                0x00002140       0x68 C:\Users\hp\AppData\Local\Temp\VMBuilds\memory_w25q32jv_development\mkr1000\Debug\memory_w25q32jv_development.cpp.o
                0x00002140                array_to_string(double*, int, double, char)
 .text._Z15array_to_stringPmiic
                0x000021a8       0x58 C:\Users\hp\AppData\Local\Temp\VMBuilds\memory_w25q32jv_development\mkr1000\Debug\memory_w25q32jv_development.cpp.o
                0x000021a8                array_to_string(unsigned long*, int, int, char)
 .text._Z15string_to_array6StringPdidc
                0x00002200       0x68 C:\Users\hp\AppData\Local\Temp\VMBuilds\memory_w25q32jv_development\mkr1000\Debug\memory_w25q32jv_development.cpp.o
                0x00002200                string_to_array(String, double*, int, double, char)
 .text._Z15string_to_array6StringPmiic
                0x00002268       0x5c C:\Users\hp\AppData\Local\Temp\VMBuilds\memory_w25q32jv_development\mkr1000\Debug\memory_w25q32jv_development.cpp.o
                0x00002268                string_to_array(String, unsigned long*, int, int, char)
 .text.loop     0x000022c4        0x2 C:\Users\hp\AppData\Local\Temp\VMBuilds\memory_w25q32jv_development\mkr1000\Debug\memory_w25q32jv_development.cpp.o
                0x000022c4                loop
 .text._ZN10LinkedListImE10InsertTailEm
                0x000022c6       0x3a C:\Users\hp\AppData\Local\Temp\VMBuilds\memory_w25q32jv_development\mkr1000\Debug\memory_w25q32jv_development.cpp.o
                0x000022c6                LinkedList<unsigned long>::InsertTail(unsigned long)
 .text._Z20__memory_store_arrayP8SPIFlashPdiP10LinkedListImEdc
                0x00002300       0x4a C:\Users\hp\AppData\Local\Temp\VMBuilds\memory_w25q32jv_development\mkr1000\Debug\memory_w25q32jv_development.cpp.o
                0x00002300                __memory_store_array(SPIFlash*, double*, int, LinkedList<unsigned long>*, double, char)
 .text._Z20__memory_store_arrayP8SPIFlashPmiP10LinkedListImEic
                0x0000234a       0x42 C:\Users\hp\AppData\Local\Temp\VMBuilds\memory_w25q32jv_development\mkr1000\Debug\memory_w25q32jv_development.cpp.o
                0x0000234a                __memory_store_array(SPIFlash*, unsigned long*, int, LinkedList<unsigned long>*, int, char)
 .text._ZN10LinkedListImE13move_iteratorEi
                0x0000238c       0x28 C:\Users\hp\AppData\Local\Temp\VMBuilds\memory_w25q32jv_development\mkr1000\Debug\memory_w25q32jv_development.cpp.o
                0x0000238c                LinkedList<unsigned long>::move_iterator(int)
 .text._Z30memory_retrieve_array_functionP8SPIFlashPdidcP10LinkedListImEi
                0x000023b4       0x74 C:\Users\hp\AppData\Local\Temp\VMBuilds\memory_w25q32jv_development\mkr1000\Debug\memory_w25q32jv_development.cpp.o
                0x000023b4                memory_retrieve_array_function(SPIFlash*, double*, int, double, char, LinkedList<unsigned long>*, int)
 .text._ZN10LinkedListImE5ClearEv
                0x00002428       0x3c C:\Users\hp\AppData\Local\Temp\VMBuilds\memory_w25q32jv_development\mkr1000\Debug\memory_w25q32jv_development.cpp.o
                0x00002428                LinkedList<unsigned long>::Clear()
 .text._Z20save_array_in_memoryP8SPIFlashPdiiciP10LinkedListImES4_
                0x00002464       0xbc C:\Users\hp\AppData\Local\Temp\VMBuilds\memory_w25q32jv_development\mkr1000\Debug\memory_w25q32jv_development.cpp.o
                0x00002464                save_array_in_memory(SPIFlash*, double*, int, int, char, int, LinkedList<unsigned long>*, LinkedList<unsigned long>*)
 .text._Z30memory_retrieve_array_functionP8SPIFlashPmiicP10LinkedListImEi
                0x00002520       0x6c C:\Users\hp\AppData\Local\Temp\VMBuilds\memory_w25q32jv_development\mkr1000\Debug\memory_w25q32jv_development.cpp.o
                0x00002520                memory_retrieve_array_function(SPIFlash*, unsigned long*, int, int, char, LinkedList<unsigned long>*, int)
 .text._Z26print_all_arrays_in_memoryP8SPIFlashiiciP10LinkedListImES3_
                0x0000258c      0x208 C:\Users\hp\AppData\Local\Temp\VMBuilds\memory_w25q32jv_development\mkr1000\Debug\memory_w25q32jv_development.cpp.o
                0x0000258c                print_all_arrays_in_memory(SPIFlash*, int, int, char, int, LinkedList<unsigned long>*, LinkedList<unsigned long>*)
 .text.setup    0x00002794      0x128 C:\Users\hp\AppData\Local\Temp\VMBuilds\memory_w25q32jv_development\mkr1000\Debug\memory_w25q32jv_development.cpp.o
                0x00002794                setup
 .text.startup._GLOBAL__sub_I_memory_addresses_linkedlist
                0x000028bc       0x4c C:\Users\hp\AppData\Local\Temp\VMBuilds\memory_w25q32jv_development\mkr1000\Debug\memory_w25q32jv_development.cpp.o
 .text._ZN8SPIClass4initEv
                0x00002908       0x12 C:\Users\hp\AppData\Local\Temp\VMBuilds\memory_w25q32jv_development\mkr1000\Debug\SPI\SPI.cpp.o
                0x00002908                SPIClass::init()
 .text._ZN8SPIClass6configE11SPISettings
                0x0000291a       0x4e C:\Users\hp\AppData\Local\Temp\VMBuilds\memory_w25q32jv_development\mkr1000\Debug\SPI\SPI.cpp.o
                0x0000291a                SPIClass::config(SPISettings)
 .text._ZN8SPIClass5beginEv
                0x00002968       0x50 C:\Users\hp\AppData\Local\Temp\VMBuilds\memory_w25q32jv_development\mkr1000\Debug\SPI\SPI.cpp.o
                0x00002968                SPIClass::begin()
 .text._ZN8SPIClass16beginTransactionE11SPISettings
                0x000029b8       0x38 C:\Users\hp\AppData\Local\Temp\VMBuilds\memory_w25q32jv_development\mkr1000\Debug\SPI\SPI.cpp.o
                0x000029b8                SPIClass::beginTransaction(SPISettings)
 .text._ZN8SPIClass14endTransactionEv
                0x000029f0       0x28 C:\Users\hp\AppData\Local\Temp\VMBuilds\memory_w25q32jv_development\mkr1000\Debug\SPI\SPI.cpp.o
                0x000029f0                SPIClass::endTransaction()
 .text._ZN8SPIClass8transferEh
                0x00002a18        0xa C:\Users\hp\AppData\Local\Temp\VMBuilds\memory_w25q32jv_development\mkr1000\Debug\SPI\SPI.cpp.o
                0x00002a18                SPIClass::transfer(unsigned char)
 .text._ZN8SPIClass8transferEPvj
                0x00002a22       0x1c C:\Users\hp\AppData\Local\Temp\VMBuilds\memory_w25q32jv_development\mkr1000\Debug\SPI\SPI.cpp.o
                0x00002a22                SPIClass::transfer(void*, unsigned int)
 *fill*         0x00002a3e        0x2 
 .text.startup._GLOBAL__sub_I__ZN8SPIClassC2EP6SERCOMhhh14SercomSpiTXPad11SercomRXPad
                0x00002a40       0x64 C:\Users\hp\AppData\Local\Temp\VMBuilds\memory_w25q32jv_development\mkr1000\Debug\SPI\SPI.cpp.o
 .text._ZN11DiagnosticsD2Ev
                0x00002aa4        0x2 C:\Users\hp\AppData\Local\Temp\VMBuilds\memory_w25q32jv_development\mkr1000\Debug\SPIMemory\diagnostics.cpp.o
                0x00002aa4                Diagnostics::~Diagnostics()
                0x00002aa4                Diagnostics::~Diagnostics()
 *fill*         0x00002aa6        0x2 
 .text._ZN11Diagnostics17_printSupportLinkEv
                0x00002aa8       0x24 C:\Users\hp\AppData\Local\Temp\VMBuilds\memory_w25q32jv_development\mkr1000\Debug\SPIMemory\diagnostics.cpp.o
                0x00002aa8                Diagnostics::_printSupportLink()
 .text._ZN11Diagnostics12troubleshootEhb
                0x00002acc      0x128 C:\Users\hp\AppData\Local\Temp\VMBuilds\memory_w25q32jv_development\mkr1000\Debug\SPIMemory\diagnostics.cpp.o
                0x00002acc                Diagnostics::troubleshoot(unsigned char, bool)
 .text.startup._GLOBAL__sub_I__ZN11Diagnostics15_printErrorCodeEv
                0x00002bf4       0x1c C:\Users\hp\AppData\Local\Temp\VMBuilds\memory_w25q32jv_development\mkr1000\Debug\SPIMemory\diagnostics.cpp.o
 .text._ZN8SPIFlashC2EhP8SPIClass
                0x00002c10       0xa4 C:\Users\hp\AppData\Local\Temp\VMBuilds\memory_w25q32jv_development\mkr1000\Debug\SPIMemory\SPIFlash.cpp.o
                0x00002c10                SPIFlash::SPIFlash(unsigned char, SPIClass*)
                0x00002c10                SPIFlash::SPIFlash(unsigned char, SPIClass*)
 .text._ZN8SPIFlash5beginEm
                0x00002cb4       0x46 C:\Users\hp\AppData\Local\Temp\VMBuilds\memory_w25q32jv_development\mkr1000\Debug\SPIMemory\SPIFlash.cpp.o
                0x00002cb4                SPIFlash::begin(unsigned long)
 *fill*         0x00002cfa        0x2 
 .text._ZN8SPIFlash5errorEb
                0x00002cfc       0x1c C:\Users\hp\AppData\Local\Temp\VMBuilds\memory_w25q32jv_development\mkr1000\Debug\SPIMemory\SPIFlash.cpp.o
                0x00002cfc                SPIFlash::error(bool)
 .text._ZN8SPIFlash10getAddressEt
                0x00002d18       0x48 C:\Users\hp\AppData\Local\Temp\VMBuilds\memory_w25q32jv_development\mkr1000\Debug\SPIMemory\SPIFlash.cpp.o
                0x00002d18                SPIFlash::getAddress(unsigned short)
 .text._ZN8SPIFlash7readStrEmR6Stringb
                0x00002d60       0xc4 C:\Users\hp\AppData\Local\Temp\VMBuilds\memory_w25q32jv_development\mkr1000\Debug\SPIMemory\SPIFlash.cpp.o
                0x00002d60                SPIFlash::readStr(unsigned long, String&, bool)
 .text._ZN8SPIFlash8writeStrEmR6Stringb
                0x00002e24      0x25c C:\Users\hp\AppData\Local\Temp\VMBuilds\memory_w25q32jv_development\mkr1000\Debug\SPIMemory\SPIFlash.cpp.o
                0x00002e24                SPIFlash::writeStr(unsigned long, String&, bool)
 .text._ZN8SPIFlash9eraseChipEv
                0x00003080       0x54 C:\Users\hp\AppData\Local\Temp\VMBuilds\memory_w25q32jv_development\mkr1000\Debug\SPIMemory\SPIFlash.cpp.o
                0x00003080                SPIFlash::eraseChip()
 .text._ZN8SPIFlash9_nextByteEch.constprop.8
                0x000030d4        0xa C:\Users\hp\AppData\Local\Temp\VMBuilds\memory_w25q32jv_development\mkr1000\Debug\SPIMemory\SPIFlashIO.cpp.o
 *fill*         0x000030de        0x2 
 .text._ZN8SPIFlash13_addressCheckEmm
                0x000030e0       0x48 C:\Users\hp\AppData\Local\Temp\VMBuilds\memory_w25q32jv_development\mkr1000\Debug\SPIMemory\SPIFlashIO.cpp.o
                0x000030e0                SPIFlash::_addressCheck(unsigned long, unsigned long)
 .text._ZN8SPIFlash16_transferAddressEv
                0x00003128       0x3c C:\Users\hp\AppData\Local\Temp\VMBuilds\memory_w25q32jv_development\mkr1000\Debug\SPIMemory\SPIFlashIO.cpp.o
                0x00003128                SPIFlash::_transferAddress()
 .text._ZN8SPIFlash12_startSPIBusEv
                0x00003164       0x14 C:\Users\hp\AppData\Local\Temp\VMBuilds\memory_w25q32jv_development\mkr1000\Debug\SPIMemory\SPIFlashIO.cpp.o
                0x00003164                SPIFlash::_startSPIBus()
 .text._ZN8SPIFlash9_beginSPIEh
                0x00003178       0x60 C:\Users\hp\AppData\Local\Temp\VMBuilds\memory_w25q32jv_development\mkr1000\Debug\SPIMemory\SPIFlashIO.cpp.o
                0x00003178                SPIFlash::_beginSPI(unsigned char)
 .text._ZN8SPIFlash15_notPrevWrittenEmm
                0x000031d8       0x48 C:\Users\hp\AppData\Local\Temp\VMBuilds\memory_w25q32jv_development\mkr1000\Debug\SPIMemory\SPIFlashIO.cpp.o
                0x000031d8                SPIFlash::_notPrevWritten(unsigned long, unsigned long)
 .text._ZN8SPIFlash9_nextByteEch
                0x00003220        0xc C:\Users\hp\AppData\Local\Temp\VMBuilds\memory_w25q32jv_development\mkr1000\Debug\SPIMemory\SPIFlashIO.cpp.o
                0x00003220                SPIFlash::_nextByte(char, unsigned char)
 .text._ZN8SPIFlash8_nextBufEhPhm
                0x0000322c       0x16 C:\Users\hp\AppData\Local\Temp\VMBuilds\memory_w25q32jv_development\mkr1000\Debug\SPIMemory\SPIFlashIO.cpp.o
                0x0000322c                SPIFlash::_nextBuf(unsigned char, unsigned char*, unsigned long)
 .text._ZN8SPIFlash10_readStat1Ev
                0x00003242       0x22 C:\Users\hp\AppData\Local\Temp\VMBuilds\memory_w25q32jv_development\mkr1000\Debug\SPIMemory\SPIFlashIO.cpp.o
                0x00003242                SPIFlash::_readStat1()
 .text._ZN8SPIFlash10_readStat3Ev
                0x00003264       0x22 C:\Users\hp\AppData\Local\Temp\VMBuilds\memory_w25q32jv_development\mkr1000\Debug\SPIMemory\SPIFlashIO.cpp.o
                0x00003264                SPIFlash::_readStat3()
 *fill*         0x00003286        0x2 
 .text._ZN8SPIFlash22_enable4ByteAddressingEv
                0x00003288       0x44 C:\Users\hp\AppData\Local\Temp\VMBuilds\memory_w25q32jv_development\mkr1000\Debug\SPIMemory\SPIFlashIO.cpp.o
                0x00003288                SPIFlash::_enable4ByteAddressing()
 .text._ZN8SPIFlash23_disable4ByteAddressingEv
                0x000032cc       0x40 C:\Users\hp\AppData\Local\Temp\VMBuilds\memory_w25q32jv_development\mkr1000\Debug\SPIMemory\SPIFlashIO.cpp.o
                0x000032cc                SPIFlash::_disable4ByteAddressing()
 .text._ZN8SPIFlash7_endSPIEv
                0x0000330c       0x24 C:\Users\hp\AppData\Local\Temp\VMBuilds\memory_w25q32jv_development\mkr1000\Debug\SPIMemory\SPIFlashIO.cpp.o
                0x0000330c                SPIFlash::_endSPI()
 .text._ZN8SPIFlash18_isChipPoweredDownEv
                0x00003330       0x1c C:\Users\hp\AppData\Local\Temp\VMBuilds\memory_w25q32jv_development\mkr1000\Debug\SPIMemory\SPIFlashIO.cpp.o
                0x00003330                SPIFlash::_isChipPoweredDown()
 .text._ZN8SPIFlash8_notBusyEm
                0x0000334c       0x4c C:\Users\hp\AppData\Local\Temp\VMBuilds\memory_w25q32jv_development\mkr1000\Debug\SPIMemory\SPIFlashIO.cpp.o
                0x0000334c                SPIFlash::_notBusy(unsigned long)
 .text._ZN8SPIFlash12_writeEnableEb
                0x00003398       0x3c C:\Users\hp\AppData\Local\Temp\VMBuilds\memory_w25q32jv_development\mkr1000\Debug\SPIMemory\SPIFlashIO.cpp.o
                0x00003398                SPIFlash::_writeEnable(bool)
 .text._ZN8SPIFlash5_prepEhmm
                0x000033d4       0xac C:\Users\hp\AppData\Local\Temp\VMBuilds\memory_w25q32jv_development\mkr1000\Debug\SPIMemory\SPIFlashIO.cpp.o
                0x000033d4                SPIFlash::_prep(unsigned char, unsigned long, unsigned long)
 .text._ZN8SPIFlash13_writeDisableEv
                0x00003480       0x16 C:\Users\hp\AppData\Local\Temp\VMBuilds\memory_w25q32jv_development\mkr1000\Debug\SPIMemory\SPIFlashIO.cpp.o
                0x00003480                SPIFlash::_writeDisable()
 *fill*         0x00003496        0x2 
 .text._ZN8SPIFlash11_getJedecIdEv
                0x00003498       0x68 C:\Users\hp\AppData\Local\Temp\VMBuilds\memory_w25q32jv_development\mkr1000\Debug\SPIMemory\SPIFlashIO.cpp.o
                0x00003498                SPIFlash::_getJedecId()
 .text._ZN8SPIFlash26_disableGlobalBlockProtectEv
                0x00003500       0x8c C:\Users\hp\AppData\Local\Temp\VMBuilds\memory_w25q32jv_development\mkr1000\Debug\SPIMemory\SPIFlashIO.cpp.o
                0x00003500                SPIFlash::_disableGlobalBlockProtect()
 .text._ZN8SPIFlash7_chipIDEm
                0x0000358c      0x140 C:\Users\hp\AppData\Local\Temp\VMBuilds\memory_w25q32jv_development\mkr1000\Debug\SPIMemory\SPIFlashIO.cpp.o
                0x0000358c                SPIFlash::_chipID(unsigned long)
 .text._ZN8SPIFlash13_troubleshootEhb
                0x000036cc       0x10 C:\Users\hp\AppData\Local\Temp\VMBuilds\memory_w25q32jv_development\mkr1000\Debug\SPIMemory\SPIFlashIO.cpp.o
                0x000036cc                SPIFlash::_troubleshoot(unsigned char, bool)
 .text._ZN9SPIMemoryD2Ev
                0x000036dc        0x2 C:\Users\hp\AppData\Local\Temp\VMBuilds\memory_w25q32jv_development\mkr1000\Debug\SPIMemory\SPIMemory.cpp.o
                0x000036dc                SPIMemory::~SPIMemory()
                0x000036dc                SPIMemory::~SPIMemory()
 *fill*         0x000036de        0x2 
 .text.startup._GLOBAL__sub_I_SPIMemory
                0x000036e0       0x1c C:\Users\hp\AppData\Local\Temp\VMBuilds\memory_w25q32jv_development\mkr1000\Debug\SPIMemory\SPIMemory.cpp.o
 .text.SERCOM5_Handler
                0x000036fc       0x10 C:\Users\hp\AppData\Local\Temp\VMBCore\arduino16x\b134bebc6982d6b2989adcccb7b06d2f\variant\variant.cpp.o
                0x000036fc                SERCOM5_Handler
 .text.startup._GLOBAL__sub_I_g_APinDescription
                0x0000370c       0x80 C:\Users\hp\AppData\Local\Temp\VMBCore\arduino16x\b134bebc6982d6b2989adcccb7b06d2f\variant\variant.cpp.o
 .text.Dummy_Handler
                0x0000378c        0x2 C:\Users\hp\AppData\Local\Temp\VMBuilds\MEMORY~1\mkr1000\Debug/core.a(cortex_handlers.c.o)
                0x0000378c                DMAC_Handler
                0x0000378c                HardFault_Handler
                0x0000378c                AC_Handler
                0x0000378c                PendSV_Handler
                0x0000378c                NMI_Handler
                0x0000378c                TC7_Handler
                0x0000378c                SERCOM1_Handler
                0x0000378c                ADC_Handler
                0x0000378c                TCC1_Handler
                0x0000378c                SERCOM2_Handler
                0x0000378c                TCC0_Handler
                0x0000378c                RTC_Handler
                0x0000378c                EIC_Handler
                0x0000378c                TC6_Handler
                0x0000378c                WDT_Handler
                0x0000378c                TC4_Handler
                0x0000378c                TC3_Handler
                0x0000378c                Dummy_Handler
                0x0000378c                PM_Handler
                0x0000378c                SVC_Handler
                0x0000378c                TCC2_Handler
                0x0000378c                EVSYS_Handler
                0x0000378c                SERCOM3_Handler
                0x0000378c                SERCOM4_Handler
                0x0000378c                I2S_Handler
                0x0000378c                NVMCTRL_Handler
                0x0000378c                SERCOM0_Handler
                0x0000378c                DAC_Handler
                0x0000378c                PTC_Handler
                0x0000378c                SYSCTRL_Handler
 *fill*         0x0000378e        0x2 
 .text.USB_Handler
                0x00003790       0x14 C:\Users\hp\AppData\Local\Temp\VMBuilds\MEMORY~1\mkr1000\Debug/core.a(cortex_handlers.c.o)
                0x00003790                USB_Handler
 .text.Reset_Handler
                0x000037a4       0x54 C:\Users\hp\AppData\Local\Temp\VMBuilds\MEMORY~1\mkr1000\Debug/core.a(cortex_handlers.c.o)
                0x000037a4                Reset_Handler
 .text.SysTick_Handler
                0x000037f8       0x10 C:\Users\hp\AppData\Local\Temp\VMBuilds\MEMORY~1\mkr1000\Debug/core.a(cortex_handlers.c.o)
                0x000037f8                SysTick_Handler
 .text.USB_SetHandler
                0x00003808        0xc C:\Users\hp\AppData\Local\Temp\VMBuilds\MEMORY~1\mkr1000\Debug/core.a(cortex_handlers.c.o)
                0x00003808                USB_SetHandler
 .text.micros   0x00003814       0x60 C:\Users\hp\AppData\Local\Temp\VMBuilds\MEMORY~1\mkr1000\Debug/core.a(delay.c.o)
                0x00003814                micros
 .text.delay    0x00003874       0x30 C:\Users\hp\AppData\Local\Temp\VMBuilds\MEMORY~1\mkr1000\Debug/core.a(delay.c.o)
                0x00003874                delay
 .text.resetExternalChip
                0x000038a4        0x2 C:\Users\hp\AppData\Local\Temp\VMBuilds\MEMORY~1\mkr1000\Debug/core.a(delay.c.o)
                0x000038a4                resetExternalChip
 *fill*         0x000038a6        0x2 
 .text.SysTick_DefaultHandler
                0x000038a8       0x14 C:\Users\hp\AppData\Local\Temp\VMBuilds\MEMORY~1\mkr1000\Debug/core.a(delay.c.o)
                0x000038a8                SysTick_DefaultHandler
 .text.__empty  0x000038bc        0x2 C:\Users\hp\AppData\Local\Temp\VMBuilds\MEMORY~1\mkr1000\Debug/core.a(hooks.c.o)
                0x000038bc                yield
 .text.__false  0x000038be        0x4 C:\Users\hp\AppData\Local\Temp\VMBuilds\MEMORY~1\mkr1000\Debug/core.a(hooks.c.o)
                0x000038be                sysTickHook
 *fill*         0x000038c2        0x2 
 .text.SystemInit
                0x000038c4      0x160 C:\Users\hp\AppData\Local\Temp\VMBuilds\MEMORY~1\mkr1000\Debug/core.a(startup.c.o)
                0x000038c4                SystemInit
 .text.init     0x00003a24       0xf0 C:\Users\hp\AppData\Local\Temp\VMBuilds\MEMORY~1\mkr1000\Debug/core.a(wiring.c.o)
                0x00003a24                init
 .text.analogReference
                0x00003b14       0x64 C:\Users\hp\AppData\Local\Temp\VMBuilds\MEMORY~1\mkr1000\Debug/core.a(wiring_analog.c.o)
                0x00003b14                analogReference
 .text.pinMode  0x00003b78       0x98 C:\Users\hp\AppData\Local\Temp\VMBuilds\MEMORY~1\mkr1000\Debug/core.a(wiring_digital.c.o)
                0x00003b78                pinMode
 .text.digitalWrite
                0x00003c10       0x58 C:\Users\hp\AppData\Local\Temp\VMBuilds\MEMORY~1\mkr1000\Debug/core.a(wiring_digital.c.o)
                0x00003c10                digitalWrite
 .text.pinPeripheral
                0x00003c68       0xc0 C:\Users\hp\AppData\Local\Temp\VMBuilds\MEMORY~1\mkr1000\Debug/core.a(wiring_private.c.o)
                0x00003c68                pinPeripheral
 .text._Z11initVariantv
                0x00003d28        0x2 C:\Users\hp\AppData\Local\Temp\VMBuilds\MEMORY~1\mkr1000\Debug/core.a(main.cpp.o)
                0x00003d28                initVariant()
 *fill*         0x00003d2a        0x2 
 .text.startup.main
                0x00003d2c       0x40 C:\Users\hp\AppData\Local\Temp\VMBuilds\MEMORY~1\mkr1000\Debug/core.a(main.cpp.o)
                0x00003d2c                main
 .text._Znwj    0x00003d6c        0x8 C:\Users\hp\AppData\Local\Temp\VMBuilds\MEMORY~1\mkr1000\Debug/core.a(new.cpp.o)
                0x00003d6c                operator new(unsigned int)
 .text._Znaj    0x00003d74        0x8 C:\Users\hp\AppData\Local\Temp\VMBuilds\MEMORY~1\mkr1000\Debug/core.a(new.cpp.o)
                0x00003d74                operator new[](unsigned int)
 .text._ZdlPv   0x00003d7c        0x8 C:\Users\hp\AppData\Local\Temp\VMBuilds\MEMORY~1\mkr1000\Debug/core.a(new.cpp.o)
                0x00003d7c                operator delete(void*)
 .text._ZN5Print5writeEPKhj
                0x00003d84       0x28 C:\Users\hp\AppData\Local\Temp\VMBuilds\MEMORY~1\mkr1000\Debug/core.a(Print.cpp.o)
                0x00003d84                Print::write(unsigned char const*, unsigned int)
 .text._ZN5Print5writeEPKc.part.2
                0x00003dac       0x1a C:\Users\hp\AppData\Local\Temp\VMBuilds\MEMORY~1\mkr1000\Debug/core.a(Print.cpp.o)
 .text._ZN5Print5writeEPKc
                0x00003dc6       0x10 C:\Users\hp\AppData\Local\Temp\VMBuilds\MEMORY~1\mkr1000\Debug/core.a(Print.cpp.o)
                0x00003dc6                Print::write(char const*)
 .text._ZN5Print5printEPK19__FlashStringHelper
                0x00003dd6        0x8 C:\Users\hp\AppData\Local\Temp\VMBuilds\MEMORY~1\mkr1000\Debug/core.a(Print.cpp.o)
                0x00003dd6                Print::print(__FlashStringHelper const*)
 .text._ZN5Print5printEPKc
                0x00003dde        0x8 C:\Users\hp\AppData\Local\Temp\VMBuilds\MEMORY~1\mkr1000\Debug/core.a(Print.cpp.o)
                0x00003dde                Print::print(char const*)
 .text._ZN5Print5printEc
                0x00003de6        0xa C:\Users\hp\AppData\Local\Temp\VMBuilds\MEMORY~1\mkr1000\Debug/core.a(Print.cpp.o)
                0x00003de6                Print::print(char)
 .text._ZN5Print7printlnEv
                0x00003df0       0x10 C:\Users\hp\AppData\Local\Temp\VMBuilds\MEMORY~1\mkr1000\Debug/core.a(Print.cpp.o)
                0x00003df0                Print::println()
 .text._ZN5Print7printlnEPK19__FlashStringHelper
                0x00003e00       0x14 C:\Users\hp\AppData\Local\Temp\VMBuilds\MEMORY~1\mkr1000\Debug/core.a(Print.cpp.o)
                0x00003e00                Print::println(__FlashStringHelper const*)
 .text._ZN5Print7printlnEPKc
                0x00003e14       0x14 C:\Users\hp\AppData\Local\Temp\VMBuilds\MEMORY~1\mkr1000\Debug/core.a(Print.cpp.o)
                0x00003e14                Print::println(char const*)
 .text._ZN5Print11printNumberEmh
                0x00003e28       0x48 C:\Users\hp\AppData\Local\Temp\VMBuilds\MEMORY~1\mkr1000\Debug/core.a(Print.cpp.o)
                0x00003e28                Print::printNumber(unsigned long, unsigned char)
 .text._ZN5Print5printEli
                0x00003e70       0x3e C:\Users\hp\AppData\Local\Temp\VMBuilds\MEMORY~1\mkr1000\Debug/core.a(Print.cpp.o)
                0x00003e70                Print::print(long, int)
 .text._ZN5Print5printEii
                0x00003eae        0x8 C:\Users\hp\AppData\Local\Temp\VMBuilds\MEMORY~1\mkr1000\Debug/core.a(Print.cpp.o)
                0x00003eae                Print::print(int, int)
 .text._ZN5Print7printlnEii
                0x00003eb6       0x14 C:\Users\hp\AppData\Local\Temp\VMBuilds\MEMORY~1\mkr1000\Debug/core.a(Print.cpp.o)
                0x00003eb6                Print::println(int, int)
 .text._ZN5Print5printEmi
                0x00003eca       0x18 C:\Users\hp\AppData\Local\Temp\VMBuilds\MEMORY~1\mkr1000\Debug/core.a(Print.cpp.o)
                0x00003eca                Print::print(unsigned long, int)
 .text._ZN5Print7printlnEmi
                0x00003ee2       0x14 C:\Users\hp\AppData\Local\Temp\VMBuilds\MEMORY~1\mkr1000\Debug/core.a(Print.cpp.o)
                0x00003ee2                Print::println(unsigned long, int)
 *fill*         0x00003ef6        0x2 
 .text._ZN5Print10printFloatEdh
                0x00003ef8      0x168 C:\Users\hp\AppData\Local\Temp\VMBuilds\MEMORY~1\mkr1000\Debug/core.a(Print.cpp.o)
                0x00003ef8                Print::printFloat(double, unsigned char)
 .text._ZN5Print5printEdi
                0x00004060       0x12 C:\Users\hp\AppData\Local\Temp\VMBuilds\MEMORY~1\mkr1000\Debug/core.a(Print.cpp.o)
                0x00004060                Print::print(double, int)
 *fill*         0x00004072        0x2 
 .text.initiateReset
                0x00004074       0x14 C:\Users\hp\AppData\Local\Temp\VMBuilds\MEMORY~1\mkr1000\Debug/core.a(Reset.cpp.o)
                0x00004074                initiateReset
 .text.cancelReset
                0x00004088       0x10 C:\Users\hp\AppData\Local\Temp\VMBuilds\MEMORY~1\mkr1000\Debug/core.a(Reset.cpp.o)
                0x00004088                cancelReset
 .text.tickReset
                0x00004098       0x78 C:\Users\hp\AppData\Local\Temp\VMBuilds\MEMORY~1\mkr1000\Debug/core.a(Reset.cpp.o)
                0x00004098                tickReset
 .text._ZN6SERCOMC2EP6Sercom
                0x00004110        0x4 C:\Users\hp\AppData\Local\Temp\VMBuilds\MEMORY~1\mkr1000\Debug/core.a(SERCOM.cpp.o)
                0x00004110                SERCOM::SERCOM(Sercom*)
                0x00004110                SERCOM::SERCOM(Sercom*)
 .text._ZN6SERCOM9initFrameE18SercomUartCharSize15SercomDataOrder16SercomParityMode19SercomNumberStopBit
                0x00004114       0x3a C:\Users\hp\AppData\Local\Temp\VMBuilds\MEMORY~1\mkr1000\Debug/core.a(SERCOM.cpp.o)
                0x00004114                SERCOM::initFrame(SercomUartCharSize, SercomDataOrder, SercomParityMode, SercomNumberStopBit)
 .text._ZN6SERCOM8initPadsE15SercomUartTXPad11SercomRXPad
                0x0000414e       0x26 C:\Users\hp\AppData\Local\Temp\VMBuilds\MEMORY~1\mkr1000\Debug/core.a(SERCOM.cpp.o)
                0x0000414e                SERCOM::initPads(SercomUartTXPad, SercomRXPad)
 .text._ZN6SERCOM9resetUARTEv
                0x00004174       0x1a C:\Users\hp\AppData\Local\Temp\VMBuilds\MEMORY~1\mkr1000\Debug/core.a(SERCOM.cpp.o)
                0x00004174                SERCOM::resetUART()
 .text._ZN6SERCOM10enableUARTEv
                0x0000418e       0x14 C:\Users\hp\AppData\Local\Temp\VMBuilds\MEMORY~1\mkr1000\Debug/core.a(SERCOM.cpp.o)
                0x0000418e                SERCOM::enableUART()
 .text._ZN6SERCOM9flushUARTEv
                0x000041a2       0x10 C:\Users\hp\AppData\Local\Temp\VMBuilds\MEMORY~1\mkr1000\Debug/core.a(SERCOM.cpp.o)
                0x000041a2                SERCOM::flushUART()
 .text._ZN6SERCOM15clearStatusUARTEv
                0x000041b2        0x8 C:\Users\hp\AppData\Local\Temp\VMBuilds\MEMORY~1\mkr1000\Debug/core.a(SERCOM.cpp.o)
                0x000041b2                SERCOM::clearStatusUART()
 .text._ZN6SERCOM17availableDataUARTEv
                0x000041ba        0xa C:\Users\hp\AppData\Local\Temp\VMBuilds\MEMORY~1\mkr1000\Debug/core.a(SERCOM.cpp.o)
                0x000041ba                SERCOM::availableDataUART()
 .text._ZN6SERCOM11isUARTErrorEv
                0x000041c4        0x8 C:\Users\hp\AppData\Local\Temp\VMBuilds\MEMORY~1\mkr1000\Debug/core.a(SERCOM.cpp.o)
                0x000041c4                SERCOM::isUARTError()
 .text._ZN6SERCOM20acknowledgeUARTErrorEv
                0x000041cc        0xe C:\Users\hp\AppData\Local\Temp\VMBuilds\MEMORY~1\mkr1000\Debug/core.a(SERCOM.cpp.o)
                0x000041cc                SERCOM::acknowledgeUARTError()
 .text._ZN6SERCOM16isFrameErrorUARTEv
                0x000041da        0xa C:\Users\hp\AppData\Local\Temp\VMBuilds\MEMORY~1\mkr1000\Debug/core.a(SERCOM.cpp.o)
                0x000041da                SERCOM::isFrameErrorUART()
 .text._ZN6SERCOM19clearFrameErrorUARTEv
                0x000041e4        0xc C:\Users\hp\AppData\Local\Temp\VMBuilds\MEMORY~1\mkr1000\Debug/core.a(SERCOM.cpp.o)
                0x000041e4                SERCOM::clearFrameErrorUART()
 .text._ZN6SERCOM23isDataRegisterEmptyUARTEv
                0x000041f0        0xa C:\Users\hp\AppData\Local\Temp\VMBuilds\MEMORY~1\mkr1000\Debug/core.a(SERCOM.cpp.o)
                0x000041f0                SERCOM::isDataRegisterEmptyUART()
 .text._ZN6SERCOM12readDataUARTEv
                0x000041fa        0x8 C:\Users\hp\AppData\Local\Temp\VMBuilds\MEMORY~1\mkr1000\Debug/core.a(SERCOM.cpp.o)
                0x000041fa                SERCOM::readDataUART()
 .text._ZN6SERCOM13writeDataUARTEh
                0x00004202       0x10 C:\Users\hp\AppData\Local\Temp\VMBuilds\MEMORY~1\mkr1000\Debug/core.a(SERCOM.cpp.o)
                0x00004202                SERCOM::writeDataUART(unsigned char)
 .text._ZN6SERCOM36enableDataRegisterEmptyInterruptUARTEv
                0x00004212        0x8 C:\Users\hp\AppData\Local\Temp\VMBuilds\MEMORY~1\mkr1000\Debug/core.a(SERCOM.cpp.o)
                0x00004212                SERCOM::enableDataRegisterEmptyInterruptUART()
 .text._ZN6SERCOM37disableDataRegisterEmptyInterruptUARTEv
                0x0000421a        0x8 C:\Users\hp\AppData\Local\Temp\VMBuilds\MEMORY~1\mkr1000\Debug/core.a(SERCOM.cpp.o)
                0x0000421a                SERCOM::disableDataRegisterEmptyInterruptUART()
 *fill*         0x00004222        0x2 
 .text._ZN6SERCOM12initSPIClockE18SercomSpiClockModem
                0x00004224       0x30 C:\Users\hp\AppData\Local\Temp\VMBuilds\MEMORY~1\mkr1000\Debug/core.a(SERCOM.cpp.o)
                0x00004224                SERCOM::initSPIClock(SercomSpiClockMode, unsigned long)
 .text._ZN6SERCOM8resetSPIEv
                0x00004254       0x1a C:\Users\hp\AppData\Local\Temp\VMBuilds\MEMORY~1\mkr1000\Debug/core.a(SERCOM.cpp.o)
                0x00004254                SERCOM::resetSPI()
 .text._ZN6SERCOM9enableSPIEv
                0x0000426e       0x14 C:\Users\hp\AppData\Local\Temp\VMBuilds\MEMORY~1\mkr1000\Debug/core.a(SERCOM.cpp.o)
                0x0000426e                SERCOM::enableSPI()
 .text._ZN6SERCOM10disableSPIEv
                0x00004282       0x12 C:\Users\hp\AppData\Local\Temp\VMBuilds\MEMORY~1\mkr1000\Debug/core.a(SERCOM.cpp.o)
                0x00004282                SERCOM::disableSPI()
 .text._ZN6SERCOM15transferDataSPIEh
                0x00004294       0x1a C:\Users\hp\AppData\Local\Temp\VMBuilds\MEMORY~1\mkr1000\Debug/core.a(SERCOM.cpp.o)
                0x00004294                SERCOM::transferDataSPI(unsigned char)
 *fill*         0x000042ae        0x2 
 .text._ZN6SERCOM13initClockNVICEv
                0x000042b0       0xa8 C:\Users\hp\AppData\Local\Temp\VMBuilds\MEMORY~1\mkr1000\Debug/core.a(SERCOM.cpp.o)
                0x000042b0                SERCOM::initClockNVIC()
 .text._ZN6SERCOM8initUARTE14SercomUartMode20SercomUartSampleRatem
                0x00004358       0x6c C:\Users\hp\AppData\Local\Temp\VMBuilds\MEMORY~1\mkr1000\Debug/core.a(SERCOM.cpp.o)
                0x00004358                SERCOM::initUART(SercomUartMode, SercomUartSampleRate, unsigned long)
 .text._ZN6SERCOM7initSPIE14SercomSpiTXPad11SercomRXPad17SercomSpiCharSize15SercomDataOrder
                0x000043c4       0x4a C:\Users\hp\AppData\Local\Temp\VMBuilds\MEMORY~1\mkr1000\Debug/core.a(SERCOM.cpp.o)
                0x000043c4                SERCOM::initSPI(SercomSpiTXPad, SercomRXPad, SercomSpiCharSize, SercomDataOrder)
 .text._ZN4UartcvbEv
                0x0000440e        0x4 C:\Users\hp\AppData\Local\Temp\VMBuilds\MEMORY~1\mkr1000\Debug/core.a(Uart.cpp.o)
                0x0000440e                Uart::operator bool()
 *fill*         0x00004412        0x2 
 .text._ZN4Uart5beginEm
                0x00004414       0x10 C:\Users\hp\AppData\Local\Temp\VMBuilds\MEMORY~1\mkr1000\Debug/core.a(Uart.cpp.o)
                0x00004414                Uart::begin(unsigned long)
 .text._ZN4Uart4peekEv
                0x00004424       0x1a C:\Users\hp\AppData\Local\Temp\VMBuilds\MEMORY~1\mkr1000\Debug/core.a(Uart.cpp.o)
                0x00004424                Uart::peek()
 .text._ZN4Uart3endEv
                0x0000443e       0x20 C:\Users\hp\AppData\Local\Temp\VMBuilds\MEMORY~1\mkr1000\Debug/core.a(Uart.cpp.o)
                0x0000443e                Uart::end()
 .text._ZN4Uart16extractNbStopBitEt
                0x0000445e        0xc C:\Users\hp\AppData\Local\Temp\VMBuilds\MEMORY~1\mkr1000\Debug/core.a(Uart.cpp.o)
                0x0000445e                Uart::extractNbStopBit(unsigned short)
 .text._ZN4Uart15extractCharSizeEt
                0x0000446a       0x28 C:\Users\hp\AppData\Local\Temp\VMBuilds\MEMORY~1\mkr1000\Debug/core.a(Uart.cpp.o)
                0x0000446a                Uart::extractCharSize(unsigned short)
 .text._ZN4Uart13extractParityEt
                0x00004492       0x14 C:\Users\hp\AppData\Local\Temp\VMBuilds\MEMORY~1\mkr1000\Debug/core.a(Uart.cpp.o)
                0x00004492                Uart::extractParity(unsigned short)
 *fill*         0x000044a6        0x2 
 .text._ZN4Uart5beginEmt
                0x000044a8       0xf8 C:\Users\hp\AppData\Local\Temp\VMBuilds\MEMORY~1\mkr1000\Debug/core.a(Uart.cpp.o)
                0x000044a8                Uart::begin(unsigned long, unsigned short)
 .text._ZN11RingBufferNILi256EEC2Ev
                0x000045a0       0x1c C:\Users\hp\AppData\Local\Temp\VMBuilds\MEMORY~1\mkr1000\Debug/core.a(Uart.cpp.o)
                0x000045a0                RingBufferN<256>::RingBufferN()
                0x000045a0                RingBufferN<256>::RingBufferN()
 .text._ZN4UartC2EP6SERCOMhh11SercomRXPad15SercomUartTXPad
                0x000045bc       0x74 C:\Users\hp\AppData\Local\Temp\VMBuilds\MEMORY~1\mkr1000\Debug/core.a(Uart.cpp.o)
                0x000045bc                Uart::Uart(SERCOM*, unsigned char, unsigned char, SercomRXPad, SercomUartTXPad)
                0x000045bc                Uart::Uart(SERCOM*, unsigned char, unsigned char, SercomRXPad, SercomUartTXPad)
 .text._ZN11RingBufferNILi256EE9availableEv
                0x00004630       0x12 C:\Users\hp\AppData\Local\Temp\VMBuilds\MEMORY~1\mkr1000\Debug/core.a(Uart.cpp.o)
                0x00004630                RingBufferN<256>::available()
 .text._ZN4Uart5flushEv
                0x00004642       0x1a C:\Users\hp\AppData\Local\Temp\VMBuilds\MEMORY~1\mkr1000\Debug/core.a(Uart.cpp.o)
                0x00004642                Uart::flush()
 .text._ZN4Uart9availableEv
                0x0000465c        0xa C:\Users\hp\AppData\Local\Temp\VMBuilds\MEMORY~1\mkr1000\Debug/core.a(Uart.cpp.o)
                0x0000465c                Uart::available()
 .text._ZN11RingBufferNILi256EE17availableForStoreEv
                0x00004666       0x20 C:\Users\hp\AppData\Local\Temp\VMBuilds\MEMORY~1\mkr1000\Debug/core.a(Uart.cpp.o)
                0x00004666                RingBufferN<256>::availableForStore()
 .text._ZN4Uart17availableForWriteEv
                0x00004686        0xc C:\Users\hp\AppData\Local\Temp\VMBuilds\MEMORY~1\mkr1000\Debug/core.a(Uart.cpp.o)
                0x00004686                Uart::availableForWrite()
 .text._ZN4Uart10IrqHandlerEv
                0x00004692       0xcc C:\Users\hp\AppData\Local\Temp\VMBuilds\MEMORY~1\mkr1000\Debug/core.a(Uart.cpp.o)
                0x00004692                Uart::IrqHandler()
 *fill*         0x0000475e        0x2 
 .text._ZN4Uart5writeEh
                0x00004760       0xb4 C:\Users\hp\AppData\Local\Temp\VMBuilds\MEMORY~1\mkr1000\Debug/core.a(Uart.cpp.o)
                0x00004760                Uart::write(unsigned char)
 .text._ZN4Uart4readEv
                0x00004814       0x4c C:\Users\hp\AppData\Local\Temp\VMBuilds\MEMORY~1\mkr1000\Debug/core.a(Uart.cpp.o)
                0x00004814                Uart::read()
 .text._ZN6StringD2Ev
                0x00004860       0x12 C:\Users\hp\AppData\Local\Temp\VMBuilds\MEMORY~1\mkr1000\Debug/core.a(WString.cpp.o)
                0x00004860                String::~String()
                0x00004860                String::~String()
 .text._ZN6String10invalidateEv
                0x00004872       0x18 C:\Users\hp\AppData\Local\Temp\VMBuilds\MEMORY~1\mkr1000\Debug/core.a(WString.cpp.o)
                0x00004872                String::invalidate()
 .text._ZN6String12changeBufferEj
                0x0000488a       0x18 C:\Users\hp\AppData\Local\Temp\VMBuilds\MEMORY~1\mkr1000\Debug/core.a(WString.cpp.o)
                0x0000488a                String::changeBuffer(unsigned int)
 .text._ZN6String7reserveEj
                0x000048a2       0x2a C:\Users\hp\AppData\Local\Temp\VMBuilds\MEMORY~1\mkr1000\Debug/core.a(WString.cpp.o)
                0x000048a2                String::reserve(unsigned int)
 .text._ZN6String4copyEPKcj
                0x000048cc       0x28 C:\Users\hp\AppData\Local\Temp\VMBuilds\MEMORY~1\mkr1000\Debug/core.a(WString.cpp.o)
                0x000048cc                String::copy(char const*, unsigned int)
 .text._ZN6StringC2EPKc
                0x000048f4       0x26 C:\Users\hp\AppData\Local\Temp\VMBuilds\MEMORY~1\mkr1000\Debug/core.a(WString.cpp.o)
                0x000048f4                String::String(char const*)
                0x000048f4                String::String(char const*)
 .text._ZN6StringaSEPKc.part.3
                0x0000491a       0x18 C:\Users\hp\AppData\Local\Temp\VMBuilds\MEMORY~1\mkr1000\Debug/core.a(WString.cpp.o)
 .text._ZN6String4moveERS_
                0x00004932       0x40 C:\Users\hp\AppData\Local\Temp\VMBuilds\MEMORY~1\mkr1000\Debug/core.a(WString.cpp.o)
                0x00004932                String::move(String&)
 .text._ZN6StringaSERKS_
                0x00004972       0x20 C:\Users\hp\AppData\Local\Temp\VMBuilds\MEMORY~1\mkr1000\Debug/core.a(WString.cpp.o)
                0x00004972                String::operator=(String const&)
 .text._ZN6StringC2ERKS_
                0x00004992       0x14 C:\Users\hp\AppData\Local\Temp\VMBuilds\MEMORY~1\mkr1000\Debug/core.a(WString.cpp.o)
                0x00004992                String::String(String const&)
                0x00004992                String::String(String const&)
 .text._ZN6StringaSEOS_
                0x000049a6       0x10 C:\Users\hp\AppData\Local\Temp\VMBuilds\MEMORY~1\mkr1000\Debug/core.a(WString.cpp.o)
                0x000049a6                String::operator=(String&&)
 .text._ZN6StringaSEPKc
                0x000049b6       0x16 C:\Users\hp\AppData\Local\Temp\VMBuilds\MEMORY~1\mkr1000\Debug/core.a(WString.cpp.o)
                0x000049b6                String::operator=(char const*)
 .text._ZN6String6concatEPKcj
                0x000049cc       0x32 C:\Users\hp\AppData\Local\Temp\VMBuilds\MEMORY~1\mkr1000\Debug/core.a(WString.cpp.o)
                0x000049cc                String::concat(char const*, unsigned int)
 .text._ZN6String6concatEc
                0x000049fe       0x14 C:\Users\hp\AppData\Local\Temp\VMBuilds\MEMORY~1\mkr1000\Debug/core.a(WString.cpp.o)
                0x000049fe                String::concat(char)
 .text._ZN6String6concatEm
                0x00004a12       0x22 C:\Users\hp\AppData\Local\Temp\VMBuilds\MEMORY~1\mkr1000\Debug/core.a(WString.cpp.o)
                0x00004a12                String::concat(unsigned long)
 .text._ZN6String6concatEd
                0x00004a34       0x2a C:\Users\hp\AppData\Local\Temp\VMBuilds\MEMORY~1\mkr1000\Debug/core.a(WString.cpp.o)
                0x00004a34                String::concat(double)
 .text._ZplRK15StringSumHelperc
                0x00004a5e       0x16 C:\Users\hp\AppData\Local\Temp\VMBuilds\MEMORY~1\mkr1000\Debug/core.a(WString.cpp.o)
                0x00004a5e                operator+(StringSumHelper const&, char)
 .text._ZplRK15StringSumHelperm
                0x00004a74       0x16 C:\Users\hp\AppData\Local\Temp\VMBuilds\MEMORY~1\mkr1000\Debug/core.a(WString.cpp.o)
                0x00004a74                operator+(StringSumHelper const&, unsigned long)
 .text._ZplRK15StringSumHelperd
                0x00004a8a       0x16 C:\Users\hp\AppData\Local\Temp\VMBuilds\MEMORY~1\mkr1000\Debug/core.a(WString.cpp.o)
                0x00004a8a                operator+(StringSumHelper const&, double)
 .text._ZNK6String8getBytesEPhjj
                0x00004aa0       0x34 C:\Users\hp\AppData\Local\Temp\VMBuilds\MEMORY~1\mkr1000\Debug/core.a(WString.cpp.o)
                0x00004aa0                String::getBytes(unsigned char*, unsigned int, unsigned int) const
 .text._ZNK6String7indexOfEcj
                0x00004ad4       0x1e C:\Users\hp\AppData\Local\Temp\VMBuilds\MEMORY~1\mkr1000\Debug/core.a(WString.cpp.o)
                0x00004ad4                String::indexOf(char, unsigned int) const
 .text._ZNK6String7indexOfEc
                0x00004af2        0xa C:\Users\hp\AppData\Local\Temp\VMBuilds\MEMORY~1\mkr1000\Debug/core.a(WString.cpp.o)
                0x00004af2                String::indexOf(char) const
 .text._ZNK6String9substringEjj
                0x00004afc       0x48 C:\Users\hp\AppData\Local\Temp\VMBuilds\MEMORY~1\mkr1000\Debug/core.a(WString.cpp.o)
                0x00004afc                String::substring(unsigned int, unsigned int) const
 .text._ZN6String6removeEjj
                0x00004b44       0x34 C:\Users\hp\AppData\Local\Temp\VMBuilds\MEMORY~1\mkr1000\Debug/core.a(WString.cpp.o)
                0x00004b44                String::remove(unsigned int, unsigned int)
 .text._ZNK6String5toIntEv
                0x00004b78       0x12 C:\Users\hp\AppData\Local\Temp\VMBuilds\MEMORY~1\mkr1000\Debug/core.a(WString.cpp.o)
                0x00004b78                String::toInt() const
 .text._ZNK6String8toDoubleEv
                0x00004b8a       0x14 C:\Users\hp\AppData\Local\Temp\VMBuilds\MEMORY~1\mkr1000\Debug/core.a(WString.cpp.o)
                0x00004b8a                String::toDouble() const
 .text._ZN7Serial_13getDescriptorER8USBSetup
                0x00004b9e        0x4 C:\Users\hp\AppData\Local\Temp\VMBuilds\MEMORY~1\mkr1000\Debug/core.a(CDC.cpp.o)
                0x00004b9e                Serial_::getDescriptor(USBSetup&)
 .text._ZL5utox8mPc
                0x00004ba2       0x24 C:\Users\hp\AppData\Local\Temp\VMBuilds\MEMORY~1\mkr1000\Debug/core.a(CDC.cpp.o)
 *fill*         0x00004bc6        0x2 
 .text._ZN7Serial_12getShortNameEPc
                0x00004bc8       0x44 C:\Users\hp\AppData\Local\Temp\VMBuilds\MEMORY~1\mkr1000\Debug/core.a(CDC.cpp.o)
                0x00004bc8                Serial_::getShortName(char*)
 .text._ZThn16_N7Serial_12getShortNameEPc
                0x00004c0c       0x10 C:\Users\hp\AppData\Local\Temp\VMBuilds\MEMORY~1\mkr1000\Debug/core.a(CDC.cpp.o)
                0x00004c0c                non-virtual thunk to Serial_::getShortName(char*)
 .text._ZN7Serial_14handleEndpointEi
                0x00004c1c        0x2 C:\Users\hp\AppData\Local\Temp\VMBuilds\MEMORY~1\mkr1000\Debug/core.a(CDC.cpp.o)
                0x00004c1c                Serial_::handleEndpoint(int)
 .text._ZN7Serial_17availableForWriteEv
                0x00004c1e        0x4 C:\Users\hp\AppData\Local\Temp\VMBuilds\MEMORY~1\mkr1000\Debug/core.a(CDC.cpp.o)
                0x00004c1e                Serial_::availableForWrite()
 .text._ZN7Serial_5writeEh
                0x00004c22       0x14 C:\Users\hp\AppData\Local\Temp\VMBuilds\MEMORY~1\mkr1000\Debug/core.a(CDC.cpp.o)
                0x00004c22                Serial_::write(unsigned char)
 *fill*         0x00004c36        0x2 
 .text._ZN7Serial_12getInterfaceEPh
                0x00004c38      0x11c C:\Users\hp\AppData\Local\Temp\VMBuilds\MEMORY~1\mkr1000\Debug/core.a(CDC.cpp.o)
                0x00004c38                Serial_::getInterface(unsigned char*)
 .text._ZThn16_N7Serial_12getInterfaceEPh
                0x00004d54       0x10 C:\Users\hp\AppData\Local\Temp\VMBuilds\MEMORY~1\mkr1000\Debug/core.a(CDC.cpp.o)
                0x00004d54                non-virtual thunk to Serial_::getInterface(unsigned char*)
 .text._ZN7Serial_5setupER8USBSetup
                0x00004d64       0xa8 C:\Users\hp\AppData\Local\Temp\VMBuilds\MEMORY~1\mkr1000\Debug/core.a(CDC.cpp.o)
                0x00004d64                Serial_::setup(USBSetup&)
 .text._ZThn16_N7Serial_5setupER8USBSetup
                0x00004e0c       0x10 C:\Users\hp\AppData\Local\Temp\VMBuilds\MEMORY~1\mkr1000\Debug/core.a(CDC.cpp.o)
                0x00004e0c                non-virtual thunk to Serial_::setup(USBSetup&)
 .text._ZN7Serial_9availableEv
                0x00004e1c       0x20 C:\Users\hp\AppData\Local\Temp\VMBuilds\MEMORY~1\mkr1000\Debug/core.a(CDC.cpp.o)
                0x00004e1c                Serial_::available()
 .text._ZN7Serial_5flushEv
                0x00004e3c        0xe C:\Users\hp\AppData\Local\Temp\VMBuilds\MEMORY~1\mkr1000\Debug/core.a(CDC.cpp.o)
                0x00004e3c                Serial_::flush()
 .text._ZN7Serial_5clearEv
                0x00004e4a        0xe C:\Users\hp\AppData\Local\Temp\VMBuilds\MEMORY~1\mkr1000\Debug/core.a(CDC.cpp.o)
                0x00004e4a                Serial_::clear()
 .text._ZN7Serial_5writeEPKhj
                0x00004e58       0x1e C:\Users\hp\AppData\Local\Temp\VMBuilds\MEMORY~1\mkr1000\Debug/core.a(CDC.cpp.o)
                0x00004e58                Serial_::write(unsigned char const*, unsigned int)
 *fill*         0x00004e76        0x2 
 .text._ZN7Serial_4peekEv
                0x00004e78       0x1c C:\Users\hp\AppData\Local\Temp\VMBuilds\MEMORY~1\mkr1000\Debug/core.a(CDC.cpp.o)
                0x00004e78                Serial_::peek()
 .text._ZN7Serial_4readEv
                0x00004e94       0x24 C:\Users\hp\AppData\Local\Temp\VMBuilds\MEMORY~1\mkr1000\Debug/core.a(CDC.cpp.o)
                0x00004e94                Serial_::read()
 .text._ZThn16_N7Serial_14handleEndpointEi
                0x00004eb8        0x2 C:\Users\hp\AppData\Local\Temp\VMBuilds\MEMORY~1\mkr1000\Debug/core.a(CDC.cpp.o)
                0x00004eb8                non-virtual thunk to Serial_::handleEndpoint(int)
 .text._ZThn16_N7Serial_13getDescriptorER8USBSetup
                0x00004eba        0x4 C:\Users\hp\AppData\Local\Temp\VMBuilds\MEMORY~1\mkr1000\Debug/core.a(CDC.cpp.o)
                0x00004eba                non-virtual thunk to Serial_::getDescriptor(USBSetup&)
 *fill*         0x00004ebe        0x2 
 .text._ZN7Serial_C2ER14USBDeviceClass
                0x00004ec0       0x50 C:\Users\hp\AppData\Local\Temp\VMBuilds\MEMORY~1\mkr1000\Debug/core.a(CDC.cpp.o)
                0x00004ec0                Serial_::Serial_(USBDeviceClass&)
                0x00004ec0                Serial_::Serial_(USBDeviceClass&)
 .text._ZN7Serial_15enableInterruptEv
                0x00004f10       0x30 C:\Users\hp\AppData\Local\Temp\VMBuilds\MEMORY~1\mkr1000\Debug/core.a(CDC.cpp.o)
                0x00004f10                Serial_::enableInterrupt()
 .text._ZN7Serial_5beginEm
                0x00004f40        0x2 C:\Users\hp\AppData\Local\Temp\VMBuilds\MEMORY~1\mkr1000\Debug/core.a(CDC.cpp.o)
                0x00004f40                Serial_::begin(unsigned long)
 *fill*         0x00004f42        0x2 
 .text.startup._GLOBAL__sub_I__ZN7Serial_12getInterfaceEPh
                0x00004f44       0x14 C:\Users\hp\AppData\Local\Temp\VMBuilds\MEMORY~1\mkr1000\Debug/core.a(CDC.cpp.o)
 .text._ZN13PluggableUSB_12getInterfaceEPh
                0x00004f58       0x28 C:\Users\hp\AppData\Local\Temp\VMBuilds\MEMORY~1\mkr1000\Debug/core.a(PluggableUSB.cpp.o)
                0x00004f58                PluggableUSB_::getInterface(unsigned char*)
 .text._ZN13PluggableUSB_13getDescriptorER8USBSetup
                0x00004f80       0x20 C:\Users\hp\AppData\Local\Temp\VMBuilds\MEMORY~1\mkr1000\Debug/core.a(PluggableUSB.cpp.o)
                0x00004f80                PluggableUSB_::getDescriptor(USBSetup&)
 .text._ZN13PluggableUSB_12getShortNameEPc
                0x00004fa0       0x26 C:\Users\hp\AppData\Local\Temp\VMBuilds\MEMORY~1\mkr1000\Debug/core.a(PluggableUSB.cpp.o)
                0x00004fa0                PluggableUSB_::getShortName(char*)
 .text._ZN13PluggableUSB_5setupER8USBSetup
                0x00004fc6       0x20 C:\Users\hp\AppData\Local\Temp\VMBuilds\MEMORY~1\mkr1000\Debug/core.a(PluggableUSB.cpp.o)
                0x00004fc6                PluggableUSB_::setup(USBSetup&)
 .text._ZN13PluggableUSB_14handleEndpointEi
                0x00004fe6       0x1a C:\Users\hp\AppData\Local\Temp\VMBuilds\MEMORY~1\mkr1000\Debug/core.a(PluggableUSB.cpp.o)
                0x00004fe6                PluggableUSB_::handleEndpoint(int)
 .text._ZN13PluggableUSB_4plugEP18PluggableUSBModule
                0x00005000       0x58 C:\Users\hp\AppData\Local\Temp\VMBuilds\MEMORY~1\mkr1000\Debug/core.a(PluggableUSB.cpp.o)
                0x00005000                PluggableUSB_::plug(PluggableUSBModule*)
 .text._Z12PluggableUSBv
                0x00005058       0x24 C:\Users\hp\AppData\Local\Temp\VMBuilds\MEMORY~1\mkr1000\Debug/core.a(PluggableUSB.cpp.o)
                0x00005058                PluggableUSB()
 .text._ZN26DoubleBufferedEPOutHandlerD2Ev
                0x0000507c        0x2 C:\Users\hp\AppData\Local\Temp\VMBuilds\MEMORY~1\mkr1000\Debug/core.a(USBCore.cpp.o)
                0x0000507c                DoubleBufferedEPOutHandler::~DoubleBufferedEPOutHandler()
                0x0000507c                DoubleBufferedEPOutHandler::~DoubleBufferedEPOutHandler()
 .text._ZN26DoubleBufferedEPOutHandlerD0Ev
                0x0000507e        0xc C:\Users\hp\AppData\Local\Temp\VMBuilds\MEMORY~1\mkr1000\Debug/core.a(USBCore.cpp.o)
                0x0000507e                DoubleBufferedEPOutHandler::~DoubleBufferedEPOutHandler()
 *fill*         0x0000508a        0x2 
 .text._ZN14USBDeviceClass6initEPEmm.part.7
                0x0000508c       0xc4 C:\Users\hp\AppData\Local\Temp\VMBuilds\MEMORY~1\mkr1000\Debug/core.a(USBCore.cpp.o)
 .text._ZN7__GuardC2Ev
                0x00005150        0xe C:\Users\hp\AppData\Local\Temp\VMBuilds\MEMORY~1\mkr1000\Debug/core.a(USBCore.cpp.o)
                0x00005150                __Guard::__Guard()
                0x00005150                __Guard::__Guard()
 .text._ZN7__GuardD2Ev
                0x0000515e        0xe C:\Users\hp\AppData\Local\Temp\VMBuilds\MEMORY~1\mkr1000\Debug/core.a(USBCore.cpp.o)
                0x0000515e                __Guard::~__Guard()
                0x0000515e                __Guard::~__Guard()
 .text._ZNK26DoubleBufferedEPOutHandler10_availableEv
                0x0000516c       0x70 C:\Users\hp\AppData\Local\Temp\VMBuilds\MEMORY~1\mkr1000\Debug/core.a(USBCore.cpp.o)
                0x0000516c                DoubleBufferedEPOutHandler::_available() const
 .text._ZN26DoubleBufferedEPOutHandler7releaseEv
                0x000051dc       0x3c C:\Users\hp\AppData\Local\Temp\VMBuilds\MEMORY~1\mkr1000\Debug/core.a(USBCore.cpp.o)
                0x000051dc                DoubleBufferedEPOutHandler::release()
 .text._ZN26DoubleBufferedEPOutHandler14handleEndpointEv
                0x00005218       0xea C:\Users\hp\AppData\Local\Temp\VMBuilds\MEMORY~1\mkr1000\Debug/core.a(USBCore.cpp.o)
                0x00005218                DoubleBufferedEPOutHandler::handleEndpoint()
 .text._ZN26DoubleBufferedEPOutHandler5_recvEv
                0x00005302      0x198 C:\Users\hp\AppData\Local\Temp\VMBuilds\MEMORY~1\mkr1000\Debug/core.a(USBCore.cpp.o)
                0x00005302                DoubleBufferedEPOutHandler::_recv()
 .text._ZN26DoubleBufferedEPOutHandler4peekEv
                0x0000549a       0x22 C:\Users\hp\AppData\Local\Temp\VMBuilds\MEMORY~1\mkr1000\Debug/core.a(USBCore.cpp.o)
                0x0000549a                DoubleBufferedEPOutHandler::peek()
 .text._ZN26DoubleBufferedEPOutHandler9availableEv
                0x000054bc       0x18 C:\Users\hp\AppData\Local\Temp\VMBuilds\MEMORY~1\mkr1000\Debug/core.a(USBCore.cpp.o)
                0x000054bc                DoubleBufferedEPOutHandler::available()
 .text._ZN26DoubleBufferedEPOutHandler4recvEPvm
                0x000054d4       0x72 C:\Users\hp\AppData\Local\Temp\VMBuilds\MEMORY~1\mkr1000\Debug/core.a(USBCore.cpp.o)
                0x000054d4                DoubleBufferedEPOutHandler::recv(void*, unsigned long)
 .text._ZN14USBDeviceClass14SendInterfacesEPm
                0x00005546       0x20 C:\Users\hp\AppData\Local\Temp\VMBuilds\MEMORY~1\mkr1000\Debug/core.a(USBCore.cpp.o)
                0x00005546                USBDeviceClass::SendInterfaces(unsigned long*)
 *fill*         0x00005566        0x2 
 .text._ZN14USBDeviceClass4initEv
                0x00005568      0x15c C:\Users\hp\AppData\Local\Temp\VMBuilds\MEMORY~1\mkr1000\Debug/core.a(USBCore.cpp.o)
                0x00005568                USBDeviceClass::init()
 .text._ZN14USBDeviceClass6attachEv
                0x000056c4       0x34 C:\Users\hp\AppData\Local\Temp\VMBuilds\MEMORY~1\mkr1000\Debug/core.a(USBCore.cpp.o)
                0x000056c4                USBDeviceClass::attach()
 .text._ZN14USBDeviceClass10setAddressEm
                0x000056f8       0x48 C:\Users\hp\AppData\Local\Temp\VMBuilds\MEMORY~1\mkr1000\Debug/core.a(USBCore.cpp.o)
                0x000056f8                USBDeviceClass::setAddress(unsigned long)
 .text._ZN14USBDeviceClass25handleClassInterfaceSetupER8USBSetup
                0x00005740       0x24 C:\Users\hp\AppData\Local\Temp\VMBuilds\MEMORY~1\mkr1000\Debug/core.a(USBCore.cpp.o)
                0x00005740                USBDeviceClass::handleClassInterfaceSetup(USBSetup&)
 .text._ZN14USBDeviceClass6initEPEmm
                0x00005764      0x120 C:\Users\hp\AppData\Local\Temp\VMBuilds\MEMORY~1\mkr1000\Debug/core.a(USBCore.cpp.o)
                0x00005764                USBDeviceClass::initEP(unsigned long, unsigned long)
 .text._ZN14USBDeviceClass13initEndpointsEv
                0x00005884       0x24 C:\Users\hp\AppData\Local\Temp\VMBuilds\MEMORY~1\mkr1000\Debug/core.a(USBCore.cpp.o)
                0x00005884                USBDeviceClass::initEndpoints()
 .text._ZN14USBDeviceClass5clearEm
                0x000058a8       0x38 C:\Users\hp\AppData\Local\Temp\VMBuilds\MEMORY~1\mkr1000\Debug/core.a(USBCore.cpp.o)
                0x000058a8                USBDeviceClass::clear(unsigned long)
 .text._ZN14USBDeviceClass9availableEm
                0x000058e0       0x2c C:\Users\hp\AppData\Local\Temp\VMBuilds\MEMORY~1\mkr1000\Debug/core.a(USBCore.cpp.o)
                0x000058e0                USBDeviceClass::available(unsigned long)
 .text._ZN14USBDeviceClass5flushEm
                0x0000590c       0x2c C:\Users\hp\AppData\Local\Temp\VMBuilds\MEMORY~1\mkr1000\Debug/core.a(USBCore.cpp.o)
                0x0000590c                USBDeviceClass::flush(unsigned long)
 .text._ZN14USBDeviceClass4recvEmPvm
                0x00005938       0xc0 C:\Users\hp\AppData\Local\Temp\VMBuilds\MEMORY~1\mkr1000\Debug/core.a(USBCore.cpp.o)
                0x00005938                USBDeviceClass::recv(unsigned long, void*, unsigned long)
 .text._ZN14USBDeviceClass4recvEm
                0x000059f8       0x1c C:\Users\hp\AppData\Local\Temp\VMBuilds\MEMORY~1\mkr1000\Debug/core.a(USBCore.cpp.o)
                0x000059f8                USBDeviceClass::recv(unsigned long)
 .text._ZN14USBDeviceClass14armRecvCtrlOUTEm
                0x00005a14       0x5c C:\Users\hp\AppData\Local\Temp\VMBuilds\MEMORY~1\mkr1000\Debug/core.a(USBCore.cpp.o)
                0x00005a14                USBDeviceClass::armRecvCtrlOUT(unsigned long)
 .text._ZN14USBDeviceClass11recvControlEPvm
                0x00005a70       0x28 C:\Users\hp\AppData\Local\Temp\VMBuilds\MEMORY~1\mkr1000\Debug/core.a(USBCore.cpp.o)
                0x00005a70                USBDeviceClass::recvControl(void*, unsigned long)
 .text._ZN14USBDeviceClass4sendEmPKvm
                0x00005a98      0x10c C:\Users\hp\AppData\Local\Temp\VMBuilds\MEMORY~1\mkr1000\Debug/core.a(USBCore.cpp.o)
                0x00005a98                USBDeviceClass::send(unsigned long, void const*, unsigned long)
 .text._ZN14USBDeviceClass7armSendEmPKvm
                0x00005ba4       0x48 C:\Users\hp\AppData\Local\Temp\VMBuilds\MEMORY~1\mkr1000\Debug/core.a(USBCore.cpp.o)
                0x00005ba4                USBDeviceClass::armSend(unsigned long, void const*, unsigned long)
 .text._ZN14USBDeviceClass11sendControlEPKvm
                0x00005bec       0x54 C:\Users\hp\AppData\Local\Temp\VMBuilds\MEMORY~1\mkr1000\Debug/core.a(USBCore.cpp.o)
                0x00005bec                USBDeviceClass::sendControl(void const*, unsigned long)
 .text._ZN14USBDeviceClass20sendStringDescriptorEPKhm
                0x00005c40       0x64 C:\Users\hp\AppData\Local\Temp\VMBuilds\MEMORY~1\mkr1000\Debug/core.a(USBCore.cpp.o)
                0x00005c40                USBDeviceClass::sendStringDescriptor(unsigned char const*, unsigned long)
 .text._ZN14USBDeviceClass17sendConfigurationEm
                0x00005ca4       0x80 C:\Users\hp\AppData\Local\Temp\VMBuilds\MEMORY~1\mkr1000\Debug/core.a(USBCore.cpp.o)
                0x00005ca4                USBDeviceClass::sendConfiguration(unsigned long)
 .text._ZN14USBDeviceClass14sendDescriptorER8USBSetup
                0x00005d24       0xe0 C:\Users\hp\AppData\Local\Temp\VMBuilds\MEMORY~1\mkr1000\Debug/core.a(USBCore.cpp.o)
                0x00005d24                USBDeviceClass::sendDescriptor(USBSetup&)
 .text._ZN14USBDeviceClass7sendZlpEm
                0x00005e04       0x18 C:\Users\hp\AppData\Local\Temp\VMBuilds\MEMORY~1\mkr1000\Debug/core.a(USBCore.cpp.o)
                0x00005e04                USBDeviceClass::sendZlp(unsigned long)
 .text._ZN14USBDeviceClass19handleStandardSetupER8USBSetup
                0x00005e1c       0xf0 C:\Users\hp\AppData\Local\Temp\VMBuilds\MEMORY~1\mkr1000\Debug/core.a(USBCore.cpp.o)
                0x00005e1c                USBDeviceClass::handleStandardSetup(USBSetup&)
 .text._ZN14USBDeviceClass10ISRHandlerEv
                0x00005f0c      0x108 C:\Users\hp\AppData\Local\Temp\VMBuilds\MEMORY~1\mkr1000\Debug/core.a(USBCore.cpp.o)
                0x00005f0c                USBDeviceClass::ISRHandler()
 .text.UDD_Handler
                0x00006014       0x10 C:\Users\hp\AppData\Local\Temp\VMBuilds\MEMORY~1\mkr1000\Debug/core.a(USBCore.cpp.o)
                0x00006014                UDD_Handler
 .text.startup._GLOBAL__sub_I_usbd
                0x00006024       0x10 C:\Users\hp\AppData\Local\Temp\VMBuilds\MEMORY~1\mkr1000\Debug/core.a(USBCore.cpp.o)
 .text.ultoa    0x00006034       0x56 C:\Users\hp\AppData\Local\Temp\VMBuilds\MEMORY~1\mkr1000\Debug/core.a(itoa.c.o)
                0x00006034                ultoa
 *fill*         0x0000608a        0x2 
 .text.dtostrf  0x0000608c       0x28 C:\Users\hp\AppData\Local\Temp\VMBuilds\MEMORY~1\mkr1000\Debug/core.a(dtostrf.c.o)
                0x0000608c                dtostrf
 .text.__aeabi_atexit
                0x000060b4        0xe c:/users/hp/appdata/local/arduin~1/packages/arduino/tools/arm-no~1/7-2017q4/bin/../lib/gcc/arm-none-eabi/7.2.1/../../../../arm-none-eabi/lib/thumb/v6-m\libstdc++_nano.a(atexit_arm.o)
                0x000060b4                __aeabi_atexit
 *fill*         0x000060c2        0x2 
 .text          0x000060c4       0x14 c:/users/hp/appdata/local/arduin~1/packages/arduino/tools/arm-no~1/7-2017q4/bin/../lib/gcc/arm-none-eabi/7.2.1/thumb/v6-m\libgcc.a(_thumb1_case_uqi.o)
                0x000060c4                __gnu_thumb1_case_uqi
 .text          0x000060d8      0x114 c:/users/hp/appdata/local/arduin~1/packages/arduino/tools/arm-no~1/7-2017q4/bin/../lib/gcc/arm-none-eabi/7.2.1/thumb/v6-m\libgcc.a(_udivsi3.o)
                0x000060d8                __aeabi_uidiv
                0x000060d8                __udivsi3
                0x000061e4                __aeabi_uidivmod
 .text          0x000061ec      0x1d4 c:/users/hp/appdata/local/arduin~1/packages/arduino/tools/arm-no~1/7-2017q4/bin/../lib/gcc/arm-none-eabi/7.2.1/thumb/v6-m\libgcc.a(_divsi3.o)
                0x000061ec                __divsi3
                0x000061ec                __aeabi_idiv
                0x000063b8                __aeabi_idivmod
 .text          0x000063c0        0x4 c:/users/hp/appdata/local/arduin~1/packages/arduino/tools/arm-no~1/7-2017q4/bin/../lib/gcc/arm-none-eabi/7.2.1/thumb/v6-m\libgcc.a(_dvmd_tls.o)
                0x000063c0                __aeabi_idiv0
                0x000063c0                __aeabi_ldiv0
 .text          0x000063c4       0x7c c:/users/hp/appdata/local/arduin~1/packages/arduino/tools/arm-no~1/7-2017q4/bin/../lib/gcc/arm-none-eabi/7.2.1/thumb/v6-m\libgcc.a(_arm_cmpdf2.o)
                0x000063c4                __aeabi_cdrcmple
                0x000063d4                __aeabi_cdcmple
                0x000063d4                __aeabi_cdcmpeq
                0x000063e4                __aeabi_dcmpeq
                0x000063f0                __aeabi_dcmplt
                0x00006404                __aeabi_dcmple
                0x00006418                __aeabi_dcmpgt
                0x0000642c                __aeabi_dcmpge
 .text          0x00006440       0x3c c:/users/hp/appdata/local/arduin~1/packages/arduino/tools/arm-no~1/7-2017q4/bin/../lib/gcc/arm-none-eabi/7.2.1/thumb/v6-m\libgcc.a(_fixunsdfsi.o)
                0x00006440                __aeabi_d2uiz
                0x00006440                __fixunsdfsi
 .text          0x0000647c      0x638 c:/users/hp/appdata/local/arduin~1/packages/arduino/tools/arm-no~1/7-2017q4/bin/../lib/gcc/arm-none-eabi/7.2.1/thumb/v6-m\libgcc.a(adddf3.o)
                0x0000647c                __aeabi_dadd
 .text          0x00006ab4      0x604 c:/users/hp/appdata/local/arduin~1/packages/arduino/tools/arm-no~1/7-2017q4/bin/../lib/gcc/arm-none-eabi/7.2.1/thumb/v6-m\libgcc.a(divdf3.o)
                0x00006ab4                __aeabi_ddiv
 .text          0x000070b8       0x78 c:/users/hp/appdata/local/arduin~1/packages/arduino/tools/arm-no~1/7-2017q4/bin/../lib/gcc/arm-none-eabi/7.2.1/thumb/v6-m\libgcc.a(eqdf2.o)
                0x000070b8                __nedf2
                0x000070b8                __eqdf2
 .text          0x00007130       0xc8 c:/users/hp/appdata/local/arduin~1/packages/arduino/tools/arm-no~1/7-2017q4/bin/../lib/gcc/arm-none-eabi/7.2.1/thumb/v6-m\libgcc.a(gedf2.o)
                0x00007130                __gedf2
                0x00007130                __gtdf2
 .text          0x000071f8       0xd0 c:/users/hp/appdata/local/arduin~1/packages/arduino/tools/arm-no~1/7-2017q4/bin/../lib/gcc/arm-none-eabi/7.2.1/thumb/v6-m\libgcc.a(ledf2.o)
                0x000071f8                __ledf2
                0x000071f8                __ltdf2
 .text          0x000072c8      0x4e4 c:/users/hp/appdata/local/arduin~1/packages/arduino/tools/arm-no~1/7-2017q4/bin/../lib/gcc/arm-none-eabi/7.2.1/thumb/v6-m\libgcc.a(muldf3.o)
                0x000072c8                __aeabi_dmul
 .text          0x000077ac      0x690 c:/users/hp/appdata/local/arduin~1/packages/arduino/tools/arm-no~1/7-2017q4/bin/../lib/gcc/arm-none-eabi/7.2.1/thumb/v6-m\libgcc.a(subdf3.o)
                0x000077ac                __aeabi_dsub
 .text          0x00007e3c       0x38 c:/users/hp/appdata/local/arduin~1/packages/arduino/tools/arm-no~1/7-2017q4/bin/../lib/gcc/arm-none-eabi/7.2.1/thumb/v6-m\libgcc.a(unorddf2.o)
                0x00007e3c                __aeabi_dcmpun
 .text          0x00007e74       0x6c c:/users/hp/appdata/local/arduin~1/packages/arduino/tools/arm-no~1/7-2017q4/bin/../lib/gcc/arm-none-eabi/7.2.1/thumb/v6-m\libgcc.a(fixdfsi.o)
                0x00007e74                __aeabi_d2iz
 .text          0x00007ee0       0x74 c:/users/hp/appdata/local/arduin~1/packages/arduino/tools/arm-no~1/7-2017q4/bin/../lib/gcc/arm-none-eabi/7.2.1/thumb/v6-m\libgcc.a(floatsidf.o)
                0x00007ee0                __aeabi_i2d
 .text          0x00007f54       0x64 c:/users/hp/appdata/local/arduin~1/packages/arduino/tools/arm-no~1/7-2017q4/bin/../lib/gcc/arm-none-eabi/7.2.1/thumb/v6-m\libgcc.a(floatunsidf.o)
                0x00007f54                __aeabi_ui2d
 .text          0x00007fb8       0x3c c:/users/hp/appdata/local/arduin~1/packages/arduino/tools/arm-no~1/7-2017q4/bin/../lib/gcc/arm-none-eabi/7.2.1/thumb/v6-m\libgcc.a(_clzsi2.o)
                0x00007fb8                __clzsi2
 .text.atof     0x00007ff4        0xa c:/users/hp/appdata/local/arduin~1/packages/arduino/tools/arm-no~1/7-2017q4/bin/../lib/gcc/arm-none-eabi/7.2.1/../../../../arm-none-eabi/lib/thumb/v6-m\libc_nano.a(lib_a-atof.o)
                0x00007ff4                atof
 .text.atol     0x00007ffe        0xc c:/users/hp/appdata/local/arduin~1/packages/arduino/tools/arm-no~1/7-2017q4/bin/../lib/gcc/arm-none-eabi/7.2.1/../../../../arm-none-eabi/lib/thumb/v6-m\libc_nano.a(lib_a-atol.o)
                0x00007ffe                atol
 *fill*         0x0000800a        0x2 
 .text.__cxa_atexit
                0x0000800c       0x1c c:/users/hp/appdata/local/arduin~1/packages/arduino/tools/arm-no~1/7-2017q4/bin/../lib/gcc/arm-none-eabi/7.2.1/../../../../arm-none-eabi/lib/thumb/v6-m\libc_nano.a(lib_a-cxa_atexit.o)
                0x0000800c                __cxa_atexit
 .text.__libc_init_array
                0x00008028       0x48 c:/users/hp/appdata/local/arduin~1/packages/arduino/tools/arm-no~1/7-2017q4/bin/../lib/gcc/arm-none-eabi/7.2.1/../../../../arm-none-eabi/lib/thumb/v6-m\libc_nano.a(lib_a-init.o)
                0x00008028                __libc_init_array
 .text.__locale_ctype_ptr_l
                0x00008070        0x6 c:/users/hp/appdata/local/arduin~1/packages/arduino/tools/arm-no~1/7-2017q4/bin/../lib/gcc/arm-none-eabi/7.2.1/../../../../arm-none-eabi/lib/thumb/v6-m\libc_nano.a(lib_a-locale.o)
                0x00008070                __locale_ctype_ptr_l
 *fill*         0x00008076        0x2 
 .text.malloc   0x00008078       0x14 c:/users/hp/appdata/local/arduin~1/packages/arduino/tools/arm-no~1/7-2017q4/bin/../lib/gcc/arm-none-eabi/7.2.1/../../../../arm-none-eabi/lib/thumb/v6-m\libc_nano.a(lib_a-malloc.o)
                0x00008078                malloc
 .text.free     0x0000808c       0x14 c:/users/hp/appdata/local/arduin~1/packages/arduino/tools/arm-no~1/7-2017q4/bin/../lib/gcc/arm-none-eabi/7.2.1/../../../../arm-none-eabi/lib/thumb/v6-m\libc_nano.a(lib_a-malloc.o)
                0x0000808c                free
 .text.__ascii_mbtowc
                0x000080a0       0x24 c:/users/hp/appdata/local/arduin~1/packages/arduino/tools/arm-no~1/7-2017q4/bin/../lib/gcc/arm-none-eabi/7.2.1/../../../../arm-none-eabi/lib/thumb/v6-m\libc_nano.a(lib_a-mbtowc_r.o)
                0x000080a0                __ascii_mbtowc
 .text.memcpy   0x000080c4       0x12 c:/users/hp/appdata/local/arduin~1/packages/arduino/tools/arm-no~1/7-2017q4/bin/../lib/gcc/arm-none-eabi/7.2.1/../../../../arm-none-eabi/lib/thumb/v6-m\libc_nano.a(lib_a-memcpy-stub.o)
                0x000080c4                memcpy
 .text.memmove  0x000080d6       0x26 c:/users/hp/appdata/local/arduin~1/packages/arduino/tools/arm-no~1/7-2017q4/bin/../lib/gcc/arm-none-eabi/7.2.1/../../../../arm-none-eabi/lib/thumb/v6-m\libc_nano.a(lib_a-memmove.o)
                0x000080d6                memmove
 .text.memset   0x000080fc       0x10 c:/users/hp/appdata/local/arduin~1/packages/arduino/tools/arm-no~1/7-2017q4/bin/../lib/gcc/arm-none-eabi/7.2.1/../../../../arm-none-eabi/lib/thumb/v6-m\libc_nano.a(lib_a-memset.o)
                0x000080fc                memset
 .text._free_r  0x0000810c       0x94 c:/users/hp/appdata/local/arduin~1/packages/arduino/tools/arm-no~1/7-2017q4/bin/../lib/gcc/arm-none-eabi/7.2.1/../../../../arm-none-eabi/lib/thumb/v6-m\libc_nano.a(lib_a-nano-freer.o)
                0x0000810c                _free_r
 .text._malloc_r
                0x000081a0       0xbc c:/users/hp/appdata/local/arduin~1/packages/arduino/tools/arm-no~1/7-2017q4/bin/../lib/gcc/arm-none-eabi/7.2.1/../../../../arm-none-eabi/lib/thumb/v6-m\libc_nano.a(lib_a-nano-mallocr.o)
                0x000081a0                _malloc_r
 .text.__cvt    0x0000825c       0xc8 c:/users/hp/appdata/local/arduin~1/packages/arduino/tools/arm-no~1/7-2017q4/bin/../lib/gcc/arm-none-eabi/7.2.1/../../../../arm-none-eabi/lib/thumb/v6-m\libc_nano.a(lib_a-nano-vfprintf_float.o)
                0x0000825c                __cvt
 .text.__exponent
                0x00008324       0x70 c:/users/hp/appdata/local/arduin~1/packages/arduino/tools/arm-no~1/7-2017q4/bin/../lib/gcc/arm-none-eabi/7.2.1/../../../../arm-none-eabi/lib/thumb/v6-m\libc_nano.a(lib_a-nano-vfprintf_float.o)
                0x00008324                __exponent
 .text._printf_float
                0x00008394      0x498 c:/users/hp/appdata/local/arduin~1/packages/arduino/tools/arm-no~1/7-2017q4/bin/../lib/gcc/arm-none-eabi/7.2.1/../../../../arm-none-eabi/lib/thumb/v6-m\libc_nano.a(lib_a-nano-vfprintf_float.o)
                0x00008394                _printf_float
 .text._printf_common
                0x0000882c       0xda c:/users/hp/appdata/local/arduin~1/packages/arduino/tools/arm-no~1/7-2017q4/bin/../lib/gcc/arm-none-eabi/7.2.1/../../../../arm-none-eabi/lib/thumb/v6-m\libc_nano.a(lib_a-nano-vfprintf_i.o)
                0x0000882c                _printf_common
 *fill*         0x00008906        0x2 
 .text._printf_i
                0x00008908      0x210 c:/users/hp/appdata/local/arduin~1/packages/arduino/tools/arm-no~1/7-2017q4/bin/../lib/gcc/arm-none-eabi/7.2.1/../../../../arm-none-eabi/lib/thumb/v6-m\libc_nano.a(lib_a-nano-vfprintf_i.o)
                0x00008908                _printf_i
 .text.rand     0x00008b18       0x64 c:/users/hp/appdata/local/arduin~1/packages/arduino/tools/arm-no~1/7-2017q4/bin/../lib/gcc/arm-none-eabi/7.2.1/../../../../arm-none-eabi/lib/thumb/v6-m\libc_nano.a(lib_a-rand.o)
                0x00008b18                rand
 .text.realloc  0x00008b7c       0x14 c:/users/hp/appdata/local/arduin~1/packages/arduino/tools/arm-no~1/7-2017q4/bin/../lib/gcc/arm-none-eabi/7.2.1/../../../../arm-none-eabi/lib/thumb/v6-m\libc_nano.a(lib_a-realloc.o)
                0x00008b7c                realloc
 .text._sbrk_r  0x00008b90       0x24 c:/users/hp/appdata/local/arduin~1/packages/arduino/tools/arm-no~1/7-2017q4/bin/../lib/gcc/arm-none-eabi/7.2.1/../../../../arm-none-eabi/lib/thumb/v6-m\libc_nano.a(lib_a-sbrkr.o)
                0x00008b90                _sbrk_r
 .text.sprintf  0x00008bb4       0x40 c:/users/hp/appdata/local/arduin~1/packages/arduino/tools/arm-no~1/7-2017q4/bin/../lib/gcc/arm-none-eabi/7.2.1/../../../../arm-none-eabi/lib/thumb/v6-m\libc_nano.a(lib_a-sprintf.o)
                0x00008bb4                siprintf
                0x00008bb4                sprintf
 .text.strchr   0x00008bf4       0x1c c:/users/hp/appdata/local/arduin~1/packages/arduino/tools/arm-no~1/7-2017q4/bin/../lib/gcc/arm-none-eabi/7.2.1/../../../../arm-none-eabi/lib/thumb/v6-m\libc_nano.a(lib_a-strchr.o)
                0x00008bf4                strchr
 .text.strcpy   0x00008c10       0x10 c:/users/hp/appdata/local/arduin~1/packages/arduino/tools/arm-no~1/7-2017q4/bin/../lib/gcc/arm-none-eabi/7.2.1/../../../../arm-none-eabi/lib/thumb/v6-m\libc_nano.a(lib_a-strcpy.o)
                0x00008c10                strcpy
 .text          0x00008c20        0xe c:/users/hp/appdata/local/arduin~1/packages/arduino/tools/arm-no~1/7-2017q4/bin/../lib/gcc/arm-none-eabi/7.2.1/../../../../arm-none-eabi/lib/thumb/v6-m\libc_nano.a(lib_a-strlen.o)
                0x00008c20                strlen
 .text.strncmp  0x00008c2e       0x22 c:/users/hp/appdata/local/arduin~1/packages/arduino/tools/arm-no~1/7-2017q4/bin/../lib/gcc/arm-none-eabi/7.2.1/../../../../arm-none-eabi/lib/thumb/v6-m\libc_nano.a(lib_a-strncmp.o)
                0x00008c2e                strncmp
 .text.strncpy  0x00008c50       0x28 c:/users/hp/appdata/local/arduin~1/packages/arduino/tools/arm-no~1/7-2017q4/bin/../lib/gcc/arm-none-eabi/7.2.1/../../../../arm-none-eabi/lib/thumb/v6-m\libc_nano.a(lib_a-strncpy.o)
                0x00008c50                strncpy
 .text.unlikely.sulp
                0x00008c78       0x30 c:/users/hp/appdata/local/arduin~1/packages/arduino/tools/arm-no~1/7-2017q4/bin/../lib/gcc/arm-none-eabi/7.2.1/../../../../arm-none-eabi/lib/thumb/v6-m\libc_nano.a(lib_a-strtod.o)
 .text._strtod_l
                0x00008ca8      0xc50 c:/users/hp/appdata/local/arduin~1/packages/arduino/tools/arm-no~1/7-2017q4/bin/../lib/gcc/arm-none-eabi/7.2.1/../../../../arm-none-eabi/lib/thumb/v6-m\libc_nano.a(lib_a-strtod.o)
                0x00008ca8                _strtod_l
 .text.strtod   0x000098f8       0x24 c:/users/hp/appdata/local/arduin~1/packages/arduino/tools/arm-no~1/7-2017q4/bin/../lib/gcc/arm-none-eabi/7.2.1/../../../../arm-none-eabi/lib/thumb/v6-m\libc_nano.a(lib_a-strtod.o)
                0x000098f8                strtod
 .text._strtol_l.isra.0
                0x0000991c      0x104 c:/users/hp/appdata/local/arduin~1/packages/arduino/tools/arm-no~1/7-2017q4/bin/../lib/gcc/arm-none-eabi/7.2.1/../../../../arm-none-eabi/lib/thumb/v6-m\libc_nano.a(lib_a-strtol.o)
 .text.strtol   0x00009a20       0x28 c:/users/hp/appdata/local/arduin~1/packages/arduino/tools/arm-no~1/7-2017q4/bin/../lib/gcc/arm-none-eabi/7.2.1/../../../../arm-none-eabi/lib/thumb/v6-m\libc_nano.a(lib_a-strtol.o)
                0x00009a20                strtol
 .text.__ascii_wctomb
                0x00009a48       0x18 c:/users/hp/appdata/local/arduin~1/packages/arduino/tools/arm-no~1/7-2017q4/bin/../lib/gcc/arm-none-eabi/7.2.1/../../../../arm-none-eabi/lib/thumb/v6-m\libc_nano.a(lib_a-wctomb_r.o)
                0x00009a48                __ascii_wctomb
 .text.quorem   0x00009a60      0x10c c:/users/hp/appdata/local/arduin~1/packages/arduino/tools/arm-no~1/7-2017q4/bin/../lib/gcc/arm-none-eabi/7.2.1/../../../../arm-none-eabi/lib/thumb/v6-m\libc_nano.a(lib_a-dtoa.o)
 .text._dtoa_r  0x00009b6c      0xbc0 c:/users/hp/appdata/local/arduin~1/packages/arduino/tools/arm-no~1/7-2017q4/bin/../lib/gcc/arm-none-eabi/7.2.1/../../../../arm-none-eabi/lib/thumb/v6-m\libc_nano.a(lib_a-dtoa.o)
                0x00009b6c                _dtoa_r
 .text.rshift   0x0000a72c       0x68 c:/users/hp/appdata/local/arduin~1/packages/arduino/tools/arm-no~1/7-2017q4/bin/../lib/gcc/arm-none-eabi/7.2.1/../../../../arm-none-eabi/lib/thumb/v6-m\libc_nano.a(lib_a-gdtoa-gethex.o)
 .text.__hexdig_fun
                0x0000a794       0x2a c:/users/hp/appdata/local/arduin~1/packages/arduino/tools/arm-no~1/7-2017q4/bin/../lib/gcc/arm-none-eabi/7.2.1/../../../../arm-none-eabi/lib/thumb/v6-m\libc_nano.a(lib_a-gdtoa-gethex.o)
                0x0000a794                __hexdig_fun
 .text.__gethex
                0x0000a7be      0x456 c:/users/hp/appdata/local/arduin~1/packages/arduino/tools/arm-no~1/7-2017q4/bin/../lib/gcc/arm-none-eabi/7.2.1/../../../../arm-none-eabi/lib/thumb/v6-m\libc_nano.a(lib_a-gdtoa-gethex.o)
                0x0000a7be                __gethex
 .text.L_shift  0x0000ac14       0x24 c:/users/hp/appdata/local/arduin~1/packages/arduino/tools/arm-no~1/7-2017q4/bin/../lib/gcc/arm-none-eabi/7.2.1/../../../../arm-none-eabi/lib/thumb/v6-m\libc_nano.a(lib_a-gdtoa-hexnan.o)
 .text.__match  0x0000ac38       0x28 c:/users/hp/appdata/local/arduin~1/packages/arduino/tools/arm-no~1/7-2017q4/bin/../lib/gcc/arm-none-eabi/7.2.1/../../../../arm-none-eabi/lib/thumb/v6-m\libc_nano.a(lib_a-gdtoa-hexnan.o)
                0x0000ac38                __match
 .text.__hexnan
                0x0000ac60      0x12e c:/users/hp/appdata/local/arduin~1/packages/arduino/tools/arm-no~1/7-2017q4/bin/../lib/gcc/arm-none-eabi/7.2.1/../../../../arm-none-eabi/lib/thumb/v6-m\libc_nano.a(lib_a-gdtoa-hexnan.o)
                0x0000ac60                __hexnan
 .text.__localeconv_l
                0x0000ad8e        0x4 c:/users/hp/appdata/local/arduin~1/packages/arduino/tools/arm-no~1/7-2017q4/bin/../lib/gcc/arm-none-eabi/7.2.1/../../../../arm-none-eabi/lib/thumb/v6-m\libc_nano.a(lib_a-localeconv.o)
                0x0000ad8e                __localeconv_l
 *fill*         0x0000ad92        0x2 
 .text._localeconv_r
                0x0000ad94       0x18 c:/users/hp/appdata/local/arduin~1/packages/arduino/tools/arm-no~1/7-2017q4/bin/../lib/gcc/arm-none-eabi/7.2.1/../../../../arm-none-eabi/lib/thumb/v6-m\libc_nano.a(lib_a-localeconv.o)
                0x0000ad94                _localeconv_r
 .text.memchr   0x0000adac       0x16 c:/users/hp/appdata/local/arduin~1/packages/arduino/tools/arm-no~1/7-2017q4/bin/../lib/gcc/arm-none-eabi/7.2.1/../../../../arm-none-eabi/lib/thumb/v6-m\libc_nano.a(lib_a-memchr-stub.o)
                0x0000adac                memchr
 .text.__malloc_lock
                0x0000adc2        0x2 c:/users/hp/appdata/local/arduin~1/packages/arduino/tools/arm-no~1/7-2017q4/bin/../lib/gcc/arm-none-eabi/7.2.1/../../../../arm-none-eabi/lib/thumb/v6-m\libc_nano.a(lib_a-mlock.o)
                0x0000adc2                __malloc_lock
 .text.__malloc_unlock
                0x0000adc4        0x2 c:/users/hp/appdata/local/arduin~1/packages/arduino/tools/arm-no~1/7-2017q4/bin/../lib/gcc/arm-none-eabi/7.2.1/../../../../arm-none-eabi/lib/thumb/v6-m\libc_nano.a(lib_a-mlock.o)
                0x0000adc4                __malloc_unlock
 .text._Balloc  0x0000adc6       0x70 c:/users/hp/appdata/local/arduin~1/packages/arduino/tools/arm-no~1/7-2017q4/bin/../lib/gcc/arm-none-eabi/7.2.1/../../../../arm-none-eabi/lib/thumb/v6-m\libc_nano.a(lib_a-mprec.o)
                0x0000adc6                _Balloc
 .text._Bfree   0x0000ae36       0x32 c:/users/hp/appdata/local/arduin~1/packages/arduino/tools/arm-no~1/7-2017q4/bin/../lib/gcc/arm-none-eabi/7.2.1/../../../../arm-none-eabi/lib/thumb/v6-m\libc_nano.a(lib_a-mprec.o)
                0x0000ae36                _Bfree
 .text.__multadd
                0x0000ae68       0x7c c:/users/hp/appdata/local/arduin~1/packages/arduino/tools/arm-no~1/7-2017q4/bin/../lib/gcc/arm-none-eabi/7.2.1/../../../../arm-none-eabi/lib/thumb/v6-m\libc_nano.a(lib_a-mprec.o)
                0x0000ae68                __multadd
 .text.__s2b    0x0000aee4       0x7c c:/users/hp/appdata/local/arduin~1/packages/arduino/tools/arm-no~1/7-2017q4/bin/../lib/gcc/arm-none-eabi/7.2.1/../../../../arm-none-eabi/lib/thumb/v6-m\libc_nano.a(lib_a-mprec.o)
                0x0000aee4                __s2b
 .text.__hi0bits
                0x0000af60       0x34 c:/users/hp/appdata/local/arduin~1/packages/arduino/tools/arm-no~1/7-2017q4/bin/../lib/gcc/arm-none-eabi/7.2.1/../../../../arm-none-eabi/lib/thumb/v6-m\libc_nano.a(lib_a-mprec.o)
                0x0000af60                __hi0bits
 .text.__lo0bits
                0x0000af94       0x5e c:/users/hp/appdata/local/arduin~1/packages/arduino/tools/arm-no~1/7-2017q4/bin/../lib/gcc/arm-none-eabi/7.2.1/../../../../arm-none-eabi/lib/thumb/v6-m\libc_nano.a(lib_a-mprec.o)
                0x0000af94                __lo0bits
 .text.__i2b    0x0000aff2       0x12 c:/users/hp/appdata/local/arduin~1/packages/arduino/tools/arm-no~1/7-2017q4/bin/../lib/gcc/arm-none-eabi/7.2.1/../../../../arm-none-eabi/lib/thumb/v6-m\libc_nano.a(lib_a-mprec.o)
                0x0000aff2                __i2b
 .text.__multiply
                0x0000b004      0x11e c:/users/hp/appdata/local/arduin~1/packages/arduino/tools/arm-no~1/7-2017q4/bin/../lib/gcc/arm-none-eabi/7.2.1/../../../../arm-none-eabi/lib/thumb/v6-m\libc_nano.a(lib_a-mprec.o)
                0x0000b004                __multiply
 *fill*         0x0000b122        0x2 
 .text.__pow5mult
                0x0000b124       0xa4 c:/users/hp/appdata/local/arduin~1/packages/arduino/tools/arm-no~1/7-2017q4/bin/../lib/gcc/arm-none-eabi/7.2.1/../../../../arm-none-eabi/lib/thumb/v6-m\libc_nano.a(lib_a-mprec.o)
                0x0000b124                __pow5mult
 .text.__lshift
                0x0000b1c8       0xa4 c:/users/hp/appdata/local/arduin~1/packages/arduino/tools/arm-no~1/7-2017q4/bin/../lib/gcc/arm-none-eabi/7.2.1/../../../../arm-none-eabi/lib/thumb/v6-m\libc_nano.a(lib_a-mprec.o)
                0x0000b1c8                __lshift
 .text.__mcmp   0x0000b26c       0x34 c:/users/hp/appdata/local/arduin~1/packages/arduino/tools/arm-no~1/7-2017q4/bin/../lib/gcc/arm-none-eabi/7.2.1/../../../../arm-none-eabi/lib/thumb/v6-m\libc_nano.a(lib_a-mprec.o)
                0x0000b26c                __mcmp
 .text.__mdiff  0x0000b2a0       0xc8 c:/users/hp/appdata/local/arduin~1/packages/arduino/tools/arm-no~1/7-2017q4/bin/../lib/gcc/arm-none-eabi/7.2.1/../../../../arm-none-eabi/lib/thumb/v6-m\libc_nano.a(lib_a-mprec.o)
                0x0000b2a0                __mdiff
 .text.__ulp    0x0000b368       0x4c c:/users/hp/appdata/local/arduin~1/packages/arduino/tools/arm-no~1/7-2017q4/bin/../lib/gcc/arm-none-eabi/7.2.1/../../../../arm-none-eabi/lib/thumb/v6-m\libc_nano.a(lib_a-mprec.o)
                0x0000b368                __ulp
 .text.__b2d    0x0000b3b4       0x98 c:/users/hp/appdata/local/arduin~1/packages/arduino/tools/arm-no~1/7-2017q4/bin/../lib/gcc/arm-none-eabi/7.2.1/../../../../arm-none-eabi/lib/thumb/v6-m\libc_nano.a(lib_a-mprec.o)
                0x0000b3b4                __b2d
 .text.__d2b    0x0000b44c       0xa8 c:/users/hp/appdata/local/arduin~1/packages/arduino/tools/arm-no~1/7-2017q4/bin/../lib/gcc/arm-none-eabi/7.2.1/../../../../arm-none-eabi/lib/thumb/v6-m\libc_nano.a(lib_a-mprec.o)
                0x0000b44c                __d2b
 .text.__ratio  0x0000b4f4       0x4e c:/users/hp/appdata/local/arduin~1/packages/arduino/tools/arm-no~1/7-2017q4/bin/../lib/gcc/arm-none-eabi/7.2.1/../../../../arm-none-eabi/lib/thumb/v6-m\libc_nano.a(lib_a-mprec.o)
                0x0000b4f4                __ratio
 .text.__copybits
                0x0000b542       0x2c c:/users/hp/appdata/local/arduin~1/packages/arduino/tools/arm-no~1/7-2017q4/bin/../lib/gcc/arm-none-eabi/7.2.1/../../../../arm-none-eabi/lib/thumb/v6-m\libc_nano.a(lib_a-mprec.o)
                0x0000b542                __copybits
 .text.__any_on
                0x0000b56e       0x44 c:/users/hp/appdata/local/arduin~1/packages/arduino/tools/arm-no~1/7-2017q4/bin/../lib/gcc/arm-none-eabi/7.2.1/../../../../arm-none-eabi/lib/thumb/v6-m\libc_nano.a(lib_a-mprec.o)
                0x0000b56e                __any_on
 .text._calloc_r
                0x0000b5b2       0x1c c:/users/hp/appdata/local/arduin~1/packages/arduino/tools/arm-no~1/7-2017q4/bin/../lib/gcc/arm-none-eabi/7.2.1/../../../../arm-none-eabi/lib/thumb/v6-m\libc_nano.a(lib_a-nano-callocr.o)
                0x0000b5b2                _calloc_r
 .text._realloc_r
                0x0000b5ce       0x4c c:/users/hp/appdata/local/arduin~1/packages/arduino/tools/arm-no~1/7-2017q4/bin/../lib/gcc/arm-none-eabi/7.2.1/../../../../arm-none-eabi/lib/thumb/v6-m\libc_nano.a(lib_a-nano-reallocr.o)
                0x0000b5ce                _realloc_r
 *fill*         0x0000b61a        0x2 
 .text.__ssputs_r
                0x0000b61c       0xc4 c:/users/hp/appdata/local/arduin~1/packages/arduino/tools/arm-no~1/7-2017q4/bin/../lib/gcc/arm-none-eabi/7.2.1/../../../../arm-none-eabi/lib/thumb/v6-m\libc_nano.a(lib_a-nano-svfprintf.o)
                0x0000b61c                __ssputs_r
 .text._svfprintf_r
                0x0000b6e0      0x1fc c:/users/hp/appdata/local/arduin~1/packages/arduino/tools/arm-no~1/7-2017q4/bin/../lib/gcc/arm-none-eabi/7.2.1/../../../../arm-none-eabi/lib/thumb/v6-m\libc_nano.a(lib_a-nano-svfprintf.o)
                0x0000b6e0                _svfiprintf_r
                0x0000b6e0                _svfprintf_r
 .text._malloc_usable_size_r
                0x0000b8dc       0x10 c:/users/hp/appdata/local/arduin~1/packages/arduino/tools/arm-no~1/7-2017q4/bin/../lib/gcc/arm-none-eabi/7.2.1/../../../../arm-none-eabi/lib/thumb/v6-m\libc_nano.a(lib_a-nano-msizer.o)
                0x0000b8dc                _malloc_usable_size_r
 .text          0x0000b8ec       0x54 c:/users/hp/appdata/local/arduin~1/packages/arduino/tools/arm-no~1/7-2017q4/bin/../lib/gcc/arm-none-eabi/7.2.1/thumb/v6-m\libgcc.a(_muldi3.o)
                0x0000b8ec                __muldi3
                0x0000b8ec                __aeabi_lmul
 .text._sbrk    0x0000b940       0x1c c:/users/hp/appdata/local/arduin~1/packages/arduino/tools/arm-no~1/7-2017q4/bin/../lib/gcc/arm-none-eabi/7.2.1/../../../../arm-none-eabi/lib/thumb/v6-m\libnosys.a(sbrk.o)
                0x0000b940                _sbrk
 *(.init)
 .init          0x0000b95c        0x4 c:/users/hp/appdata/local/arduin~1/packages/arduino/tools/arm-no~1/7-2017q4/bin/../lib/gcc/arm-none-eabi/7.2.1/thumb/v6-m/crti.o
                0x0000b95c                _init
 .init          0x0000b960        0x8 c:/users/hp/appdata/local/arduin~1/packages/arduino/tools/arm-no~1/7-2017q4/bin/../lib/gcc/arm-none-eabi/7.2.1/thumb/v6-m/crtn.o
 *(.fini)
 .fini          0x0000b968        0x4 c:/users/hp/appdata/local/arduin~1/packages/arduino/tools/arm-no~1/7-2017q4/bin/../lib/gcc/arm-none-eabi/7.2.1/thumb/v6-m/crti.o
                0x0000b968                _fini
 .fini          0x0000b96c        0x8 c:/users/hp/appdata/local/arduin~1/packages/arduino/tools/arm-no~1/7-2017q4/bin/../lib/gcc/arm-none-eabi/7.2.1/thumb/v6-m/crtn.o
 *crtbegin.o(.ctors)
 *crtbegin?.o(.ctors)
 *(EXCLUDE_FILE(*crtend.o *crtend?.o) .ctors)
 *(SORT_BY_NAME(.ctors.*))
 *(.ctors)
 *crtbegin.o(.dtors)
 *crtbegin?.o(.dtors)
 *(EXCLUDE_FILE(*crtend.o *crtend?.o) .dtors)
 *(SORT_BY_NAME(.dtors.*))
 *(.dtors)
 *(.rodata*)
 *fill*         0x0000b974        0x4 
 .rodata        0x0000b978       0xa0 C:\Users\hp\AppData\Local\Temp\VMBuilds\memory_w25q32jv_development\mkr1000\Debug\memory_w25q32jv_development.cpp.o
 .rodata._Z15array_to_stringPdidc.str1.1
                0x0000ba18        0x0 C:\Users\hp\AppData\Local\Temp\VMBuilds\memory_w25q32jv_development\mkr1000\Debug\memory_w25q32jv_development.cpp.o
                                  0x1 (size before relaxing)
 .rodata._Z26print_all_arrays_in_memoryP8SPIFlashiiciP10LinkedListImES3_.str1.1
                0x0000ba18       0x23 C:\Users\hp\AppData\Local\Temp\VMBuilds\memory_w25q32jv_development\mkr1000\Debug\memory_w25q32jv_development.cpp.o
                                 0x26 (size before relaxing)
 .rodata.setup.str1.1
                0x0000ba3b       0x19 C:\Users\hp\AppData\Local\Temp\VMBuilds\memory_w25q32jv_development\mkr1000\Debug\memory_w25q32jv_development.cpp.o
                                 0x1b (size before relaxing)
 .rodata._ZN11Diagnostics12troubleshootEhb.str1.1
                0x0000ba54      0x53d C:\Users\hp\AppData\Local\Temp\VMBuilds\memory_w25q32jv_development\mkr1000\Debug\SPIMemory\diagnostics.cpp.o
 .rodata._ZN11Diagnostics17_printSupportLinkEv.str1.1
                0x0000bf91       0xbd C:\Users\hp\AppData\Local\Temp\VMBuilds\memory_w25q32jv_development\mkr1000\Debug\SPIMemory\diagnostics.cpp.o
 *fill*         0x0000c04e        0x2 
 .rodata        0x0000c050       0x68 C:\Users\hp\AppData\Local\Temp\VMBuilds\memory_w25q32jv_development\mkr1000\Debug\SPIMemory\SPIFlash.cpp.o
 .rodata.g_APinDescription
                0x0000c0b8      0x360 C:\Users\hp\AppData\Local\Temp\VMBCore\arduino16x\b134bebc6982d6b2989adcccb7b06d2f\variant\variant.cpp.o
                0x0000c0b8                g_APinDescription
 .rodata._ZN5Print10printFloatEdh.str1.1
                0x0000c418        0xc C:\Users\hp\AppData\Local\Temp\VMBuilds\MEMORY~1\mkr1000\Debug/core.a(Print.cpp.o)
 .rodata._ZN5Print7printlnEv.str1.1
                0x0000c424        0x3 C:\Users\hp\AppData\Local\Temp\VMBuilds\MEMORY~1\mkr1000\Debug/core.a(Print.cpp.o)
 *fill*         0x0000c427        0x1 
 .rodata._ZTV4Uart
                0x0000c428       0x34 C:\Users\hp\AppData\Local\Temp\VMBuilds\MEMORY~1\mkr1000\Debug/core.a(Uart.cpp.o)
                0x0000c428                vtable for Uart
 .rodata._ZNK6String9substringEjj.str1.1
                0x0000c45c        0x1 C:\Users\hp\AppData\Local\Temp\VMBuilds\MEMORY~1\mkr1000\Debug/core.a(WString.cpp.o)
 .rodata._ZTV7Serial_
                0x0000c45c       0x58 C:\Users\hp\AppData\Local\Temp\VMBuilds\MEMORY~1\mkr1000\Debug/core.a(CDC.cpp.o)